Archive member included because of file (symbol)

../../../../../../nxtOSEK/ecrobot/../ecrobot/libecrobot.a(ecrobot_device_hook.o)
                              build/ecrobot.o (ecrobot_device_initialize)
../../../../../../nxtOSEK/ecrobot/../ecrobot/libecrobot.a(ecrobot_interface.o)
                              build/drive.o (ecrobot_set_motor_speed)
../../../../../../nxtOSEK/ecrobot/../ecrobot/libecrobot.a(colorsensor.o)
                              ../../../../../../nxtOSEK/ecrobot/../ecrobot/libecrobot.a(ecrobot_interface.o) (colorsensor_init)
../../../../../../nxtOSEK/ecrobot/../ecrobot/libecrobot.a(osek_hook.o)
                              build/kernel/osctl.o (StartupHook)
../../../../../../nxtOSEK/ecrobot/../ecrobot/libecrobot.a(uart.oram)
                              build/config/at91sam7s-gnu/irq.oram (uart_isr_C_0)
../../../../../../nxtOSEK/ecrobot/../ecrobot/libecrobot.a(systick.oram)
                              build/syslib/at91sam7s-gnu/lego_nxt/hw_sys_timer.oram (systick_low_priority_C)
../../../../../../nxtOSEK/ecrobot/../ecrobot/libecrobot.a(byte_fifo.oram)
                              ../../../../../../nxtOSEK/ecrobot/../ecrobot/libecrobot.a(uart.oram) (byte_fifo_put)
../../../../../../nxtOSEK/ecrobot/../ecrobot/libecrobot.a(aic.oram)
                              ../../../../../../nxtOSEK/ecrobot/../ecrobot/libecrobot.a(uart.oram) (aic_set_vector)
../../../../../../nxtOSEK/ecrobot/../ecrobot/libecrobot.a(udp.oram)
                              build/config/at91sam7s-gnu/irq.oram (udp_isr_C)
../../../../../../nxtOSEK/ecrobot/../ecrobot/libecrobot.a(twi.oram)
                              build/config/at91sam7s-gnu/irq.oram (twi_isr_C)
../../../../../../nxtOSEK/ecrobot/../ecrobot/libecrobot.a(nxt_spi.oram)
                              build/config/at91sam7s-gnu/irq.oram (spi_isr_C)
../../../../../../nxtOSEK/ecrobot/../ecrobot/libecrobot.a(nxt_motors.oram)
                              ../../../../../../nxtOSEK/ecrobot/../ecrobot/libecrobot.a(ecrobot_interface.o) (nxt_motor_get_count)
../../../../../../nxtOSEK/ecrobot/../ecrobot/libecrobot.a(data_abort.oram)
                              build/ecrobot_init.o (data_abort_C)
../../../../../../nxtOSEK/ecrobot/../ecrobot/libecrobot.a(display.oram)
                              build/ecrobot_base.o (display_update)
../../../../../../nxtOSEK/ecrobot/../ecrobot/libecrobot.a(i2c.oram)
                              build/config/at91sam7s-gnu/irq.oram (i2c_timer_isr_C)
../../../../../../nxtOSEK/ecrobot/../ecrobot/libecrobot.a(sound.oram)
                              ../../../../../../nxtOSEK/ecrobot/../ecrobot/libecrobot.a(ecrobot_interface.o) (sound_get_time)
../../../../../../nxtOSEK/ecrobot/../ecrobot/libecrobot.a(bt.oram)
                              build/ecrobot_bluetooth.o (bt_send)
../../../../../../nxtOSEK/ecrobot/../ecrobot/libecrobot.a(nxt_avr.oram)
                              build/ecrobot_base.o (nxt_avr_power_down)
../../../../../../nxtOSEK/ecrobot/../ecrobot/libecrobot.a(sensors.oram)
                              ../../../../../../nxtOSEK/ecrobot/../ecrobot/libecrobot.a(ecrobot_interface.o) (unset_digi0)
../../../../../../nxtOSEK/ecrobot/../ecrobot/libecrobot.a(sensors1.oram)
                              ../../../../../../nxtOSEK/ecrobot/../ecrobot/libecrobot.a(colorsensor.o) (sensor_pins)
../../../../../../nxtOSEK/ecrobot/../ecrobot/libecrobot.a(nxt_lcd.oram)
                              ../../../../../../nxtOSEK/ecrobot/../ecrobot/libecrobot.a(display.oram) (nxt_lcd_force_update)
../../../../../../nxtOSEK/ecrobot/../ecrobot/libecrobot.a(flash_loader.oram)
                              build/ecrobot.o (set_flash_request)
../../../../../../nxtOSEK/ecrobot/../ecrobot/libecrobot.a(interrupts.oram)
                              ../../../../../../nxtOSEK/ecrobot/../ecrobot/libecrobot.a(uart.oram) (interrupts_get_and_disable)
../../../../../../nxtOSEK/ecrobot/../ecrobot/libecrobot.a(nxtosek_splash.obmp)
                              build/ecrobot_base.o (nxtosek_splash_bmp_start)
../../../../../../nxtOSEK/ecrobot/../ecrobot/libecrobot.a(ecrobot_usb.o)
                              ../../../../../../nxtOSEK/ecrobot/../ecrobot/libecrobot.a(flash_loader.oram) (ecrobot_init_usb)
../../../../../../nxtOSEK/ecrobot/../ecrobot/libecrobot.a(flashprog.oram)
                              ../../../../../../nxtOSEK/ecrobot/../ecrobot/libecrobot.a(flash_loader.oram) (flash_write_page)
/cygdrive/C/cygwin/GNUARM/bin/../lib/gcc/arm-elf/4.0.2/thumb/interwork/libgcc.a(_udivsi3.o)
                              build/ecrobot_base.o (__udivsi3)
/cygdrive/C/cygwin/GNUARM/bin/../lib/gcc/arm-elf/4.0.2/thumb/interwork/libgcc.a(_divsi3.o)
                              ../../../../../../nxtOSEK/ecrobot/../ecrobot/libecrobot.a(uart.oram) (__divsi3)
/cygdrive/C/cygwin/GNUARM/bin/../lib/gcc/arm-elf/4.0.2/thumb/interwork/libgcc.a(_umodsi3.o)
                              ../../../../../../nxtOSEK/ecrobot/../ecrobot/libecrobot.a(display.oram) (__umodsi3)
[...]
Memory Configuration

Name             Origin             Length             Attributes
rom              0x00108000         0x00038000
vector_ram       0x00200000         0x00000040
ram              0x00200040         0x0000ffc0
*default*        0x00000000         0xffffffff

Linker script and memory map

LOAD build/kernel/alarm.o
LOAD build/kernel/event.o
LOAD build/kernel/interrupt.o
LOAD build/kernel/osctl.o
LOAD build/kernel/resource.o
LOAD build/kernel/task.o
LOAD build/kernel/task_manage.o
LOAD build/config/at91sam7s-gnu/cpu_config.o
LOAD build/config/at91sam7s-gnu/lego_nxt/sys_config.o
LOAD build/./kernel_cfg.o
LOAD build/syscalls.o
LOAD build/ecrobot_bluetooth.o
LOAD build/ecrobot_base.o
LOAD build/ecrobot.o
LOAD build/drive.o
LOAD build/syslib/at91sam7s-gnu/lego_nxt/hw_sys_timer.oram
LOAD build/nxtvm/platform/nxt/vectors.o
LOAD build/config/at91sam7s-gnu/debug.o
LOAD build/config/at91sam7s-gnu/lego_nxt/sys_support.o
LOAD build/nxt_binary_header.o
LOAD build/nxt_entry_point.o
LOAD build/ecrobot_init.o
LOAD build/config/at91sam7s-gnu/cpu_support.oram
LOAD build/config/at91sam7s-gnu/irq.oram
LOAD ../../../../../../nxtOSEK/ecrobot/../c++/liblejososek.a
LOAD ../../../../../../nxtOSEK/ecrobot/../ecrobot/libecrobot.a
LOAD /cygdrive/C/cygwin/GNUARM/bin/../lib/gcc/arm-elf/4.0.2/../../../../arm-elf/lib/thumb/interwork/libstdc++.a
LOAD /cygdrive/C/cygwin/GNUARM/bin/../lib/gcc/arm-elf/4.0.2/../../../../arm-elf/lib/thumb/interwork/libm.a
LOAD /cygdrive/C/cygwin/GNUARM/bin/../lib/gcc/arm-elf/4.0.2/thumb/interwork/libgcc.a
LOAD /cygdrive/C/cygwin/GNUARM/bin/../lib/gcc/arm-elf/4.0.2/../../../../arm-elf/lib/thumb/interwork/libc.a
LOAD /cygdrive/C/cygwin/GNUARM/bin/../lib/gcc/arm-elf/4.0.2/thumb/interwork/libgcc.a
                0x00108000                ROM_BASE = 0x108000
                0x00038000                ROM_SIZE = 0x38000
                0x00200000                RAM_BASE = 0x200000
                0x00010000                RAM_SIZE = 0x10000

.vectors        0x00200000       0x40 load address 0x00108000
 vectors.o(*.text *.text.*)
 .text          0x00200000       0x38 build/nxtvm/platform/nxt/vectors.o
                0x00200040                . = ALIGN (0x10)
 *fill*         0x00200038        0x8 00
                0x00200000                __vectors_ram_start__ = ADDR (.vectors)
                0x00200040                __vectors_ram_end__ = (ADDR (.vectors) + SIZEOF (.vectors))
                0x00108000                __vectors_load_start__ = LOADADDR (.vectors)
                0x00108040                __vectors_load_end__ = (LOADADDR (.vectors) + SIZEOF (.vectors))

.init           0x00108040      0x280
 *ecrobot_init.o(*.text *.text.*)
 .text          0x00108040      0x280 build/ecrobot_init.o
                0x001081ac                undef_handler
                0x001081b4                prefetch_abort_handler
                0x001081b8                data_abort_handler
                0x001081b0                swi_handler
                0x00108040                start
                0x001081d4                reserved_handler
                0x001082c0                . = ALIGN (0x10)

.ram_text       0x00200040     0x2f70 load address 0x001082c0
                0x00200040                . = ALIGN (0x10)
 *.oram(*.text *.text.* *.glue*)
 .text.systick_isr_C1
                0x00200040       0x28 build/syslib/at91sam7s-gnu/lego_nxt/hw_sys_timer.oram
                0x00200040                systick_isr_C1
 *fill*         0x00200068        0x8 00
 .text          0x00200070      0x230 build/config/at91sam7s-gnu/cpu_support.oram
                0x00200250                enable_int
                0x002000f0                start_dispatch
                0x002000b0                activate_r
                0x00200248                disable_int
                0x00200070                dispatch
                0x0020021c                int_return
                0x002001ac                _interrupt
                0x002000e0                exit_and_dispatch
                0x00200258                nop
 .text          0x002002a0      0x2c0 build/config/at91sam7s-gnu/irq.oram
                0x002002a0                default_isr
                0x0020042c                uart_isr_entry_0
                0x002003ac                twi_isr_entry
                0x0020046c                uart_isr_entry_1
                0x0020036c                spi_isr_entry
                0x002002ec                systick_low_priority_entry
                0x002004ac                nxt_motor_isr_entry
                0x002004ec                i2c_timer_isr_entry
                0x002002a0                default_fiq
                0x002002a4                systick_isr_entry
                0x002002a0                spurious_isr
                0x002003ec                sound_isr_entry
                0x0020032c                udp_isr_entry
 .text.uart_process_isr
                0x00200560       0x88 ../../../../../../nxtOSEK/ecrobot/../ecrobot/libecrobot.a(uart.oram)
 .text.uart_isr_C_0
                0x002005e8        0xc ../../../../../../nxtOSEK/ecrobot/../ecrobot/libecrobot.a(uart.oram)
                0x002005e8                uart_isr_C_0
 .text.uart_isr_C_1
                0x002005f4        0xc ../../../../../../nxtOSEK/ecrobot/../ecrobot/libecrobot.a(uart.oram)
                0x002005f4                uart_isr_C_1
 .text.systick_low_priority_C
                0x00200600       0x1c ../../../../../../nxtOSEK/ecrobot/../ecrobot/libecrobot.a(systick.oram)
                0x00200600                systick_low_priority_C
 .text.systick_isr_C
                0x0020061c       0x24 ../../../../../../nxtOSEK/ecrobot/../ecrobot/libecrobot.a(systick.oram)
                0x0020061c                systick_isr_C
 .text.systick_get_ms
                0x00200640        0xc ../../../../../../nxtOSEK/ecrobot/../ecrobot/libecrobot.a(systick.oram)
                0x00200640                systick_get_ms
 .text.systick_wait_ms
                0x0020064c       0x1c ../../../../../../nxtOSEK/ecrobot/../ecrobot/libecrobot.a(systick.oram)
                0x0020064c                systick_wait_ms
 .text.systick_wait_ns
                0x00200668       0x1c ../../../../../../nxtOSEK/ecrobot/../ecrobot/libecrobot.a(systick.oram)
                0x00200668                systick_wait_ns
 .text.systick_init
                0x00200684       0x58 ../../../../../../nxtOSEK/ecrobot/../ecrobot/libecrobot.a(systick.oram)
                0x00200684                systick_init
 .text.systick_suspend
                0x002006dc        0xc ../../../../../../nxtOSEK/ecrobot/../ecrobot/libecrobot.a(systick.oram)
                0x002006dc                systick_suspend
 .text.systick_resume
                0x002006e8        0xc ../../../../../../nxtOSEK/ecrobot/../ecrobot/libecrobot.a(systick.oram)
                0x002006e8                systick_resume
 .text.byte_fifo_put
                0x002006f4       0x58 ../../../../../../nxtOSEK/ecrobot/../ecrobot/libecrobot.a(byte_fifo.oram)
                0x002006f4                byte_fifo_put
 .text.byte_fifo_get
                0x0020074c       0x2c ../../../../../../nxtOSEK/ecrobot/../ecrobot/libecrobot.a(byte_fifo.oram)
                0x0020074c                byte_fifo_get
 .text.aic_initialise
                0x00200778       0x5c ../../../../../../nxtOSEK/ecrobot/../ecrobot/libecrobot.a(aic.oram)
                0x00200778                aic_initialise
 .text.aic_set_vector
                0x002007d4       0x30 ../../../../../../nxtOSEK/ecrobot/../ecrobot/libecrobot.a(aic.oram)
                0x002007d4                aic_set_vector
 .text.aic_mask_on
                0x00200804       0x24 ../../../../../../nxtOSEK/ecrobot/../ecrobot/libecrobot.a(aic.oram)
                0x00200804                aic_mask_on
 .text.aic_mask_off
                0x00200828       0x24 ../../../../../../nxtOSEK/ecrobot/../ecrobot/libecrobot.a(aic.oram)
                0x00200828                aic_mask_off
 .text.aic_clear
                0x0020084c       0x24 ../../../../../../nxtOSEK/ecrobot/../ecrobot/libecrobot.a(aic.oram)
                0x0020084c                aic_clear
 .text.reset    0x00200870       0x4c ../../../../../../nxtOSEK/ecrobot/../ecrobot/libecrobot.a(udp.oram)
 .text.udp_send_null
                0x002008bc       0x2c ../../../../../../nxtOSEK/ecrobot/../ecrobot/libecrobot.a(udp.oram)
 .text.udp_send_stall
                0x002008e8       0x2c ../../../../../../nxtOSEK/ecrobot/../ecrobot/libecrobot.a(udp.oram)
 .text.udp_send_control
                0x00200914       0x60 ../../../../../../nxtOSEK/ecrobot/../ecrobot/libecrobot.a(udp.oram)
 .text.udp_isr_C
                0x00200974      0x7d0 ../../../../../../nxtOSEK/ecrobot/../ecrobot/libecrobot.a(udp.oram)
                0x00200974                udp_isr_C
 .text.twi_status
                0x00201144       0x20 ../../../../../../nxtOSEK/ecrobot/../ecrobot/libecrobot.a(twi.oram)
                0x00201144                twi_status
 .text.twi_isr_C
                0x00201164       0xc4 ../../../../../../nxtOSEK/ecrobot/../ecrobot/libecrobot.a(twi.oram)
                0x00201164                twi_isr_C
 .text.twi_reset
                0x00201228       0xb4 ../../../../../../nxtOSEK/ecrobot/../ecrobot/libecrobot.a(twi.oram)
                0x00201228                twi_reset
 .text.twi_init
                0x002012dc       0x4c ../../../../../../nxtOSEK/ecrobot/../ecrobot/libecrobot.a(twi.oram)
                0x002012dc                twi_init
 .text.twi_start_read
                0x00201328       0x60 ../../../../../../nxtOSEK/ecrobot/../ecrobot/libecrobot.a(twi.oram)
                0x00201328                twi_start_read
 .text.twi_start_write
                0x00201388       0x64 ../../../../../../nxtOSEK/ecrobot/../ecrobot/libecrobot.a(twi.oram)
                0x00201388                twi_start_write
 .text.spi_set_mode
                0x002013ec       0x40 ../../../../../../nxtOSEK/ecrobot/../ecrobot/libecrobot.a(nxt_spi.oram)
 .text.spi_isr_C
                0x0020142c       0x8c ../../../../../../nxtOSEK/ecrobot/../ecrobot/libecrobot.a(nxt_spi.oram)
                0x0020142c                spi_isr_C
 .text.nxt_spi_init
                0x002014b8      0x12c ../../../../../../nxtOSEK/ecrobot/../ecrobot/libecrobot.a(nxt_spi.oram)
                0x002014b8                nxt_spi_init
 .text.nxt_spi_write
                0x002015e4       0x44 ../../../../../../nxtOSEK/ecrobot/../ecrobot/libecrobot.a(nxt_spi.oram)
                0x002015e4                nxt_spi_write
 .text.nxt_spi_set_display
                0x00201628       0x10 ../../../../../../nxtOSEK/ecrobot/../ecrobot/libecrobot.a(nxt_spi.oram)
                0x00201628                nxt_spi_set_display
 .text.nxt_spi_refresh
                0x00201638       0x24 ../../../../../../nxtOSEK/ecrobot/../ecrobot/libecrobot.a(nxt_spi.oram)
                0x00201638                nxt_spi_refresh
 .text.nxt_motor_set_count
                0x0020165c       0x10 ../../../../../../nxtOSEK/ecrobot/../ecrobot/libecrobot.a(nxt_motors.oram)
                0x0020165c                nxt_motor_set_count
 .text.nxt_motor_set_speed
                0x0020166c       0x34 ../../../../../../nxtOSEK/ecrobot/../ecrobot/libecrobot.a(nxt_motors.oram)
                0x0020166c                nxt_motor_set_speed
 .text.nxt_motor_1kHz_process
                0x002016a0       0x28 ../../../../../../nxtOSEK/ecrobot/../ecrobot/libecrobot.a(nxt_motors.oram)
                0x002016a0                nxt_motor_1kHz_process
 .text.nxt_motor_quad_decode
                0x002016c8       0x30 ../../../../../../nxtOSEK/ecrobot/../ecrobot/libecrobot.a(nxt_motors.oram)
                0x002016c8                nxt_motor_quad_decode
 .text.nxt_motor_isr_C
                0x002016f8       0x88 ../../../../../../nxtOSEK/ecrobot/../ecrobot/libecrobot.a(nxt_motors.oram)
                0x002016f8                nxt_motor_isr_C
 .text.nxt_motor_init
                0x00201780       0x68 ../../../../../../nxtOSEK/ecrobot/../ecrobot/libecrobot.a(nxt_motors.oram)
                0x00201780                nxt_motor_init
 .text.data_abort_C
                0x002017e8       0x7c ../../../../../../nxtOSEK/ecrobot/../ecrobot/libecrobot.a(data_abort.oram)
                0x002017e8                data_abort_C
 .text.display_update
                0x00201864       0x14 ../../../../../../nxtOSEK/ecrobot/../ecrobot/libecrobot.a(display.oram)
                0x00201864                display_update
 .text.display_force_update
                0x00201878        0xc ../../../../../../nxtOSEK/ecrobot/../ecrobot/libecrobot.a(display.oram)
                0x00201878                display_force_update
 .text.display_clear
                0x00201884       0x24 ../../../../../../nxtOSEK/ecrobot/../ecrobot/libecrobot.a(display.oram)
                0x00201884                display_clear
 .text.display_goto_xy
                0x002018a8       0x14 ../../../../../../nxtOSEK/ecrobot/../ecrobot/libecrobot.a(display.oram)
                0x002018a8                display_goto_xy
 .text.display_char
                0x002018bc       0x60 ../../../../../../nxtOSEK/ecrobot/../ecrobot/libecrobot.a(display.oram)
                0x002018bc                display_char
 .text.display_string
                0x0020191c       0x3c ../../../../../../nxtOSEK/ecrobot/../ecrobot/libecrobot.a(display.oram)
                0x0020191c                display_string
 .text.display_hex
                0x00201958       0x50 ../../../../../../nxtOSEK/ecrobot/../ecrobot/libecrobot.a(display.oram)
                0x00201958                display_hex
 .text.display_unsigned_worker
                0x002019a8       0x70 ../../../../../../nxtOSEK/ecrobot/../ecrobot/libecrobot.a(display.oram)
 .text.display_unsigned
                0x00201a18        0xc ../../../../../../nxtOSEK/ecrobot/../ecrobot/libecrobot.a(display.oram)
                0x00201a18                display_unsigned
 .text.display_bitmap_copy
                0x00201a24       0x5c ../../../../../../nxtOSEK/ecrobot/../ecrobot/libecrobot.a(display.oram)
                0x00201a24                display_bitmap_copy
 .text.display_init
                0x00201a80       0x50 ../../../../../../nxtOSEK/ecrobot/../ecrobot/libecrobot.a(display.oram)
                0x00201a80                display_init
 .text.i2c_timer_isr_C
                0x00201ad0      0x314 ../../../../../../nxtOSEK/ecrobot/../ecrobot/libecrobot.a(i2c.oram)
                0x00201ad0                i2c_timer_isr_C
 .text.i2c_disable
                0x00201de4       0x20 ../../../../../../nxtOSEK/ecrobot/../ecrobot/libecrobot.a(i2c.oram)
                0x00201de4                i2c_disable
 .text.i2c_init
                0x00201e04       0xa4 ../../../../../../nxtOSEK/ecrobot/../ecrobot/libecrobot.a(i2c.oram)
                0x00201e04                i2c_init
 .text.sound_fill_sample_buffer
                0x00201ea8       0xe4 ../../../../../../nxtOSEK/ecrobot/../ecrobot/libecrobot.a(sound.oram)
                0x00201ea8                sound_fill_sample_buffer
 .text.sound_init
                0x00201f8c       0xa0 ../../../../../../nxtOSEK/ecrobot/../ecrobot/libecrobot.a(sound.oram)
                0x00201f8c                sound_init
 .text.sound_isr_C
                0x0020202c      0x144 ../../../../../../nxtOSEK/ecrobot/../ecrobot/libecrobot.a(sound.oram)
                0x0020202c                sound_isr_C
 .text.bt_init  0x00202170      0x1c0 ../../../../../../nxtOSEK/ecrobot/../ecrobot/libecrobot.a(bt.oram)
                0x00202170                bt_init
 .text.nxt_avr_power_down
                0x00202330       0x10 ../../../../../../nxtOSEK/ecrobot/../ecrobot/libecrobot.a(nxt_avr.oram)
                0x00202330                nxt_avr_power_down
 .text.nxt_avr_link_init
                0x00202340       0x20 ../../../../../../nxtOSEK/ecrobot/../ecrobot/libecrobot.a(nxt_avr.oram)
                0x00202340                nxt_avr_link_init
 .text.nxt_avr_init
                0x00202360       0x6c ../../../../../../nxtOSEK/ecrobot/../ecrobot/libecrobot.a(nxt_avr.oram)
                0x00202360                nxt_avr_init
 .text.nxt_avr_1kHz_update
                0x002023cc      0x1cc ../../../../../../nxtOSEK/ecrobot/../ecrobot/libecrobot.a(nxt_avr.oram)
                0x002023cc                nxt_avr_1kHz_update
 .text.buttons_get
                0x00202598        0xc ../../../../../../nxtOSEK/ecrobot/../ecrobot/libecrobot.a(nxt_avr.oram)
                0x00202598                buttons_get
 .text.battery_voltage
                0x002025a4       0x28 ../../../../../../nxtOSEK/ecrobot/../ecrobot/libecrobot.a(nxt_avr.oram)
                0x002025a4                battery_voltage
 .text.sensor_adc
                0x002025cc       0x20 ../../../../../../nxtOSEK/ecrobot/../ecrobot/libecrobot.a(nxt_avr.oram)
                0x002025cc                sensor_adc
 .text.nxt_avr_set_motor
                0x002025ec       0x34 ../../../../../../nxtOSEK/ecrobot/../ecrobot/libecrobot.a(nxt_avr.oram)
                0x002025ec                nxt_avr_set_motor
 .text.nxt_avr_set_input_power
                0x00202620       0x3c ../../../../../../nxtOSEK/ecrobot/../ecrobot/libecrobot.a(nxt_avr.oram)
                0x00202620                nxt_avr_set_input_power
 .text.unset_digi0
                0x0020265c       0x44 ../../../../../../nxtOSEK/ecrobot/../ecrobot/libecrobot.a(sensors.oram)
                0x0020265c                unset_digi0
 .text.unset_digi1
                0x002026a0       0x44 ../../../../../../nxtOSEK/ecrobot/../ecrobot/libecrobot.a(sensors.oram)
                0x002026a0                unset_digi1
 .text.init_sensors
                0x002026e4       0x4c ../../../../../../nxtOSEK/ecrobot/../ecrobot/libecrobot.a(sensors.oram)
                0x002026e4                init_sensors
 .text.nxt_lcd_command
                0x00202730       0x18 ../../../../../../nxtOSEK/ecrobot/../ecrobot/libecrobot.a(nxt_lcd.oram)
                0x00202730                nxt_lcd_command
 .text.nxt_lcd_set_col
                0x00202748       0x24 ../../../../../../nxtOSEK/ecrobot/../ecrobot/libecrobot.a(nxt_lcd.oram)
                0x00202748                nxt_lcd_set_col
 .text.nxt_lcd_set_multiplex_rate
                0x0020276c       0x18 ../../../../../../nxtOSEK/ecrobot/../ecrobot/libecrobot.a(nxt_lcd.oram)
                0x0020276c                nxt_lcd_set_multiplex_rate
 .text.nxt_lcd_set_page_address
                0x00202784       0x18 ../../../../../../nxtOSEK/ecrobot/../ecrobot/libecrobot.a(nxt_lcd.oram)
                0x00202784                nxt_lcd_set_page_address
 .text.nxt_lcd_set_pot
                0x0020279c       0x1c ../../../../../../nxtOSEK/ecrobot/../ecrobot/libecrobot.a(nxt_lcd.oram)
                0x0020279c                nxt_lcd_set_pot
 .text.nxt_lcd_set_ram_address_control
                0x002027b8       0x18 ../../../../../../nxtOSEK/ecrobot/../ecrobot/libecrobot.a(nxt_lcd.oram)
                0x002027b8                nxt_lcd_set_ram_address_control
 .text.nxt_lcd_enable
                0x002027d0       0x14 ../../../../../../nxtOSEK/ecrobot/../ecrobot/libecrobot.a(nxt_lcd.oram)
                0x002027d0                nxt_lcd_enable
 .text.nxt_lcd_set_map_control
                0x002027e4       0x18 ../../../../../../nxtOSEK/ecrobot/../ecrobot/libecrobot.a(nxt_lcd.oram)
                0x002027e4                nxt_lcd_set_map_control
 .text.nxt_lcd_reset
                0x002027fc        0xc ../../../../../../nxtOSEK/ecrobot/../ecrobot/libecrobot.a(nxt_lcd.oram)
                0x002027fc                nxt_lcd_reset
 .text.nxt_lcd_set_bias_ratio
                0x00202808       0x18 ../../../../../../nxtOSEK/ecrobot/../ecrobot/libecrobot.a(nxt_lcd.oram)
                0x00202808                nxt_lcd_set_bias_ratio
 .text.nxt_lcd_force_update
                0x00202820       0x30 ../../../../../../nxtOSEK/ecrobot/../ecrobot/libecrobot.a(nxt_lcd.oram)
                0x00202820                nxt_lcd_force_update
 .text.nxt_lcd_update
                0x00202850        0xc ../../../../../../nxtOSEK/ecrobot/../ecrobot/libecrobot.a(nxt_lcd.oram)
                0x00202850                nxt_lcd_update
 .text.nxt_lcd_power_up
                0x0020285c       0x48 ../../../../../../nxtOSEK/ecrobot/../ecrobot/libecrobot.a(nxt_lcd.oram)
                0x0020285c                nxt_lcd_power_up
 .text.nxt_lcd_power_down
                0x002028a4        0xc ../../../../../../nxtOSEK/ecrobot/../ecrobot/libecrobot.a(nxt_lcd.oram)
                0x002028a4                nxt_lcd_power_down
 .text.nxt_lcd_init
                0x002028b0       0x18 ../../../../../../nxtOSEK/ecrobot/../ecrobot/libecrobot.a(nxt_lcd.oram)
                0x002028b0                nxt_lcd_init
 .text.verify_flash_page
                0x002028c8       0x34 ../../../../../../nxtOSEK/ecrobot/../ecrobot/libecrobot.a(flash_loader.oram)
 .text.set_flash_request
                0x002028fc       0x38 ../../../../../../nxtOSEK/ecrobot/../ecrobot/libecrobot.a(flash_loader.oram)
                0x002028fc                set_flash_request
 .text.nxt_device_init
                0x00202934       0x38 ../../../../../../nxtOSEK/ecrobot/../ecrobot/libecrobot.a(flash_loader.oram)
                0x00202934                nxt_device_init
 .text          0x0020296c       0x68 ../../../../../../nxtOSEK/ecrobot/../ecrobot/libecrobot.a(interrupts.oram)
                0x002029c4                fiq_enable
                0x0020296c                interrupts_get_and_disable
                0x002029a0                fiq_get_and_disable
                0x00202990                interrupts_enable
 .text.flash_write_page
                0x002029d4       0xc0 ../../../../../../nxtOSEK/ecrobot/../ecrobot/libecrobot.a(flashprog.oram)
                0x002029d4                flash_write_page
                0x00202aa0                . = ALIGN (0x10)
 *fill*         0x00202a94        0xc 00
 *.oram(*.rodata *.rodata.*)
 .rodata.ld     0x00202aa0        0x4 ../../../../../../nxtOSEK/ecrobot/../ecrobot/libecrobot.a(udp.oram)
 .rodata.cfd    0x00202aa4       0x20 ../../../../../../nxtOSEK/ecrobot/../ecrobot/libecrobot.a(udp.oram)
 .rodata.dd     0x00202ac4       0x12 ../../../../../../nxtOSEK/ecrobot/../ecrobot/libecrobot.a(udp.oram)
 *fill*         0x00202ad6        0x2 00
 .rodata.str1.4
                0x00202ad8       0x22 ../../../../../../nxtOSEK/ecrobot/../ecrobot/libecrobot.a(data_abort.oram)
                                 0x24 (size before relaxing)
 .rodata.font   0x00202afa      0x280 ../../../../../../nxtOSEK/ecrobot/../ecrobot/libecrobot.a(display.oram)
 *fill*         0x00202d7a        0x2 00
 .rodata.str1.4
                0x00202d7c       0x76 ../../../../../../nxtOSEK/ecrobot/../ecrobot/libecrobot.a(display.oram)
                                 0x78 (size before relaxing)
 *fill*         0x00202df2        0x2 00
 .rodata.i2c_pin
                0x00202df4       0x20 ../../../../../../nxtOSEK/ecrobot/../ecrobot/libecrobot.a(i2c.oram)
 .rodata.i2c_timer_isr_C
                0x00202e14       0x38 ../../../../../../nxtOSEK/ecrobot/../ecrobot/libecrobot.a(i2c.oram)
 .rodata.silence
                0x00202e4c       0x40 ../../../../../../nxtOSEK/ecrobot/../ecrobot/libecrobot.a(sound.oram)
                0x00202e4c                silence
 .rodata.sample_pattern
                0x00202e8c       0x84 ../../../../../../nxtOSEK/ecrobot/../ecrobot/libecrobot.a(sound.oram)
                0x00202e8c                sample_pattern
 .rodata        0x00202f10        0xc ../../../../../../nxtOSEK/ecrobot/../ecrobot/libecrobot.a(sound.oram)
 .rodata.avr_brainwash_string
                0x00202f1c       0x30 ../../../../../../nxtOSEK/ecrobot/../ecrobot/libecrobot.a(nxt_avr.oram)
                0x00202f1c                avr_brainwash_string
 .rodata.nxt_avr_1kHz_update
                0x00202f4c       0x14 ../../../../../../nxtOSEK/ecrobot/../ecrobot/libecrobot.a(nxt_avr.oram)
 .rodata.C.33.1823
                0x00202f60       0x10 ../../../../../../nxtOSEK/ecrobot/../ecrobot/libecrobot.a(sensors.oram)
 .rodata.C.37.1857
                0x00202f70       0x10 ../../../../../../nxtOSEK/ecrobot/../ecrobot/libecrobot.a(sensors.oram)
 .rodata.str1.4
                0x00202f80       0x23 ../../../../../../nxtOSEK/ecrobot/../ecrobot/libecrobot.a(flash_loader.oram)
                                 0x24 (size before relaxing)
                0x00202fb0                . = ALIGN (0x10)
 *fill*         0x00202fa3        0xd 00
                0x00200040                __ramtext_ram_start__ = ADDR (.ram_text)
                0x00202fb0                __ramtext_ram_end__ = (ADDR (.ram_text) + SIZEOF (.ram_text))
                0x001082c0                __ramtext_load_start__ = LOADADDR (.ram_text)
                0x0010b230                __ramtext_load_end__ = (__ramtext_load_start__ + SIZEOF (.ram_text))

.wav_data       0x0010b230        0x0
 *.owav(*.data *.data.*)
                0x0010b230                . = ALIGN (0x10)

.bmp_data       0x0010b230      0x440
 *.obmp(*.data *.data.*)
 .data          0x0010b230      0x43e ../../../../../../nxtOSEK/ecrobot/../ecrobot/libecrobot.a(nxtosek_splash.obmp)
                0x0010b230                nxtosek_splash_bmp_start
                0x0010b66e                nxtosek_splash_bmp_end
                0x0010b670                . = ALIGN (0x10)
 *fill*         0x0010b66e        0x2 00

.spr_data       0x0010b670        0x0
 *.ospr(*.data *.data.*)
                0x0010b670                . = ALIGN (0x10)

.data           0x00202fb0       0x60 load address 0x0010b670
 *(*.data *.data.*)
 .data.deviceStatus
                0x00202fb0        0x1 ../../../../../../nxtOSEK/ecrobot/../ecrobot/libecrobot.a(ecrobot_interface.o)
 .data.named    0x00202fb1       0x22 ../../../../../../nxtOSEK/ecrobot/../ecrobot/libecrobot.a(udp.oram)
 .data.snd      0x00202fd3       0x1a ../../../../../../nxtOSEK/ecrobot/../ecrobot/libecrobot.a(udp.oram)
 *fill*         0x00202fed        0x3 00
 .data.configured
                0x00202ff0        0x4 ../../../../../../nxtOSEK/ecrobot/../ecrobot/libecrobot.a(udp.oram)
 .data.mode     0x00202ff4        0x1 ../../../../../../nxtOSEK/ecrobot/../ecrobot/libecrobot.a(nxt_spi.oram)
                0x00202ff4                mode
 *fill*         0x00202ff5        0x3 00
 .bss.data      0x00202ff8        0x4 ../../../../../../nxtOSEK/ecrobot/../ecrobot/libecrobot.a(nxt_spi.oram)
                0x00202ff8                data
 .data.display_auto_update
                0x00202ffc        0x4 ../../../../../../nxtOSEK/ecrobot/../ecrobot/libecrobot.a(display.oram)
                0x00202ffc                display_auto_update
 .data.display_buffer
                0x00203000        0x4 ../../../../../../nxtOSEK/ecrobot/../ecrobot/libecrobot.a(display.oram)
                0x00203010                . = ALIGN (0x10)
 *fill*         0x00203004        0xc 00
                0x00202fb0                __data_ram_start__ = ADDR (.data)
                0x00203010                __data_ram_end__ = (ADDR (.data) + SIZEOF (.data))
                0x0010b670                __data_load_start__ = LOADADDR (.data)
                0x0010b6d0                __data_load_end__ = (__data_load_start__ + SIZEOF (.data))

.text           0x0010b6d0     0x1650
                0x0010b6d0                . = ALIGN (0x10)
 *(*.text *.text.* *.glue*)
 .text.enqueue_alarm
                0x0010b6d0       0x90 build/kernel/alarm.o
 .text.alarm_initialize
                0x0010b760       0x98 build/kernel/alarm.o
                0x0010b760                alarm_initialize
 .text.SignalCounter
                0x0010b7f8      0x134 build/kernel/alarm.o
                0x0010b7f8                SignalCounter
 .text.SetEvent
                0x0010b92c       0xac build/kernel/event.o
                0x0010b92c                SetEvent
 .text.ClearEvent
                0x0010b9d8       0x64 build/kernel/event.o
                0x0010b9d8                ClearEvent
 .text.GetEvent
                0x0010ba3c       0x84 build/kernel/event.o
                0x0010ba3c                GetEvent
 .text.WaitEvent
                0x0010bac0       0xa8 build/kernel/event.o
                0x0010bac0                WaitEvent
 .text.StartOS  0x0010bb68       0x58 build/kernel/osctl.o
                0x0010bb68                StartOS
 .text.ShutdownOS
                0x0010bbc0       0x4c build/kernel/osctl.o
                0x0010bbc0                ShutdownOS
 .text.call_pretaskhook
                0x0010bc0c       0x24 build/kernel/osctl.o
                0x0010bc0c                call_pretaskhook
 .text.call_errorhook
                0x0010bc30       0x78 build/kernel/osctl.o
                0x0010bc30                call_errorhook
 .text.call_posttaskhook
                0x0010bca8       0x24 build/kernel/osctl.o
                0x0010bca8                call_posttaskhook
 .text.search_schedtsk
                0x0010bccc       0x94 build/kernel/task.o
                0x0010bccc                search_schedtsk
 .text.make_runnable
                0x0010bd60       0xac build/kernel/task.o
                0x0010bd60                make_runnable
 .text.make_active
                0x0010be0c       0x78 build/kernel/task.o
                0x0010be0c                make_active
 .text.task_initialize
                0x0010be84       0x90 build/kernel/task.o
                0x0010be84                task_initialize
 .text.ActivateTask
                0x0010bf14       0x8c build/kernel/task_manage.o
                0x0010bf14                ActivateTask
 .text.TerminateTask
                0x0010bfa0       0x74 build/kernel/task_manage.o
                0x0010bfa0                TerminateTask
 .text.cpu_initialize
                0x0010c014        0x4 build/config/at91sam7s-gnu/cpu_config.o
                0x0010c014                cpu_initialize
 .text.cpu_terminate
                0x0010c018        0x4 build/config/at91sam7s-gnu/cpu_config.o
                0x0010c018                cpu_terminate
 .text.sys_initialize
                0x0010c01c        0x4 build/config/at91sam7s-gnu/lego_nxt/sys_config.o
                0x0010c01c                sys_initialize
 .text.sys_exit
                0x0010c020        0x4 build/config/at91sam7s-gnu/lego_nxt/sys_config.o
                0x0010c020                sys_exit
 .text._activate_alarm_driveAlarm
                0x0010c024        0xc build/./kernel_cfg.o
 .text._activate_alarm_turnAlarm
                0x0010c030        0xc build/./kernel_cfg.o
 .text.object_initialize
                0x0010c03c       0x10 build/./kernel_cfg.o
                0x0010c03c                object_initialize
 .text.init_OS_flag
                0x0010c04c        0xc build/ecrobot_base.o
                0x0010c04c                init_OS_flag
 .text.set_OS_flag
                0x0010c058        0xc build/ecrobot_base.o
                0x0010c058                set_OS_flag
 .text.get_OS_flag
                0x0010c064        0xc build/ecrobot_base.o
                0x0010c064                get_OS_flag
 .text.cpp_constructor
                0x0010c070       0x28 build/ecrobot_base.o
                0x0010c070                cpp_constructor
 .text.cpp_destructor
                0x0010c098       0x28 build/ecrobot_base.o
                0x0010c098                cpp_destructor
 .text.execution_mode
                0x0010c0c0       0x24 build/ecrobot_base.o
                0x0010c0c0                execution_mode
 .text.show_main_screen
                0x0010c0e4       0x48 build/ecrobot_base.o
                0x0010c0e4                show_main_screen
 .text.display_status_bar
                0x0010c12c       0x5c build/ecrobot_base.o
                0x0010c12c                display_status_bar
 .text.check_NXT_buttons
                0x0010c188       0x7c build/ecrobot_base.o
                0x0010c188                check_NXT_buttons
 .text.add_status_info
                0x0010c204       0x68 build/ecrobot_base.o
                0x0010c204                add_status_info
 .text.show_splash_screen
                0x0010c26c       0x90 build/ecrobot_base.o
                0x0010c26c                show_splash_screen
 .text.main     0x0010c2fc      0x108 build/ecrobot.o
                0x0010c2fc                main
 .text.WaitTriggerPort_direction
                0x0010c404       0x14 build/drive.o
                0x0010c404                WaitTriggerPort_direction
 .text.WriteTriggerPort_direction
                0x0010c418       0x1c build/drive.o
                0x0010c418                WriteTriggerPort_direction
 .text.user_1ms_isr_type2
                0x0010c434       0x1c build/drive.o
                0x0010c434                user_1ms_isr_type2
 .text.myPrintln
                0x0010c450       0x28 build/drive.o
                0x0010c450                myPrintln
 .text.TaskMainDisp
                0x0010c478       0x50 build/drive.o
                0x0010c478                TaskMainDisp
 .text.TaskMaincheckDriveButton
                0x0010c4c8       0x3c build/drive.o
                0x0010c4c8                TaskMaincheckDriveButton
 .text.TaskMaincheckTurnButton
                0x0010c504       0x2c build/drive.o
                0x0010c504                TaskMaincheckTurnButton
 .text.TaskMainMain
                0x0010c530       0x78 build/drive.o
                0x0010c530                TaskMainMain
 .text.TaskMainReverseDir
                0x0010c5a8       0x44 build/drive.o
                0x0010c5a8                TaskMainReverseDir
 .text.ecrobot_device_initialize
                0x0010c5ec        0x4 ../../../../../../nxtOSEK/ecrobot/../ecrobot/libecrobot.a(ecrobot_device_hook.o)
                0x0010c5ec                ecrobot_device_initialize
 .text.ecrobot_device_terminate
                0x0010c5f0        0x4 ../../../../../../nxtOSEK/ecrobot/../ecrobot/libecrobot.a(ecrobot_device_hook.o)
                0x0010c5f0                ecrobot_device_terminate
 .text.ecrobot_set_motor_speed
                0x0010c5f4       0x14 ../../../../../../nxtOSEK/ecrobot/../ecrobot/libecrobot.a(ecrobot_interface.o)
                0x0010c5f4                ecrobot_set_motor_speed
 .text.ecrobot_get_touch_sensor
                0x0010c608       0x20 ../../../../../../nxtOSEK/ecrobot/../ecrobot/libecrobot.a(ecrobot_interface.o)
                0x0010c608                ecrobot_get_touch_sensor
 .text.ecrobot_get_battery_voltage
                0x0010c628        0xc ../../../../../../nxtOSEK/ecrobot/../ecrobot/libecrobot.a(ecrobot_interface.o)
                0x0010c628                ecrobot_get_battery_voltage
 .text.ecrobot_get_button_state
                0x0010c634        0xc ../../../../../../nxtOSEK/ecrobot/../ecrobot/libecrobot.a(ecrobot_interface.o)
                0x0010c634                ecrobot_get_button_state
 .text.ecrobot_init_nxtstate
                0x0010c640       0x28 ../../../../../../nxtOSEK/ecrobot/../ecrobot/libecrobot.a(ecrobot_interface.o)
                0x0010c640                ecrobot_init_nxtstate
 .text.ecrobot_poll_nxtstate
                0x0010c668       0x64 ../../../../../../nxtOSEK/ecrobot/../ecrobot/libecrobot.a(ecrobot_interface.o)
                0x0010c668                ecrobot_poll_nxtstate
 .text.ecrobot_setDeviceInitialized
                0x0010c6cc       0x14 ../../../../../../nxtOSEK/ecrobot/../ecrobot/libecrobot.a(ecrobot_interface.o)
                0x0010c6cc                ecrobot_setDeviceInitialized
 .text.ecrobot_bmp2lcd
                0x0010c6e0      0x1c8 ../../../../../../nxtOSEK/ecrobot/../ecrobot/libecrobot.a(ecrobot_interface.o)
                0x0010c6e0                ecrobot_bmp2lcd
 .text.StartupHook
                0x0010c8a8        0x4 ../../../../../../nxtOSEK/ecrobot/../ecrobot/libecrobot.a(osek_hook.o)
                0x0010c8a8                StartupHook
 .text.PreTaskHook
                0x0010c8ac        0x4 ../../../../../../nxtOSEK/ecrobot/../ecrobot/libecrobot.a(osek_hook.o)
                0x0010c8ac                PreTaskHook
 .text.PostTaskHook
                0x0010c8b0        0x4 ../../../../../../nxtOSEK/ecrobot/../ecrobot/libecrobot.a(osek_hook.o)
                0x0010c8b0                PostTaskHook
 .text.ErrorHook
                0x0010c8b4        0x4 ../../../../../../nxtOSEK/ecrobot/../ecrobot/libecrobot.a(osek_hook.o)
                0x0010c8b4                ErrorHook
 .text.ShutdownHook
                0x0010c8b8        0x4 ../../../../../../nxtOSEK/ecrobot/../ecrobot/libecrobot.a(osek_hook.o)
                0x0010c8b8                ShutdownHook
 .text          0x0010c8bc       0x8c /cygdrive/C/cygwin/GNUARM/bin/../lib/gcc/arm-elf/4.0.2/thumb/interwork/libgcc.a(_udivsi3.o)
                0x0010c8bc                __udivsi3
                0x0010c938                __aeabi_uidivmod
 .text          0x0010c948       0xc8 /cygdrive/C/cygwin/GNUARM/bin/../lib/gcc/arm-elf/4.0.2/thumb/interwork/libgcc.a(_umodsi3.o)
                0x0010c948                __umodsi3
 .text          0x0010ca10        0x4 /cygdrive/C/cygwin/GNUARM/bin/../lib/gcc/arm-elf/4.0.2/thumb/interwork/libgcc.a(_dvmd_tls.o)
                0x0010ca10                __aeabi_ldiv0
                0x0010ca10                __div0
                0x0010ca10                __aeabi_idiv0
 .text          0x0010ca14       0x68 /cygdrive/C/cygwin/GNUARM/bin/../lib/gcc/arm-elf/4.0.2/../../../../arm-elf/lib/thumb/interwork/libc.a(memset.o)
                0x0010ca14                memset
 .text          0x0010ca7c       0x60 /cygdrive/C/cygwin/GNUARM/bin/../lib/gcc/arm-elf/4.0.2/../../../../arm-elf/lib/thumb/interwork/libc.a(strcpy.o)
                0x0010ca7c                strcpy
 .text          0x0010cadc       0x48 /cygdrive/C/cygwin/GNUARM/bin/../lib/gcc/arm-elf/4.0.2/../../../../arm-elf/lib/thumb/interwork/libc.a(strlen.o)
                0x0010cadc                strlen
 .glue_7        0x0010cb24       0x30 /cygdrive/C/cygwin/GNUARM/bin/../lib/gcc/arm-elf/4.0.2/../../../../arm-elf/lib/thumb/interwork/libc.a(strncpy.o)
                0x0010cb3c                __call_posttaskhook_from_arm
                0x0010cb25                __ecrobot_debug1_from_arm
                0x0010cb31                __ecrobot_debug2_from_arm
                0x0010cb48                __call_pretaskhook_from_arm
 .glue_7t       0x0010cb54       0x60 /cygdrive/C/cygwin/GNUARM/bin/../lib/gcc/arm-elf/4.0.2/../../../../arm-elf/lib/thumb/interwork/libc.a(strncpy.o)
                0x0010cb80                __start_change_to_arm
                0x0010cb9c                __interrupts_get_and_disable_from_thumb
                0x0010cb95                ____gtdf2_from_thumb
                0x0010cb74                __exit_and_dispatch_from_thumb
                0x0010cb78                __exit_and_dispatch_change_to_arm
                0x0010cb54                __disable_int_from_thumb
                0x0010cb6c                __start_dispatch_from_thumb
                0x0010cb7c                __start_from_thumb
                0x0010cb90                ____muldf3_change_to_arm
                0x0010cb5c                __enable_int_from_thumb
                0x0010cb64                __dispatch_from_thumb
                0x0010cba8                __interrupts_enable_change_to_arm
                0x0010cba0                __interrupts_get_and_disable_change_to_arm
                0x0010cb68                __dispatch_change_to_arm
                0x0010cb98                ____gtdf2_change_to_arm
                0x0010cb85                ____floatsidf_from_thumb
                0x0010cbad                __display_bios_status_from_thumb
                0x0010cb58                __disable_int_change_to_arm
                0x0010cb8d                ____muldf3_from_thumb
                0x0010cb60                __enable_int_change_to_arm
                0x0010cb88                ____floatsidf_change_to_arm
                0x0010cba4                __interrupts_enable_from_thumb
                0x0010cbb0                __display_bios_status_change_to_arm
                0x0010cb70                __start_dispatch_change_to_arm
                0x0010cbc0                . = ALIGN (0x10)
 *fill*         0x0010cbb4        0xc 00
 *(*.rodata *.rodata.*)
 .rodata.search_table.966
                0x0010cbc0        0xf build/kernel/task.o
 *fill*         0x0010cbcf        0x1 00
 .rodata.evt_disp
                0x0010cbd0        0x4 build/./kernel_cfg.o
                0x0010cbd0                evt_disp
 .rodata.evt_drive
                0x0010cbd4        0x4 build/./kernel_cfg.o
                0x0010cbd4                evt_drive
 .rodata.evt_turn
                0x0010cbd8        0x4 build/./kernel_cfg.o
                0x0010cbd8                evt_turn
 .rodata.alminib_cycle
                0x0010cbdc        0x8 build/./kernel_cfg.o
                0x0010cbdc                alminib_cycle
 .rodata.alminib_almval
                0x0010cbe4        0x8 build/./kernel_cfg.o
                0x0010cbe4                alminib_almval
 .rodata.alminib_autosta
                0x0010cbec        0x2 build/./kernel_cfg.o
                0x0010cbec                alminib_autosta
 *fill*         0x0010cbee        0x2 00
 .rodata.alminib_cback
                0x0010cbf0        0x8 build/./kernel_cfg.o
                0x0010cbf0                alminib_cback
 .rodata.alminib_cntid
                0x0010cbf8        0x2 build/./kernel_cfg.o
                0x0010cbf8                alminib_cntid
 *fill*         0x0010cbfa        0x2 00
 .rodata.cntinib_tickbase
                0x0010cbfc        0x4 build/./kernel_cfg.o
                0x0010cbfc                cntinib_tickbase
 .rodata.cntinib_maxval2
                0x0010cc00        0x4 build/./kernel_cfg.o
                0x0010cc00                cntinib_maxval2
 .rodata.cntinib_maxval
                0x0010cc04        0x4 build/./kernel_cfg.o
                0x0010cc04                cntinib_maxval
 .rodata.finalCountdown
                0x0010cc08        0x1 build/./kernel_cfg.o
                0x0010cc08                finalCountdown
 *fill*         0x0010cc09        0x1 00
 .rodata.tinib_stksz
                0x0010cc0a        0xa build/./kernel_cfg.o
                0x0010cc0a                tinib_stksz
 .rodata.tinib_stk
                0x0010cc14       0x14 build/./kernel_cfg.o
                0x0010cc14                tinib_stk
 .rodata.tinib_task
                0x0010cc28       0x14 build/./kernel_cfg.o
                0x0010cc28                tinib_task
 .rodata.tinib_autoact
                0x0010cc3c        0x5 build/./kernel_cfg.o
                0x0010cc3c                tinib_autoact
 .rodata.tinib_maxact
                0x0010cc41        0x5 build/./kernel_cfg.o
                0x0010cc41                tinib_maxact
 .rodata.tinib_exepri
                0x0010cc46        0x5 build/./kernel_cfg.o
                0x0010cc46                tinib_exepri
 .rodata.tinib_inipri
                0x0010cc4b        0x5 build/./kernel_cfg.o
                0x0010cc4b                tinib_inipri
 .rodata.ReverseDir
                0x0010cc50        0x1 build/./kernel_cfg.o
                0x0010cc50                ReverseDir
 .rodata.Disp   0x0010cc51        0x1 build/./kernel_cfg.o
                0x0010cc51                Disp
 .rodata.Main   0x0010cc52        0x1 build/./kernel_cfg.o
                0x0010cc52                Main
 .rodata.tnum_exttask
                0x0010cc53        0x1 build/./kernel_cfg.o
                0x0010cc53                tnum_exttask
 .rodata.tnum_task
                0x0010cc54        0x1 build/./kernel_cfg.o
                0x0010cc54                tnum_task
 .rodata.tnum_counter
                0x0010cc55        0x1 build/./kernel_cfg.o
                0x0010cc55                tnum_counter
 .rodata.tnum_alarm
                0x0010cc56        0x1 build/./kernel_cfg.o
                0x0010cc56                tnum_alarm
 *fill*         0x0010cc57        0x1 00
 .rodata.exec_addr
                0x0010cc58        0x4 build/ecrobot_base.o
                0x0010cc58                exec_addr
 .rodata.str1.4
                0x0010cc5c       0x80 build/ecrobot_base.o
 .rodata.str1.4
                0x0010ccdc       0x39 build/drive.o
                                 0x3c (size before relaxing)
                0x0010cd20                . = ALIGN (0x10)
 *fill*         0x0010cd15        0xb 00
 *(*.gnu.linkonce.* .gcc_except_table)
                0x0010cd20                . = ALIGN (0x10)

.tors           0x0010cd20        0x0
                0x0010cd20                . = ALIGN (0x10)
                0x0010cd20                __ctor_begin = .
 *(*.ctors*)
                0x0010cd20                __ctor_end = .
                0x0010cd20                . = ALIGN (0x10)
                0x0010cd20                __dtor_begin = .
 *(*.dtors*)
                0x0010cd20                __dtor_end = .
                0x0010cd20                . = ALIGN (0x10)
                0x0010cd20                __rom_end__ = __dtor_end

.bss            0x00203010     0x186c
 *(*.bss *.bss.*)
 .bss.ready_primap
                0x00203010        0x2 build/kernel/task.o
 .bss.ready_queue_last
                0x00203012       0x10 build/kernel/task.o
 .bss.ready_queue_first
                0x00203022       0x10 build/kernel/task.o
 *fill*         0x00203032        0x2 00
 .bss._stack_checkTurnButton
                0x00203034      0x200 build/./kernel_cfg.o
 .bss._stack_checkDriveButton
                0x00203234      0x200 build/./kernel_cfg.o
 .bss._stack_ReverseDir
                0x00203434      0x200 build/./kernel_cfg.o
 .bss._stack_Disp
                0x00203634      0x200 build/./kernel_cfg.o
 .bss._stack_Main
                0x00203834      0x200 build/./kernel_cfg.o
 .bss.status_bar_position
                0x00203a34        0x4 build/ecrobot_base.o
 .bss.last_act_time.2674
                0x00203a38        0x4 build/ecrobot_base.o
 .bss.lcd.2603  0x00203a3c      0x320 build/ecrobot_base.o
 .bss.OS_flag   0x00203d5c        0x4 build/ecrobot_base.o
 .bss.status_bar
                0x00203d60       0x10 build/ecrobot_base.o
 .bss.turnButtonLastState
                0x00203d70        0x4 build/drive.o
                0x00203d70                turnButtonLastState
 .bss.driverButtonLastState
                0x00203d74        0x4 build/drive.o
                0x00203d74                driverButtonLastState
 .bss.direction
                0x00203d78        0x4 build/drive.o
                0x00203d78                direction
 .bss.y.2250    0x00203d7c        0x4 build/drive.o
 .bss.buttons_i
                0x00203d80        0x4 ../../../../../../nxtOSEK/ecrobot/../ecrobot/libecrobot.a(ecrobot_interface.o)
 .bss.buttons_states
                0x00203d84       0x14 ../../../../../../nxtOSEK/ecrobot/../ecrobot/libecrobot.a(ecrobot_interface.o)
 .bss.ecrobot_inputs
                0x00203d98        0x8 ../../../../../../nxtOSEK/ecrobot/../ecrobot/libecrobot.a(ecrobot_interface.o)
 .bss.systick_ms
                0x00203da0        0x4 ../../../../../../nxtOSEK/ecrobot/../ecrobot/libecrobot.a(systick.oram)
 .bss.delayedEnable
                0x00203da4        0x1 ../../../../../../nxtOSEK/ecrobot/../ecrobot/libecrobot.a(udp.oram)
 *fill*         0x00203da5        0x3 00
 .bss.outCnt    0x00203da8        0x4 ../../../../../../nxtOSEK/ecrobot/../ecrobot/libecrobot.a(udp.oram)
 .bss.outPtr    0x00203dac        0x4 ../../../../../../nxtOSEK/ecrobot/../ecrobot/libecrobot.a(udp.oram)
 .bss.newAddress
                0x00203db0        0x4 ../../../../../../nxtOSEK/ecrobot/../ecrobot/libecrobot.a(udp.oram)
 .bss.currentRxBank
                0x00203db4        0x4 ../../../../../../nxtOSEK/ecrobot/../ecrobot/libecrobot.a(udp.oram)
 .bss.currentFeatures
                0x00203db8        0x4 ../../../../../../nxtOSEK/ecrobot/../ecrobot/libecrobot.a(udp.oram)
 .bss.currentConfig
                0x00203dbc        0x1 ../../../../../../nxtOSEK/ecrobot/../ecrobot/libecrobot.a(udp.oram)
 *fill*         0x00203dbd        0x3 00
 .bss.twi_mask  0x00203dc0        0x4 ../../../../../../nxtOSEK/ecrobot/../ecrobot/libecrobot.a(twi.oram)
 .bss.twi_ptr   0x00203dc4        0x4 ../../../../../../nxtOSEK/ecrobot/../ecrobot/libecrobot.a(twi.oram)
 .bss.twi_pending
                0x00203dc8        0x4 ../../../../../../nxtOSEK/ecrobot/../ecrobot/libecrobot.a(twi.oram)
 .bss.twi_state
                0x00203dcc        0x4 ../../../../../../nxtOSEK/ecrobot/../ecrobot/libecrobot.a(twi.oram)
 .bss.page      0x00203dd0        0x1 ../../../../../../nxtOSEK/ecrobot/../ecrobot/libecrobot.a(nxt_spi.oram)
                0x00203dd0                page
 .bss.dirty     0x00203dd1        0x1 ../../../../../../nxtOSEK/ecrobot/../ecrobot/libecrobot.a(nxt_spi.oram)
                0x00203dd1                dirty
 *fill*         0x00203dd2        0x2 00
 .bss.display   0x00203dd4        0x4 ../../../../../../nxtOSEK/ecrobot/../ecrobot/libecrobot.a(nxt_spi.oram)
                0x00203dd4                display
 .bss.interrupts_this_period
                0x00203dd8        0x4 ../../../../../../nxtOSEK/ecrobot/../ecrobot/libecrobot.a(nxt_motors.oram)
 .bss.nxt_motor_initialised
                0x00203ddc        0x4 ../../../../../../nxtOSEK/ecrobot/../ecrobot/libecrobot.a(nxt_motors.oram)
 .bss.motor     0x00203de0       0x30 ../../../../../../nxtOSEK/ecrobot/../ecrobot/libecrobot.a(nxt_motors.oram)
 .bss.display_tick
                0x00203e10        0x4 ../../../../../../nxtOSEK/ecrobot/../ecrobot/libecrobot.a(display.oram)
                0x00203e10                display_tick
 .bss.display_array
                0x00203e14      0x388 ../../../../../../nxtOSEK/ecrobot/../ecrobot/libecrobot.a(display.oram)
 .bss.i2c_int_count
                0x0020419c        0x4 ../../../../../../nxtOSEK/ecrobot/../ecrobot/libecrobot.a(i2c.oram)
 .bss.i2c_port  0x002041a0      0x170 ../../../../../../nxtOSEK/ecrobot/../ecrobot/libecrobot.a(i2c.oram)
 .bss.sound_mode
                0x00204310        0x1 ../../../../../../nxtOSEK/ecrobot/../ecrobot/libecrobot.a(sound.oram)
                0x00204310                sound_mode
 *fill*         0x00204311        0x3 00
 .bss.in_buf_idx
                0x00204314        0x4 ../../../../../../nxtOSEK/ecrobot/../ecrobot/libecrobot.a(bt.oram)
 .bss.buf_ptr   0x00204318        0x4 ../../../../../../nxtOSEK/ecrobot/../ecrobot/libecrobot.a(bt.oram)
 .bss.out_buf_ptr
                0x0020431c        0x1 ../../../../../../nxtOSEK/ecrobot/../ecrobot/libecrobot.a(bt.oram)
 .bss.in_buf_in_ptr
                0x0020431d        0x1 ../../../../../../nxtOSEK/ecrobot/../ecrobot/libecrobot.a(bt.oram)
 .bss.in_buf    0x0020431e      0x100 ../../../../../../nxtOSEK/ecrobot/../ecrobot/libecrobot.a(bt.oram)
 *fill*         0x0020441e        0x2 00
 .bss.link_state
                0x00204420        0x4 ../../../../../../nxtOSEK/ecrobot/../ecrobot/libecrobot.a(nxt_avr.oram)
 .bss.update_count
                0x00204424        0x4 ../../../../../../nxtOSEK/ecrobot/../ecrobot/libecrobot.a(nxt_avr.oram)
 .bss.nxt_avr_stats
                0x00204428       0x14 ../../../../../../nxtOSEK/ecrobot/../ecrobot/libecrobot.a(nxt_avr.oram)
 .bss.debounce_cnt
                0x0020443c        0x2 ../../../../../../nxtOSEK/ecrobot/../ecrobot/libecrobot.a(nxt_avr.oram)
 .bss.debounce_state
                0x0020443e        0x2 ../../../../../../nxtOSEK/ecrobot/../ecrobot/libecrobot.a(nxt_avr.oram)
 .bss.button_state
                0x00204440        0x2 ../../../../../../nxtOSEK/ecrobot/../ecrobot/libecrobot.a(nxt_avr.oram)
 .bss.prev_buttons
                0x00204442        0x2 ../../../../../../nxtOSEK/ecrobot/../ecrobot/libecrobot.a(nxt_avr.oram)
 .bss.from_buf  0x00204444        0x4 ../../../../../../nxtOSEK/ecrobot/../ecrobot/libecrobot.a(nxt_avr.oram)
 .bss.io_from_avr
                0x00204448        0x4 ../../../../../../nxtOSEK/ecrobot/../ecrobot/libecrobot.a(nxt_avr.oram)
 .bss.data_from_avr
                0x0020444c       0x1a ../../../../../../nxtOSEK/ecrobot/../ecrobot/libecrobot.a(nxt_avr.oram)
 .bss.data_to_avr
                0x00204466        0x9 ../../../../../../nxtOSEK/ecrobot/../ecrobot/libecrobot.a(nxt_avr.oram)
 .bss.io_to_avr
                0x0020446f        0x8 ../../../../../../nxtOSEK/ecrobot/../ecrobot/libecrobot.a(nxt_avr.oram)
 *fill*         0x00204477        0x1 00
 .bss.display   0x00204478        0x4 ../../../../../../nxtOSEK/ecrobot/../ecrobot/libecrobot.a(nxt_lcd.oram)
                0x00204480                . = ALIGN (0x10)
 *fill*         0x0020447c        0x4 00
                0x00204480                __bss_end__ = .
 COMMON         0x00204480        0x2 build/kernel/interrupt.o
                0x00204480                runisr
                0x00204481                sus_all_cnt
 *fill*         0x00204482        0x2 00
 COMMON         0x00204484       0x10 build/kernel/osctl.o
                0x00204484                callevel
                0x00204485                _errorhook_svcid
                0x00204486                appmode
                0x00204488                _errorhook_par1
                0x0020448c                _errorhook_par3
                0x00204490                _errorhook_par2
 COMMON         0x00204494        0x3 build/kernel/task.o
                0x00204494                runtsk
                0x00204495                schedtsk
                0x00204496                nextpri
 *fill*         0x00204497        0x1 00
 COMMON         0x00204498       0x78 build/./kernel_cfg.o
                0x00204498                tcb_waievt
                0x002044a4                rescb_prevpri
                0x002044a5                almcb_prev
                0x002044a7                tcb_lastres
                0x002044ac                almcb_almval
                0x002044b4                tcxb_pc
                0x002044c8                tcb_next
                0x002044cd                tcb_curpri
                0x002044d2                tcb_tstat
                0x002044d7                isrcb_lastres
                0x002044d8                cntcb_almque
                0x002044d9                rescb_prevres
                0x002044da                tcb_actcnt
                0x002044e0                tcb_curevt
                0x002044ec                almcb_cycle
                0x002044f4                tcxb_sp
                0x00204508                almcb_next
                0x0020450c                cntcb_curval
 COMMON         0x00204510       0x44 ../../../../../../nxtOSEK/ecrobot/../ecrobot/libecrobot.a(uart.oram)
                0x00204510                uart
 COMMON         0x00204554        0x4 ../../../../../../nxtOSEK/ecrobot/../ecrobot/libecrobot.a(data_abort.oram)
                0x00204554                data_abort_pc
 COMMON         0x00204558        0x8 ../../../../../../nxtOSEK/ecrobot/../ecrobot/libecrobot.a(display.oram)
                0x00204558                display_x
                0x0020455c                display_y
 COMMON         0x00204560      0x31c ../../../../../../nxtOSEK/ecrobot/../ecrobot/libecrobot.a(sound.oram)
                0x00204560                sample
                0x00203010                __bss_start__ = ADDR (.bss)
                0x0020487c                __bss_end__ = (ADDR (.bss) + SIZEOF (.bss))
                0x0020487c                PROVIDE (end, .)

.heap_area      0x0020487c     0xb2fc
                0x0020fb78                . = (. + (0x20fb78 - end))
 *fill*         0x0020487c     0xb2fc 00

.stack          0x0020fb78      0x488
                0x0020fbf8                . = (. + 0x80)
 *fill*         0x0020fb78       0x80 00
                0x0020fc00                . = ALIGN (0x10)
 *fill*         0x0020fbf8        0x8 00
                0x0020fc00                __irq_stack__ = .
                0x0020fc00                __system_stack_bottom__ = .
                0x00210000                . = (. + 0x400)
 *fill*         0x0020fc00      0x400 00
                0x00210000                . = ALIGN (0x10)
                0x00210000                __system_stack__ = .
                0x00210000                __system_stack_top__ = .
                0x0020fb78                __stack_start__ = ADDR (.stack)
                0x00210000                __stack_end__ = (ADDR (.stack) + SIZEOF (.stack))
OUTPUT(drive_rom.elf elf32-littlearm)

.comment        0x00000000      0x372
 .comment       0x00000000       0x12 build/kernel/alarm.o
 .comment       0x00000012       0x12 build/kernel/event.o
 .comment       0x00000024       0x12 build/kernel/interrupt.o
 .comment       0x00000036       0x12 build/kernel/osctl.o
 .comment       0x00000048       0x12 build/kernel/resource.o
 .comment       0x0000005a       0x12 build/kernel/task.o
 .comment       0x0000006c       0x12 build/kernel/task_manage.o
 .comment       0x0000007e       0x12 build/config/at91sam7s-gnu/cpu_config.o
 .comment       0x00000090       0x12 build/config/at91sam7s-gnu/lego_nxt/sys_config.o
 .comment       0x000000a2       0x12 build/./kernel_cfg.o
 .comment       0x000000b4       0x12 build/syscalls.o
 .comment       0x000000c6       0x12 build/ecrobot_bluetooth.o
 .comment       0x000000d8       0x12 build/ecrobot_base.o
 .comment       0x000000ea       0x12 build/ecrobot.o
 .comment       0x000000fc       0x12 build/drive.o
 .comment       0x0000010e       0x12 build/syslib/at91sam7s-gnu/lego_nxt/hw_sys_timer.oram
 .comment       0x00000120       0x12 ../../../../../../nxtOSEK/ecrobot/../ecrobot/libecrobot.a(ecrobot_device_hook.o)
 .comment       0x00000132       0x12 ../../../../../../nxtOSEK/ecrobot/../ecrobot/libecrobot.a(ecrobot_interface.o)
 .comment       0x00000144       0x12 ../../../../../../nxtOSEK/ecrobot/../ecrobot/libecrobot.a(colorsensor.o)
 .comment       0x00000156       0x12 ../../../../../../nxtOSEK/ecrobot/../ecrobot/libecrobot.a(osek_hook.o)
 .comment       0x00000168       0x12 ../../../../../../nxtOSEK/ecrobot/../ecrobot/libecrobot.a(uart.oram)
 .comment       0x0000017a       0x12 ../../../../../../nxtOSEK/ecrobot/../ecrobot/libecrobot.a(systick.oram)
 .comment       0x0000018c       0x12 ../../../../../../nxtOSEK/ecrobot/../ecrobot/libecrobot.a(byte_fifo.oram)
 .comment       0x0000019e       0x12 ../../../../../../nxtOSEK/ecrobot/../ecrobot/libecrobot.a(aic.oram)
 .comment       0x000001b0       0x12 ../../../../../../nxtOSEK/ecrobot/../ecrobot/libecrobot.a(udp.oram)
 .comment       0x000001c2       0x12 ../../../../../../nxtOSEK/ecrobot/../ecrobot/libecrobot.a(twi.oram)
 .comment       0x000001d4       0x12 ../../../../../../nxtOSEK/ecrobot/../ecrobot/libecrobot.a(nxt_spi.oram)
 .comment       0x000001e6       0x12 ../../../../../../nxtOSEK/ecrobot/../ecrobot/libecrobot.a(nxt_motors.oram)
 .comment       0x000001f8       0x12 ../../../../../../nxtOSEK/ecrobot/../ecrobot/libecrobot.a(data_abort.oram)
 .comment       0x0000020a       0x12 ../../../../../../nxtOSEK/ecrobot/../ecrobot/libecrobot.a(display.oram)
 .comment       0x0000021c       0x12 ../../../../../../nxtOSEK/ecrobot/../ecrobot/libecrobot.a(i2c.oram)
 .comment       0x0000022e       0x12 ../../../../../../nxtOSEK/ecrobot/../ecrobot/libecrobot.a(sound.oram)
 .comment       0x00000240       0x12 ../../../../../../nxtOSEK/ecrobot/../ecrobot/libecrobot.a(bt.oram)
 .comment       0x00000252       0x12 ../../../../../../nxtOSEK/ecrobot/../ecrobot/libecrobot.a(nxt_avr.oram)
 .comment       0x00000264       0x12 ../../../../../../nxtOSEK/ecrobot/../ecrobot/libecrobot.a(sensors.oram)
 .comment       0x00000276       0x12 ../../../../../../nxtOSEK/ecrobot/../ecrobot/libecrobot.a(sensors1.oram)
 .comment       0x00000288       0x12 ../../../../../../nxtOSEK/ecrobot/../ecrobot/libecrobot.a(nxt_lcd.oram)
 .comment       0x0000029a       0x12 ../../../../../../nxtOSEK/ecrobot/../ecrobot/libecrobot.a(flash_loader.oram)
 .comment       0x000002ac       0x12 ../../../../../../nxtOSEK/ecrobot/../ecrobot/libecrobot.a(ecrobot_usb.o)
 .comment       0x000002be       0x12 ../../../../../../nxtOSEK/ecrobot/../ecrobot/libecrobot.a(flashprog.oram)
 .comment       0x000002d0       0x12 /cygdrive/C/cygwin/GNUARM/bin/../lib/gcc/arm-elf/4.0.2/thumb/interwork/libgcc.a(_muldi3.o)
 .comment       0x000002e2       0x12 /cygdrive/C/cygwin/GNUARM/bin/../lib/gcc/arm-elf/4.0.2/thumb/interwork/libgcc.a(_divdi3.o)
 .comment       0x000002f4       0x12 /cygdrive/C/cygwin/GNUARM/bin/../lib/gcc/arm-elf/4.0.2/thumb/interwork/libgcc.a(_clz.o)
 .comment       0x00000306       0x12 /cygdrive/C/cygwin/GNUARM/bin/../lib/gcc/arm-elf/4.0.2/../../../../arm-elf/lib/thumb/interwork/libc.a(memcpy.o)
 .comment       0x00000318       0x12 /cygdrive/C/cygwin/GNUARM/bin/../lib/gcc/arm-elf/4.0.2/../../../../arm-elf/lib/thumb/interwork/libc.a(memset.o)
 .comment       0x0000032a       0x12 /cygdrive/C/cygwin/GNUARM/bin/../lib/gcc/arm-elf/4.0.2/../../../../arm-elf/lib/thumb/interwork/libc.a(strcmp.o)
 .comment       0x0000033c       0x12 /cygdrive/C/cygwin/GNUARM/bin/../lib/gcc/arm-elf/4.0.2/../../../../arm-elf/lib/thumb/interwork/libc.a(strcpy.o)
 .comment       0x0000034e       0x12 /cygdrive/C/cygwin/GNUARM/bin/../lib/gcc/arm-elf/4.0.2/../../../../arm-elf/lib/thumb/interwork/libc.a(strlen.o)
 .comment       0x00000360       0x12 /cygdrive/C/cygwin/GNUARM/bin/../lib/gcc/arm-elf/4.0.2/../../../../arm-elf/lib/thumb/interwork/libc.a(strncpy.o)

.debug_line     0x00000000      0xb77
 .debug_line    0x00000000       0x70 /cygdrive/C/cygwin/GNUARM/bin/../lib/gcc/arm-elf/4.0.2/thumb/interwork/libgcc.a(_udivsi3.o)
 .debug_line    0x00000070       0x7c /cygdrive/C/cygwin/GNUARM/bin/../lib/gcc/arm-elf/4.0.2/thumb/interwork/libgcc.a(_divsi3.o)
 .debug_line    0x000000ec       0x68 /cygdrive/C/cygwin/GNUARM/bin/../lib/gcc/arm-elf/4.0.2/thumb/interwork/libgcc.a(_umodsi3.o)
 .debug_line    0x00000154       0x71 /cygdrive/C/cygwin/GNUARM/bin/../lib/gcc/arm-elf/4.0.2/thumb/interwork/libgcc.a(_modsi3.o)
 .debug_line    0x000001c5       0x5a /cygdrive/C/cygwin/GNUARM/bin/../lib/gcc/arm-elf/4.0.2/thumb/interwork/libgcc.a(_dvmd_tls.o)
 .debug_line    0x0000021f      0x162 /cygdrive/C/cygwin/GNUARM/bin/../lib/gcc/arm-elf/4.0.2/thumb/interwork/libgcc.a(_addsubdf3.o)
 .debug_line    0x00000381      0x177 /cygdrive/C/cygwin/GNUARM/bin/../lib/gcc/arm-elf/4.0.2/thumb/interwork/libgcc.a(_muldivdf3.o)
 .debug_line    0x000004f8       0xa4 /cygdrive/C/cygwin/GNUARM/bin/../lib/gcc/arm-elf/4.0.2/thumb/interwork/libgcc.a(_cmpdf2.o)
 .debug_line    0x0000059c       0x61 /cygdrive/C/cygwin/GNUARM/bin/../lib/gcc/arm-elf/4.0.2/thumb/interwork/libgcc.a(_muldi3.o)
 .debug_line    0x000005fd      0x122 /cygdrive/C/cygwin/GNUARM/bin/../lib/gcc/arm-elf/4.0.2/thumb/interwork/libgcc.a(_divdi3.o)
 .debug_line    0x0000071f       0x48 /cygdrive/C/cygwin/GNUARM/bin/../lib/gcc/arm-elf/4.0.2/thumb/interwork/libgcc.a(_clz.o)
 .debug_line    0x00000767       0xc3 /cygdrive/C/cygwin/GNUARM/bin/../lib/gcc/arm-elf/4.0.2/../../../../arm-elf/lib/thumb/interwork/libc.a(memcpy.o)
 .debug_line    0x0000082a       0xd4 /cygdrive/C/cygwin/GNUARM/bin/../lib/gcc/arm-elf/4.0.2/../../../../arm-elf/lib/thumb/interwork/libc.a(memset.o)
 .debug_line    0x000008fe       0x88 /cygdrive/C/cygwin/GNUARM/bin/../lib/gcc/arm-elf/4.0.2/../../../../arm-elf/lib/thumb/interwork/libc.a(strcmp.o)
 .debug_line    0x00000986       0x80 /cygdrive/C/cygwin/GNUARM/bin/../lib/gcc/arm-elf/4.0.2/../../../../arm-elf/lib/thumb/interwork/libc.a(strcpy.o)
 .debug_line    0x00000a06       0xaf /cygdrive/C/cygwin/GNUARM/bin/../lib/gcc/arm-elf/4.0.2/../../../../arm-elf/lib/thumb/interwork/libc.a(strlen.o)
 .debug_line    0x00000ab5       0xc2 /cygdrive/C/cygwin/GNUARM/bin/../lib/gcc/arm-elf/4.0.2/../../../../arm-elf/lib/thumb/interwork/libc.a(strncpy.o)

.debug_info     0x00000000     0x137a
 .debug_info    0x00000000       0x6a /cygdrive/C/cygwin/GNUARM/bin/../lib/gcc/arm-elf/4.0.2/thumb/interwork/libgcc.a(_udivsi3.o)
 .debug_info    0x0000006a       0x6a /cygdrive/C/cygwin/GNUARM/bin/../lib/gcc/arm-elf/4.0.2/thumb/interwork/libgcc.a(_divsi3.o)
 .debug_info    0x000000d4       0x6a /cygdrive/C/cygwin/GNUARM/bin/../lib/gcc/arm-elf/4.0.2/thumb/interwork/libgcc.a(_umodsi3.o)
 .debug_info    0x0000013e       0x6a /cygdrive/C/cygwin/GNUARM/bin/../lib/gcc/arm-elf/4.0.2/thumb/interwork/libgcc.a(_modsi3.o)
 .debug_info    0x000001a8       0x6a /cygdrive/C/cygwin/GNUARM/bin/../lib/gcc/arm-elf/4.0.2/thumb/interwork/libgcc.a(_dvmd_tls.o)
 .debug_info    0x00000212       0x69 /cygdrive/C/cygwin/GNUARM/bin/../lib/gcc/arm-elf/4.0.2/thumb/interwork/libgcc.a(_addsubdf3.o)
 .debug_info    0x0000027b       0x69 /cygdrive/C/cygwin/GNUARM/bin/../lib/gcc/arm-elf/4.0.2/thumb/interwork/libgcc.a(_muldivdf3.o)
 .debug_info    0x000002e4       0x69 /cygdrive/C/cygwin/GNUARM/bin/../lib/gcc/arm-elf/4.0.2/thumb/interwork/libgcc.a(_cmpdf2.o)
 .debug_info    0x0000034d      0x20e /cygdrive/C/cygwin/GNUARM/bin/../lib/gcc/arm-elf/4.0.2/thumb/interwork/libgcc.a(_muldi3.o)
 .debug_info    0x0000055b      0x758 /cygdrive/C/cygwin/GNUARM/bin/../lib/gcc/arm-elf/4.0.2/thumb/interwork/libgcc.a(_divdi3.o)
 .debug_info    0x00000cb3       0xc9 /cygdrive/C/cygwin/GNUARM/bin/../lib/gcc/arm-elf/4.0.2/thumb/interwork/libgcc.a(_clz.o)
 .debug_info    0x00000d7c      0x10d /cygdrive/C/cygwin/GNUARM/bin/../lib/gcc/arm-elf/4.0.2/../../../../arm-elf/lib/thumb/interwork/libc.a(memcpy.o)
 .debug_info    0x00000e89      0x111 /cygdrive/C/cygwin/GNUARM/bin/../lib/gcc/arm-elf/4.0.2/../../../../arm-elf/lib/thumb/interwork/libc.a(memset.o)
 .debug_info    0x00000f9a       0xd9 /cygdrive/C/cygwin/GNUARM/bin/../lib/gcc/arm-elf/4.0.2/../../../../arm-elf/lib/thumb/interwork/libc.a(strcmp.o)
 .debug_info    0x00001073      0x10c /cygdrive/C/cygwin/GNUARM/bin/../lib/gcc/arm-elf/4.0.2/../../../../arm-elf/lib/thumb/interwork/libc.a(strcpy.o)
 .debug_info    0x0000117f       0xd5 /cygdrive/C/cygwin/GNUARM/bin/../lib/gcc/arm-elf/4.0.2/../../../../arm-elf/lib/thumb/interwork/libc.a(strlen.o)
 .debug_info    0x00001254      0x126 /cygdrive/C/cygwin/GNUARM/bin/../lib/gcc/arm-elf/4.0.2/../../../../arm-elf/lib/thumb/interwork/libc.a(strncpy.o)

.debug_abbrev   0x00000000      0x69d
 .debug_abbrev  0x00000000       0x14 /cygdrive/C/cygwin/GNUARM/bin/../lib/gcc/arm-elf/4.0.2/thumb/interwork/libgcc.a(_udivsi3.o)
 .debug_abbrev  0x00000014       0x14 /cygdrive/C/cygwin/GNUARM/bin/../lib/gcc/arm-elf/4.0.2/thumb/interwork/libgcc.a(_divsi3.o)
 .debug_abbrev  0x00000028       0x14 /cygdrive/C/cygwin/GNUARM/bin/../lib/gcc/arm-elf/4.0.2/thumb/interwork/libgcc.a(_umodsi3.o)
 .debug_abbrev  0x0000003c       0x14 /cygdrive/C/cygwin/GNUARM/bin/../lib/gcc/arm-elf/4.0.2/thumb/interwork/libgcc.a(_modsi3.o)
 .debug_abbrev  0x00000050       0x14 /cygdrive/C/cygwin/GNUARM/bin/../lib/gcc/arm-elf/4.0.2/thumb/interwork/libgcc.a(_dvmd_tls.o)
 .debug_abbrev  0x00000064       0x14 /cygdrive/C/cygwin/GNUARM/bin/../lib/gcc/arm-elf/4.0.2/thumb/interwork/libgcc.a(_addsubdf3.o)
 .debug_abbrev  0x00000078       0x14 /cygdrive/C/cygwin/GNUARM/bin/../lib/gcc/arm-elf/4.0.2/thumb/interwork/libgcc.a(_muldivdf3.o)
 .debug_abbrev  0x0000008c       0x14 /cygdrive/C/cygwin/GNUARM/bin/../lib/gcc/arm-elf/4.0.2/thumb/interwork/libgcc.a(_cmpdf2.o)
 .debug_abbrev  0x000000a0       0xec /cygdrive/C/cygwin/GNUARM/bin/../lib/gcc/arm-elf/4.0.2/thumb/interwork/libgcc.a(_muldi3.o)
 .debug_abbrev  0x0000018c      0x174 /cygdrive/C/cygwin/GNUARM/bin/../lib/gcc/arm-elf/4.0.2/thumb/interwork/libgcc.a(_divdi3.o)
 .debug_abbrev  0x00000300       0x61 /cygdrive/C/cygwin/GNUARM/bin/../lib/gcc/arm-elf/4.0.2/thumb/interwork/libgcc.a(_clz.o)
 .debug_abbrev  0x00000361       0x99 /cygdrive/C/cygwin/GNUARM/bin/../lib/gcc/arm-elf/4.0.2/../../../../arm-elf/lib/thumb/interwork/libc.a(memcpy.o)
 .debug_abbrev  0x000003fa       0x9a /cygdrive/C/cygwin/GNUARM/bin/../lib/gcc/arm-elf/4.0.2/../../../../arm-elf/lib/thumb/interwork/libc.a(memset.o)
 .debug_abbrev  0x00000494       0x71 /cygdrive/C/cygwin/GNUARM/bin/../lib/gcc/arm-elf/4.0.2/../../../../arm-elf/lib/thumb/interwork/libc.a(strcmp.o)
 .debug_abbrev  0x00000505       0x80 /cygdrive/C/cygwin/GNUARM/bin/../lib/gcc/arm-elf/4.0.2/../../../../arm-elf/lib/thumb/interwork/libc.a(strcpy.o)
 .debug_abbrev  0x00000585       0x8b /cygdrive/C/cygwin/GNUARM/bin/../lib/gcc/arm-elf/4.0.2/../../../../arm-elf/lib/thumb/interwork/libc.a(strlen.o)
 .debug_abbrev  0x00000610       0x8d /cygdrive/C/cygwin/GNUARM/bin/../lib/gcc/arm-elf/4.0.2/../../../../arm-elf/lib/thumb/interwork/libc.a(strncpy.o)

.debug_aranges  0x00000000      0x200
 .debug_aranges
                0x00000000       0x20 /cygdrive/C/cygwin/GNUARM/bin/../lib/gcc/arm-elf/4.0.2/thumb/interwork/libgcc.a(_udivsi3.o)
 .debug_aranges
                0x00000020       0x20 /cygdrive/C/cygwin/GNUARM/bin/../lib/gcc/arm-elf/4.0.2/thumb/interwork/libgcc.a(_divsi3.o)
 .debug_aranges
                0x00000040       0x20 /cygdrive/C/cygwin/GNUARM/bin/../lib/gcc/arm-elf/4.0.2/thumb/interwork/libgcc.a(_umodsi3.o)
 .debug_aranges
                0x00000060       0x20 /cygdrive/C/cygwin/GNUARM/bin/../lib/gcc/arm-elf/4.0.2/thumb/interwork/libgcc.a(_modsi3.o)
 .debug_aranges
                0x00000080       0x20 /cygdrive/C/cygwin/GNUARM/bin/../lib/gcc/arm-elf/4.0.2/thumb/interwork/libgcc.a(_dvmd_tls.o)
 .debug_aranges
                0x000000a0       0x20 /cygdrive/C/cygwin/GNUARM/bin/../lib/gcc/arm-elf/4.0.2/thumb/interwork/libgcc.a(_addsubdf3.o)
 .debug_aranges
                0x000000c0       0x20 /cygdrive/C/cygwin/GNUARM/bin/../lib/gcc/arm-elf/4.0.2/thumb/interwork/libgcc.a(_muldivdf3.o)
 .debug_aranges
                0x000000e0       0x20 /cygdrive/C/cygwin/GNUARM/bin/../lib/gcc/arm-elf/4.0.2/thumb/interwork/libgcc.a(_cmpdf2.o)
 .debug_aranges
                0x00000100       0x20 /cygdrive/C/cygwin/GNUARM/bin/../lib/gcc/arm-elf/4.0.2/thumb/interwork/libgcc.a(_muldi3.o)
 .debug_aranges
                0x00000120       0x20 /cygdrive/C/cygwin/GNUARM/bin/../lib/gcc/arm-elf/4.0.2/thumb/interwork/libgcc.a(_divdi3.o)
 .debug_aranges
                0x00000140       0x20 /cygdrive/C/cygwin/GNUARM/bin/../lib/gcc/arm-elf/4.0.2/../../../../arm-elf/lib/thumb/interwork/libc.a(memcpy.o)
 .debug_aranges
                0x00000160       0x20 /cygdrive/C/cygwin/GNUARM/bin/../lib/gcc/arm-elf/4.0.2/../../../../arm-elf/lib/thumb/interwork/libc.a(memset.o)
 .debug_aranges
                0x00000180       0x20 /cygdrive/C/cygwin/GNUARM/bin/../lib/gcc/arm-elf/4.0.2/../../../../arm-elf/lib/thumb/interwork/libc.a(strcmp.o)
 .debug_aranges
                0x000001a0       0x20 /cygdrive/C/cygwin/GNUARM/bin/../lib/gcc/arm-elf/4.0.2/../../../../arm-elf/lib/thumb/interwork/libc.a(strcpy.o)
 .debug_aranges
                0x000001c0       0x20 /cygdrive/C/cygwin/GNUARM/bin/../lib/gcc/arm-elf/4.0.2/../../../../arm-elf/lib/thumb/interwork/libc.a(strlen.o)
 .debug_aranges
                0x000001e0       0x20 /cygdrive/C/cygwin/GNUARM/bin/../lib/gcc/arm-elf/4.0.2/../../../../arm-elf/lib/thumb/interwork/libc.a(strncpy.o)

.debug_frame    0x00000000      0x180
 .debug_frame   0x00000000       0x38 /cygdrive/C/cygwin/GNUARM/bin/../lib/gcc/arm-elf/4.0.2/thumb/interwork/libgcc.a(_muldi3.o)
 .debug_frame   0x00000038       0x3c /cygdrive/C/cygwin/GNUARM/bin/../lib/gcc/arm-elf/4.0.2/thumb/interwork/libgcc.a(_divdi3.o)
 .debug_frame   0x00000074       0x2c /cygdrive/C/cygwin/GNUARM/bin/../lib/gcc/arm-elf/4.0.2/../../../../arm-elf/lib/thumb/interwork/libc.a(memcpy.o)
 .debug_frame   0x000000a0       0x2c /cygdrive/C/cygwin/GNUARM/bin/../lib/gcc/arm-elf/4.0.2/../../../../arm-elf/lib/thumb/interwork/libc.a(memset.o)
 .debug_frame   0x000000cc       0x2c /cygdrive/C/cygwin/GNUARM/bin/../lib/gcc/arm-elf/4.0.2/../../../../arm-elf/lib/thumb/interwork/libc.a(strcmp.o)
 .debug_frame   0x000000f8       0x2c /cygdrive/C/cygwin/GNUARM/bin/../lib/gcc/arm-elf/4.0.2/../../../../arm-elf/lib/thumb/interwork/libc.a(strcpy.o)
 .debug_frame   0x00000124       0x2c /cygdrive/C/cygwin/GNUARM/bin/../lib/gcc/arm-elf/4.0.2/../../../../arm-elf/lib/thumb/interwork/libc.a(strlen.o)
 .debug_frame   0x00000150       0x30 /cygdrive/C/cygwin/GNUARM/bin/../lib/gcc/arm-elf/4.0.2/../../../../arm-elf/lib/thumb/interwork/libc.a(strncpy.o)

.debug_loc      0x00000000     0x13c0
 .debug_loc     0x00000000      0x156 /cygdrive/C/cygwin/GNUARM/bin/../lib/gcc/arm-elf/4.0.2/thumb/interwork/libgcc.a(_muldi3.o)
 .debug_loc     0x00000156      0xd45 /cygdrive/C/cygwin/GNUARM/bin/../lib/gcc/arm-elf/4.0.2/thumb/interwork/libgcc.a(_divdi3.o)
 .debug_loc     0x00000e9b      0x127 /cygdrive/C/cygwin/GNUARM/bin/../lib/gcc/arm-elf/4.0.2/../../../../arm-elf/lib/thumb/interwork/libc.a(memcpy.o)
 .debug_loc     0x00000fc2      0x12a /cygdrive/C/cygwin/GNUARM/bin/../lib/gcc/arm-elf/4.0.2/../../../../arm-elf/lib/thumb/interwork/libc.a(memset.o)
 .debug_loc     0x000010ec       0x8e /cygdrive/C/cygwin/GNUARM/bin/../lib/gcc/arm-elf/4.0.2/../../../../arm-elf/lib/thumb/interwork/libc.a(strcmp.o)
 .debug_loc     0x0000117a       0xb4 /cygdrive/C/cygwin/GNUARM/bin/../lib/gcc/arm-elf/4.0.2/../../../../arm-elf/lib/thumb/interwork/libc.a(strcpy.o)
 .debug_loc     0x0000122e       0x3c /cygdrive/C/cygwin/GNUARM/bin/../lib/gcc/arm-elf/4.0.2/../../../../arm-elf/lib/thumb/interwork/libc.a(strlen.o)
 .debug_loc     0x0000126a      0x156 /cygdrive/C/cygwin/GNUARM/bin/../lib/gcc/arm-elf/4.0.2/../../../../arm-elf/lib/thumb/interwork/libc.a(strncpy.o)

.debug_pubnames
                0x00000000      0x10d
 .debug_pubnames
                0x00000000       0x1f /cygdrive/C/cygwin/GNUARM/bin/../lib/gcc/arm-elf/4.0.2/thumb/interwork/libgcc.a(_muldi3.o)
 .debug_pubnames
                0x0000001f       0x1f /cygdrive/C/cygwin/GNUARM/bin/../lib/gcc/arm-elf/4.0.2/thumb/interwork/libgcc.a(_divdi3.o)
 .debug_pubnames
                0x0000003e       0x20 /cygdrive/C/cygwin/GNUARM/bin/../lib/gcc/arm-elf/4.0.2/thumb/interwork/libgcc.a(_clz.o)
 .debug_pubnames
                0x0000005e       0x1d /cygdrive/C/cygwin/GNUARM/bin/../lib/gcc/arm-elf/4.0.2/../../../../arm-elf/lib/thumb/interwork/libc.a(memcpy.o)
 .debug_pubnames
                0x0000007b       0x1d /cygdrive/C/cygwin/GNUARM/bin/../lib/gcc/arm-elf/4.0.2/../../../../arm-elf/lib/thumb/interwork/libc.a(memset.o)
 .debug_pubnames
                0x00000098       0x1d /cygdrive/C/cygwin/GNUARM/bin/../lib/gcc/arm-elf/4.0.2/../../../../arm-elf/lib/thumb/interwork/libc.a(strcmp.o)
 .debug_pubnames
                0x000000b5       0x1d /cygdrive/C/cygwin/GNUARM/bin/../lib/gcc/arm-elf/4.0.2/../../../../arm-elf/lib/thumb/interwork/libc.a(strcpy.o)
 .debug_pubnames
                0x000000d2       0x1d /cygdrive/C/cygwin/GNUARM/bin/../lib/gcc/arm-elf/4.0.2/../../../../arm-elf/lib/thumb/interwork/libc.a(strlen.o)
 .debug_pubnames
                0x000000ef       0x1e /cygdrive/C/cygwin/GNUARM/bin/../lib/gcc/arm-elf/4.0.2/../../../../arm-elf/lib/thumb/interwork/libc.a(strncpy.o)

.debug_ranges   0x00000000      0x1d8
 .debug_ranges  0x00000000       0x30 /cygdrive/C/cygwin/GNUARM/bin/../lib/gcc/arm-elf/4.0.2/thumb/interwork/libgcc.a(_muldi3.o)
 .debug_ranges  0x00000030      0x1a8 /cygdrive/C/cygwin/GNUARM/bin/../lib/gcc/arm-elf/4.0.2/thumb/interwork/libgcc.a(_divdi3.o)

.debug_str      0x00000000      0x38b
 .debug_str     0x00000000       0xfb /cygdrive/C/cygwin/GNUARM/bin/../lib/gcc/arm-elf/4.0.2/thumb/interwork/libgcc.a(_muldi3.o)
                                0x14f (size before relaxing)
 .debug_str     0x000000fb       0x5d /cygdrive/C/cygwin/GNUARM/bin/../lib/gcc/arm-elf/4.0.2/thumb/interwork/libgcc.a(_divdi3.o)
                                0x1a3 (size before relaxing)
 .debug_str     0x00000158        0x0 /cygdrive/C/cygwin/GNUARM/bin/../lib/gcc/arm-elf/4.0.2/thumb/interwork/libgcc.a(_clz.o)
                                0x104 (size before relaxing)
 .debug_str     0x00000158       0xb3 /cygdrive/C/cygwin/GNUARM/bin/../lib/gcc/arm-elf/4.0.2/../../../../arm-elf/lib/thumb/interwork/libc.a(memcpy.o)
                                 0xdf (size before relaxing)
 .debug_str     0x0000020b       0x5a /cygdrive/C/cygwin/GNUARM/bin/../lib/gcc/arm-elf/4.0.2/../../../../arm-elf/lib/thumb/interwork/libc.a(memset.o)
                                0x129 (size before relaxing)
 .debug_str     0x00000265       0x46 /cygdrive/C/cygwin/GNUARM/bin/../lib/gcc/arm-elf/4.0.2/../../../../arm-elf/lib/thumb/interwork/libc.a(strcmp.o)
                                0x10e (size before relaxing)
 .debug_str     0x000002ab       0x46 /cygdrive/C/cygwin/GNUARM/bin/../lib/gcc/arm-elf/4.0.2/../../../../arm-elf/lib/thumb/interwork/libc.a(strcpy.o)
                                0x130 (size before relaxing)
 .debug_str     0x000002f1       0x4c /cygdrive/C/cygwin/GNUARM/bin/../lib/gcc/arm-elf/4.0.2/../../../../arm-elf/lib/thumb/interwork/libc.a(strlen.o)
                                0x128 (size before relaxing)
 .debug_str     0x0000033d       0x4e /cygdrive/C/cygwin/GNUARM/bin/../lib/gcc/arm-elf/4.0.2/../../../../arm-elf/lib/thumb/interwork/libc.a(strncpy.o)
                                0x13f (size before relaxing)

Cross Reference Table

Symbol                                            File
ActivateTask                                      build/kernel/task_manage.o
                                                  build/./kernel_cfg.o
CancelAlarm                                       build/kernel/alarm.o
ChainTask                                         build/kernel/task_manage.o
ClearEvent                                        build/kernel/event.o
                                                  build/drive.o
DisableAllInterrupts                              build/kernel/interrupt.o
Disp                                              build/./kernel_cfg.o
                                                  build/drive.o
EnableAllInterrupts                               build/kernel/interrupt.o
ErrorHook                                         ../../../../../../nxtOSEK/ecrobot/../ecrobot/libecrobot.a(osek_hook.o)
                                                  build/kernel/osctl.o
GetActiveApplicationMode                          build/kernel/osctl.o
GetAlarm                                          build/kernel/alarm.o
GetAlarmBase                                      build/kernel/alarm.o
GetEvent                                          build/kernel/event.o
                                                  build/drive.o
GetResource                                       build/kernel/resource.o
GetTaskID                                         build/kernel/task_manage.o
GetTaskState                                      build/kernel/task_manage.o
Main                                              build/./kernel_cfg.o
                                                  build/drive.o
NXT_Entry_Point                                   build/nxt_entry_point.o
                                                  build/nxt_binary_header.o
PostTaskHook                                      ../../../../../../nxtOSEK/ecrobot/../ecrobot/libecrobot.a(osek_hook.o)
                                                  build/config/at91sam7s-gnu/cpu_support.oram
                                                  build/kernel/osctl.o
PreTaskHook                                       ../../../../../../nxtOSEK/ecrobot/../ecrobot/libecrobot.a(osek_hook.o)
                                                  build/config/at91sam7s-gnu/cpu_support.oram
                                                  build/kernel/osctl.o
ReadPort_direction                                build/drive.o
ReleaseResource                                   build/kernel/resource.o
ResumeAllInterrupts                               build/kernel/interrupt.o
ResumeOSInterrupts                                build/kernel/interrupt.o
ReverseDir                                        build/./kernel_cfg.o
                                                  build/drive.o
Schedule                                          build/kernel/task_manage.o
SetAbsAlarm                                       build/kernel/alarm.o
SetEvent                                          build/kernel/event.o
                                                  build/drive.o
SetRelAlarm                                       build/kernel/alarm.o
ShutdownHook                                      ../../../../../../nxtOSEK/ecrobot/../ecrobot/libecrobot.a(osek_hook.o)
                                                  build/kernel/osctl.o
ShutdownOS                                        build/kernel/osctl.o
                                                  build/drive.o
SignalCounter                                     build/kernel/alarm.o
                                                  build/drive.o
StartOS                                           build/kernel/osctl.o
                                                  build/ecrobot.o
StartupHook                                       ../../../../../../nxtOSEK/ecrobot/../ecrobot/libecrobot.a(osek_hook.o)
                                                  build/kernel/osctl.o
SuspendAllInterrupts                              build/kernel/interrupt.o
SuspendOSInterrupts                               build/kernel/interrupt.o
TaskMainDisp                                      build/drive.o
                                                  build/./kernel_cfg.o
TaskMainMain                                      build/drive.o
                                                  build/./kernel_cfg.o
TaskMainReverseDir                                build/drive.o
                                                  build/./kernel_cfg.o
TaskMaincheckDriveButton                          build/drive.o
                                                  build/./kernel_cfg.o
TaskMaincheckTurnButton                           build/drive.o
                                                  build/./kernel_cfg.o
TerminateTask                                     build/kernel/task_manage.o
                                                  build/drive.o
WaitEvent                                         build/kernel/event.o
                                                  build/drive.o
WaitTriggerPort_direction                         build/drive.o
WritePort_direction                               build/drive.o
WriteTriggerPort_direction                        build/drive.o
____floatsidf_change_to_arm                       /cygdrive/C/cygwin/GNUARM/bin/../lib/gcc/arm-elf/4.0.2/../../../../arm-elf/lib/thumb/interwork/libc.a(strncpy.o)
____floatsidf_from_thumb                          /cygdrive/C/cygwin/GNUARM/bin/../lib/gcc/arm-elf/4.0.2/../../../../arm-elf/lib/thumb/interwork/libc.a(strncpy.o)
____gtdf2_change_to_arm                           /cygdrive/C/cygwin/GNUARM/bin/../lib/gcc/arm-elf/4.0.2/../../../../arm-elf/lib/thumb/interwork/libc.a(strncpy.o)
____gtdf2_from_thumb                              /cygdrive/C/cygwin/GNUARM/bin/../lib/gcc/arm-elf/4.0.2/../../../../arm-elf/lib/thumb/interwork/libc.a(strncpy.o)
____muldf3_change_to_arm                          /cygdrive/C/cygwin/GNUARM/bin/../lib/gcc/arm-elf/4.0.2/../../../../arm-elf/lib/thumb/interwork/libc.a(strncpy.o)
____muldf3_from_thumb                             /cygdrive/C/cygwin/GNUARM/bin/../lib/gcc/arm-elf/4.0.2/../../../../arm-elf/lib/thumb/interwork/libc.a(strncpy.o)
__adddf3                                          /cygdrive/C/cygwin/GNUARM/bin/../lib/gcc/arm-elf/4.0.2/thumb/interwork/libgcc.a(_addsubdf3.o)
__aeabi_cdcmpeq                                   /cygdrive/C/cygwin/GNUARM/bin/../lib/gcc/arm-elf/4.0.2/thumb/interwork/libgcc.a(_cmpdf2.o)
__aeabi_cdcmple                                   /cygdrive/C/cygwin/GNUARM/bin/../lib/gcc/arm-elf/4.0.2/thumb/interwork/libgcc.a(_cmpdf2.o)
__aeabi_cdrcmple                                  /cygdrive/C/cygwin/GNUARM/bin/../lib/gcc/arm-elf/4.0.2/thumb/interwork/libgcc.a(_cmpdf2.o)
__aeabi_dadd                                      /cygdrive/C/cygwin/GNUARM/bin/../lib/gcc/arm-elf/4.0.2/thumb/interwork/libgcc.a(_addsubdf3.o)
__aeabi_dcmpeq                                    /cygdrive/C/cygwin/GNUARM/bin/../lib/gcc/arm-elf/4.0.2/thumb/interwork/libgcc.a(_cmpdf2.o)
__aeabi_dcmpge                                    /cygdrive/C/cygwin/GNUARM/bin/../lib/gcc/arm-elf/4.0.2/thumb/interwork/libgcc.a(_cmpdf2.o)
__aeabi_dcmpgt                                    /cygdrive/C/cygwin/GNUARM/bin/../lib/gcc/arm-elf/4.0.2/thumb/interwork/libgcc.a(_cmpdf2.o)
__aeabi_dcmple                                    /cygdrive/C/cygwin/GNUARM/bin/../lib/gcc/arm-elf/4.0.2/thumb/interwork/libgcc.a(_cmpdf2.o)
__aeabi_dcmplt                                    /cygdrive/C/cygwin/GNUARM/bin/../lib/gcc/arm-elf/4.0.2/thumb/interwork/libgcc.a(_cmpdf2.o)
__aeabi_ddiv                                      /cygdrive/C/cygwin/GNUARM/bin/../lib/gcc/arm-elf/4.0.2/thumb/interwork/libgcc.a(_muldivdf3.o)
__aeabi_dmul                                      /cygdrive/C/cygwin/GNUARM/bin/../lib/gcc/arm-elf/4.0.2/thumb/interwork/libgcc.a(_muldivdf3.o)
__aeabi_drsub                                     /cygdrive/C/cygwin/GNUARM/bin/../lib/gcc/arm-elf/4.0.2/thumb/interwork/libgcc.a(_addsubdf3.o)
__aeabi_dsub                                      /cygdrive/C/cygwin/GNUARM/bin/../lib/gcc/arm-elf/4.0.2/thumb/interwork/libgcc.a(_addsubdf3.o)
__aeabi_f2d                                       /cygdrive/C/cygwin/GNUARM/bin/../lib/gcc/arm-elf/4.0.2/thumb/interwork/libgcc.a(_addsubdf3.o)
__aeabi_i2d                                       /cygdrive/C/cygwin/GNUARM/bin/../lib/gcc/arm-elf/4.0.2/thumb/interwork/libgcc.a(_addsubdf3.o)
__aeabi_idiv0                                     /cygdrive/C/cygwin/GNUARM/bin/../lib/gcc/arm-elf/4.0.2/thumb/interwork/libgcc.a(_dvmd_tls.o)
__aeabi_idivmod                                   /cygdrive/C/cygwin/GNUARM/bin/../lib/gcc/arm-elf/4.0.2/thumb/interwork/libgcc.a(_divsi3.o)
__aeabi_l2d                                       /cygdrive/C/cygwin/GNUARM/bin/../lib/gcc/arm-elf/4.0.2/thumb/interwork/libgcc.a(_addsubdf3.o)
__aeabi_ldiv0                                     /cygdrive/C/cygwin/GNUARM/bin/../lib/gcc/arm-elf/4.0.2/thumb/interwork/libgcc.a(_dvmd_tls.o)
__aeabi_ui2d                                      /cygdrive/C/cygwin/GNUARM/bin/../lib/gcc/arm-elf/4.0.2/thumb/interwork/libgcc.a(_addsubdf3.o)
__aeabi_uidivmod                                  /cygdrive/C/cygwin/GNUARM/bin/../lib/gcc/arm-elf/4.0.2/thumb/interwork/libgcc.a(_udivsi3.o)
__aeabi_ul2d                                      /cygdrive/C/cygwin/GNUARM/bin/../lib/gcc/arm-elf/4.0.2/thumb/interwork/libgcc.a(_addsubdf3.o)
__bss_end__                                       build/ecrobot_init.o
__bss_start__                                     build/ecrobot_init.o
__call_posttaskhook_from_arm                      /cygdrive/C/cygwin/GNUARM/bin/../lib/gcc/arm-elf/4.0.2/../../../../arm-elf/lib/thumb/interwork/libc.a(strncpy.o)
__call_pretaskhook_from_arm                       /cygdrive/C/cygwin/GNUARM/bin/../lib/gcc/arm-elf/4.0.2/../../../../arm-elf/lib/thumb/interwork/libc.a(strncpy.o)
__clz_tab                                         /cygdrive/C/cygwin/GNUARM/bin/../lib/gcc/arm-elf/4.0.2/thumb/interwork/libgcc.a(_clz.o)
                                                  /cygdrive/C/cygwin/GNUARM/bin/../lib/gcc/arm-elf/4.0.2/thumb/interwork/libgcc.a(_divdi3.o)
__cmpdf2                                          /cygdrive/C/cygwin/GNUARM/bin/../lib/gcc/arm-elf/4.0.2/thumb/interwork/libgcc.a(_cmpdf2.o)
__ctor_begin                                      build/ecrobot_base.o
__ctor_end                                        build/ecrobot_base.o
__data_load_end__                                 build/ecrobot_init.o
__data_load_start__                               build/ecrobot_init.o
__data_ram_start__                                build/ecrobot_init.o
__disable_int_change_to_arm                       /cygdrive/C/cygwin/GNUARM/bin/../lib/gcc/arm-elf/4.0.2/../../../../arm-elf/lib/thumb/interwork/libc.a(strncpy.o)
__disable_int_from_thumb                          /cygdrive/C/cygwin/GNUARM/bin/../lib/gcc/arm-elf/4.0.2/../../../../arm-elf/lib/thumb/interwork/libc.a(strncpy.o)
__dispatch_change_to_arm                          /cygdrive/C/cygwin/GNUARM/bin/../lib/gcc/arm-elf/4.0.2/../../../../arm-elf/lib/thumb/interwork/libc.a(strncpy.o)
__dispatch_from_thumb                             /cygdrive/C/cygwin/GNUARM/bin/../lib/gcc/arm-elf/4.0.2/../../../../arm-elf/lib/thumb/interwork/libc.a(strncpy.o)
__display_bios_status_change_to_arm               /cygdrive/C/cygwin/GNUARM/bin/../lib/gcc/arm-elf/4.0.2/../../../../arm-elf/lib/thumb/interwork/libc.a(strncpy.o)
__display_bios_status_from_thumb                  /cygdrive/C/cygwin/GNUARM/bin/../lib/gcc/arm-elf/4.0.2/../../../../arm-elf/lib/thumb/interwork/libc.a(strncpy.o)
__div0                                            /cygdrive/C/cygwin/GNUARM/bin/../lib/gcc/arm-elf/4.0.2/thumb/interwork/libgcc.a(_dvmd_tls.o)
                                                  /cygdrive/C/cygwin/GNUARM/bin/../lib/gcc/arm-elf/4.0.2/thumb/interwork/libgcc.a(_modsi3.o)
                                                  /cygdrive/C/cygwin/GNUARM/bin/../lib/gcc/arm-elf/4.0.2/thumb/interwork/libgcc.a(_umodsi3.o)
                                                  /cygdrive/C/cygwin/GNUARM/bin/../lib/gcc/arm-elf/4.0.2/thumb/interwork/libgcc.a(_divsi3.o)
                                                  /cygdrive/C/cygwin/GNUARM/bin/../lib/gcc/arm-elf/4.0.2/thumb/interwork/libgcc.a(_udivsi3.o)
__divdf3                                          /cygdrive/C/cygwin/GNUARM/bin/../lib/gcc/arm-elf/4.0.2/thumb/interwork/libgcc.a(_muldivdf3.o)
__divdi3                                          /cygdrive/C/cygwin/GNUARM/bin/../lib/gcc/arm-elf/4.0.2/thumb/interwork/libgcc.a(_divdi3.o)
                                                  ../../../../../../nxtOSEK/ecrobot/../ecrobot/libecrobot.a(sound.oram)
__divsi3                                          /cygdrive/C/cygwin/GNUARM/bin/../lib/gcc/arm-elf/4.0.2/thumb/interwork/libgcc.a(_divsi3.o)
                                                  ../../../../../../nxtOSEK/ecrobot/../ecrobot/libecrobot.a(sound.oram)
                                                  ../../../../../../nxtOSEK/ecrobot/../ecrobot/libecrobot.a(uart.oram)
__dtor_begin                                      build/ecrobot_base.o
__dtor_end                                        build/ecrobot_base.o
__ecrobot_debug1_from_arm                         /cygdrive/C/cygwin/GNUARM/bin/../lib/gcc/arm-elf/4.0.2/../../../../arm-elf/lib/thumb/interwork/libc.a(strncpy.o)
__ecrobot_debug2_from_arm                         /cygdrive/C/cygwin/GNUARM/bin/../lib/gcc/arm-elf/4.0.2/../../../../arm-elf/lib/thumb/interwork/libc.a(strncpy.o)
__enable_int_change_to_arm                        /cygdrive/C/cygwin/GNUARM/bin/../lib/gcc/arm-elf/4.0.2/../../../../arm-elf/lib/thumb/interwork/libc.a(strncpy.o)
__enable_int_from_thumb                           /cygdrive/C/cygwin/GNUARM/bin/../lib/gcc/arm-elf/4.0.2/../../../../arm-elf/lib/thumb/interwork/libc.a(strncpy.o)
__eqdf2                                           /cygdrive/C/cygwin/GNUARM/bin/../lib/gcc/arm-elf/4.0.2/thumb/interwork/libgcc.a(_cmpdf2.o)
__exit_and_dispatch_change_to_arm                 /cygdrive/C/cygwin/GNUARM/bin/../lib/gcc/arm-elf/4.0.2/../../../../arm-elf/lib/thumb/interwork/libc.a(strncpy.o)
__exit_and_dispatch_from_thumb                    /cygdrive/C/cygwin/GNUARM/bin/../lib/gcc/arm-elf/4.0.2/../../../../arm-elf/lib/thumb/interwork/libc.a(strncpy.o)
__extendsfdf2                                     /cygdrive/C/cygwin/GNUARM/bin/../lib/gcc/arm-elf/4.0.2/thumb/interwork/libgcc.a(_addsubdf3.o)
__floatdidf                                       /cygdrive/C/cygwin/GNUARM/bin/../lib/gcc/arm-elf/4.0.2/thumb/interwork/libgcc.a(_addsubdf3.o)
__floatsidf                                       /cygdrive/C/cygwin/GNUARM/bin/../lib/gcc/arm-elf/4.0.2/thumb/interwork/libgcc.a(_addsubdf3.o)
                                                  ../../../../../../nxtOSEK/ecrobot/../ecrobot/libecrobot.a(colorsensor.o)
__floatundidf                                     /cygdrive/C/cygwin/GNUARM/bin/../lib/gcc/arm-elf/4.0.2/thumb/interwork/libgcc.a(_addsubdf3.o)
__floatunsidf                                     /cygdrive/C/cygwin/GNUARM/bin/../lib/gcc/arm-elf/4.0.2/thumb/interwork/libgcc.a(_addsubdf3.o)
__gedf2                                           /cygdrive/C/cygwin/GNUARM/bin/../lib/gcc/arm-elf/4.0.2/thumb/interwork/libgcc.a(_cmpdf2.o)
__gtdf2                                           /cygdrive/C/cygwin/GNUARM/bin/../lib/gcc/arm-elf/4.0.2/thumb/interwork/libgcc.a(_cmpdf2.o)
                                                  ../../../../../../nxtOSEK/ecrobot/../ecrobot/libecrobot.a(colorsensor.o)
__interrupts_enable_change_to_arm                 /cygdrive/C/cygwin/GNUARM/bin/../lib/gcc/arm-elf/4.0.2/../../../../arm-elf/lib/thumb/interwork/libc.a(strncpy.o)
__interrupts_enable_from_thumb                    /cygdrive/C/cygwin/GNUARM/bin/../lib/gcc/arm-elf/4.0.2/../../../../arm-elf/lib/thumb/interwork/libc.a(strncpy.o)
__interrupts_get_and_disable_change_to_arm        /cygdrive/C/cygwin/GNUARM/bin/../lib/gcc/arm-elf/4.0.2/../../../../arm-elf/lib/thumb/interwork/libc.a(strncpy.o)
__interrupts_get_and_disable_from_thumb           /cygdrive/C/cygwin/GNUARM/bin/../lib/gcc/arm-elf/4.0.2/../../../../arm-elf/lib/thumb/interwork/libc.a(strncpy.o)
__irq_stack__                                     build/ecrobot_init.o
__ledf2                                           /cygdrive/C/cygwin/GNUARM/bin/../lib/gcc/arm-elf/4.0.2/thumb/interwork/libgcc.a(_cmpdf2.o)
__ltdf2                                           /cygdrive/C/cygwin/GNUARM/bin/../lib/gcc/arm-elf/4.0.2/thumb/interwork/libgcc.a(_cmpdf2.o)
__modsi3                                          /cygdrive/C/cygwin/GNUARM/bin/../lib/gcc/arm-elf/4.0.2/thumb/interwork/libgcc.a(_modsi3.o)
                                                  ../../../../../../nxtOSEK/ecrobot/../ecrobot/libecrobot.a(flash_loader.oram)
                                                  ../../../../../../nxtOSEK/ecrobot/../ecrobot/libecrobot.a(sound.oram)
__muldf3                                          /cygdrive/C/cygwin/GNUARM/bin/../lib/gcc/arm-elf/4.0.2/thumb/interwork/libgcc.a(_muldivdf3.o)
                                                  ../../../../../../nxtOSEK/ecrobot/../ecrobot/libecrobot.a(colorsensor.o)