Archive member included because of file (symbol)

../../../../../../../../nxtOSEK/ecrobot/../ecrobot/libecrobot.a(ecrobot_device_hook.o)
                              build/ecrobot.o (ecrobot_device_initialize)
../../../../../../../../nxtOSEK/ecrobot/../ecrobot/libecrobot.a(ecrobot_interface.o)
                              build/ecrobot_base.o (ecrobot_get_battery_voltage)
../../../../../../../../nxtOSEK/ecrobot/../ecrobot/libecrobot.a(colorsensor.o)
                              ../../../../../../../../nxtOSEK/ecrobot/../ecrobot/libecrobot.a(ecrobot_interface.o) (colorsensor_init)
../../../../../../../../nxtOSEK/ecrobot/../ecrobot/libecrobot.a(osek_hook.o)
                              build/kernel/osctl.o (StartupHook)
../../../../../../../../nxtOSEK/ecrobot/../ecrobot/libecrobot.a(uart.oram)
                              build/config/at91sam7s-gnu/irq.oram (uart_isr_C_0)
../../../../../../../../nxtOSEK/ecrobot/../ecrobot/libecrobot.a(systick.oram)
                              build/syslib/at91sam7s-gnu/lego_nxt/hw_sys_timer.oram (systick_low_priority_C)
../../../../../../../../nxtOSEK/ecrobot/../ecrobot/libecrobot.a(byte_fifo.oram)
                              ../../../../../../../../nxtOSEK/ecrobot/../ecrobot/libecrobot.a(uart.oram) (byte_fifo_put)
../../../../../../../../nxtOSEK/ecrobot/../ecrobot/libecrobot.a(aic.oram)
                              ../../../../../../../../nxtOSEK/ecrobot/../ecrobot/libecrobot.a(uart.oram) (aic_set_vector)
../../../../../../../../nxtOSEK/ecrobot/../ecrobot/libecrobot.a(udp.oram)
                              build/config/at91sam7s-gnu/irq.oram (udp_isr_C)
../../../../../../../../nxtOSEK/ecrobot/../ecrobot/libecrobot.a(twi.oram)
                              build/config/at91sam7s-gnu/irq.oram (twi_isr_C)
../../../../../../../../nxtOSEK/ecrobot/../ecrobot/libecrobot.a(nxt_spi.oram)
                              build/config/at91sam7s-gnu/irq.oram (spi_isr_C)
../../../../../../../../nxtOSEK/ecrobot/../ecrobot/libecrobot.a(nxt_motors.oram)
                              ../../../../../../../../nxtOSEK/ecrobot/../ecrobot/libecrobot.a(ecrobot_interface.o) (nxt_motor_get_count)
../../../../../../../../nxtOSEK/ecrobot/../ecrobot/libecrobot.a(data_abort.oram)
                              build/ecrobot_init.o (data_abort_C)
../../../../../../../../nxtOSEK/ecrobot/../ecrobot/libecrobot.a(display.oram)
                              build/ecrobot_base.o (display_update)
../../../../../../../../nxtOSEK/ecrobot/../ecrobot/libecrobot.a(i2c.oram)
                              build/config/at91sam7s-gnu/irq.oram (i2c_timer_isr_C)
../../../../../../../../nxtOSEK/ecrobot/../ecrobot/libecrobot.a(sound.oram)
                              ../../../../../../../../nxtOSEK/ecrobot/../ecrobot/libecrobot.a(ecrobot_interface.o) (sound_get_time)
../../../../../../../../nxtOSEK/ecrobot/../ecrobot/libecrobot.a(bt.oram)
                              build/ecrobot_bluetooth.o (bt_send)
../../../../../../../../nxtOSEK/ecrobot/../ecrobot/libecrobot.a(nxt_avr.oram)
                              build/ecrobot_base.o (nxt_avr_power_down)
../../../../../../../../nxtOSEK/ecrobot/../ecrobot/libecrobot.a(sensors.oram)
                              ../../../../../../../../nxtOSEK/ecrobot/../ecrobot/libecrobot.a(ecrobot_interface.o) (unset_digi0)
../../../../../../../../nxtOSEK/ecrobot/../ecrobot/libecrobot.a(sensors1.oram)
                              ../../../../../../../../nxtOSEK/ecrobot/../ecrobot/libecrobot.a(colorsensor.o) (sensor_pins)
../../../../../../../../nxtOSEK/ecrobot/../ecrobot/libecrobot.a(nxt_lcd.oram)
                              ../../../../../../../../nxtOSEK/ecrobot/../ecrobot/libecrobot.a(display.oram) (nxt_lcd_force_update)
../../../../../../../../nxtOSEK/ecrobot/../ecrobot/libecrobot.a(flash_loader.oram)
                              build/ecrobot.o (set_flash_request)
../../../../../../../../nxtOSEK/ecrobot/../ecrobot/libecrobot.a(interrupts.oram)
                              ../../../../../../../../nxtOSEK/ecrobot/../ecrobot/libecrobot.a(uart.oram) (interrupts_get_and_disable)
../../../../../../../../nxtOSEK/ecrobot/../ecrobot/libecrobot.a(nxtosek_splash.obmp)
                              build/ecrobot_base.o (nxtosek_splash_bmp_start)
../../../../../../../../nxtOSEK/ecrobot/../ecrobot/libecrobot.a(ecrobot_usb.o)
                              ../../../../../../../../nxtOSEK/ecrobot/../ecrobot/libecrobot.a(flash_loader.oram) (ecrobot_init_usb)
../../../../../../../../nxtOSEK/ecrobot/../ecrobot/libecrobot.a(flashprog.oram)
                              ../../../../../../../../nxtOSEK/ecrobot/../ecrobot/libecrobot.a(flash_loader.oram) (flash_write_page)
/cygdrive/C/cygwin/GNUARM/bin/../lib/gcc/arm-elf/4.0.2/thumb/interwork/libgcc.a(_udivsi3.o)
                              build/ecrobot_base.o (__udivsi3)
/cygdrive/C/cygwin/GNUARM/bin/../lib/gcc/arm-elf/4.0.2/thumb/interwork/libgcc.a(_divsi3.o)
[...]
Memory Configuration

Name             Origin             Length             Attributes
vector_ram       0x00200000         0x00000040
ram              0x00200040         0x0000ffc0
*default*        0x00000000         0xffffffff

Linker script and memory map

LOAD build/kernel/alarm.o
LOAD build/kernel/event.o
LOAD build/kernel/interrupt.o
LOAD build/kernel/osctl.o
LOAD build/kernel/resource.o
LOAD build/kernel/task.o
LOAD build/kernel/task_manage.o
LOAD build/config/at91sam7s-gnu/cpu_config.o
LOAD build/config/at91sam7s-gnu/lego_nxt/sys_config.o
LOAD build/./kernel_cfg.o
LOAD build/syscalls.o
LOAD build/ecrobot_bluetooth.o
LOAD build/ecrobot_base.o
LOAD build/ecrobot.o
LOAD build/Slave_Event.o
LOAD build/RTE_Output_SetOutput_OSPort_Out.o
LOAD build/RTE_SchussMotor_SetOutputValue_OSPort_Out.o
LOAD build/RTE_StartTrigger_GetSensorValue_OSPort_In.o
LOAD build/RTE_StopSensor_GetSensorValue_OSPort_In.o
LOAD build/syslib/at91sam7s-gnu/lego_nxt/hw_sys_timer.oram
LOAD build/nxtvm/platform/nxt/vectors.o
LOAD build/config/at91sam7s-gnu/debug.o
LOAD build/config/at91sam7s-gnu/lego_nxt/sys_support.o
LOAD build/nxt_binary_header.o
LOAD build/nxt_entry_point.o
LOAD build/ecrobot_init.o
LOAD build/config/at91sam7s-gnu/cpu_support.oram
LOAD build/config/at91sam7s-gnu/irq.oram
LOAD ../../../../../../../../nxtOSEK/ecrobot/../c++/liblejososek.a
LOAD ../../../../../../../../nxtOSEK/ecrobot/../ecrobot/libecrobot.a
LOAD /cygdrive/C/cygwin/GNUARM/bin/../lib/gcc/arm-elf/4.0.2/../../../../arm-elf/lib/thumb/interwork/libstdc++.a
LOAD /cygdrive/C/cygwin/GNUARM/bin/../lib/gcc/arm-elf/4.0.2/../../../../arm-elf/lib/thumb/interwork/libm.a
LOAD /cygdrive/C/cygwin/GNUARM/bin/../lib/gcc/arm-elf/4.0.2/thumb/interwork/libgcc.a
LOAD /cygdrive/C/cygwin/GNUARM/bin/../lib/gcc/arm-elf/4.0.2/../../../../arm-elf/lib/thumb/interwork/libc.a
LOAD /cygdrive/C/cygwin/GNUARM/bin/../lib/gcc/arm-elf/4.0.2/thumb/interwork/libgcc.a
                0x00200000                RAM_BASE = 0x200000
                0x00010000                RAM_SIZE = 0x10000

.samba_reserved
                0x00200040     0x1fc0
                0x00202000                . = 0x1fc0
 *fill*         0x00200040     0x1fc0 00
                0x00200040                __samba_ram_start__ = ADDR (.samba_reserved)
                0x00202000                __samba_ram_end__ = (__samba_ram_start__ + SIZEOF (.samba_reserved))

.vectors        0x00200000       0x40 load address 0x00202000
 vectors.o(*.text *.text.*)
 .text          0x00200000       0x38 build/nxtvm/platform/nxt/vectors.o
                0x00200040                . = ALIGN (0x10)
 *fill*         0x00200038        0x8 00
                0x00200000                __vectors_ram_start__ = ADDR (.vectors)
                0x00200040                __vectors_ram_end__ = (ADDR (.vectors) + SIZEOF (.vectors))
                0x00202000                __vectors_load_start__ = LOADADDR (.vectors)
                0x00202040                __vectors_load_end__ = (LOADADDR (.vectors) + SIZEOF (.vectors))

.init           0x00202040      0x280
 *ecrobot_init.o(*.text *.text.*)
 .text          0x00202040      0x280 build/ecrobot_init.o
                0x002021ac                undef_handler
                0x002021b4                prefetch_abort_handler
                0x002021b8                data_abort_handler
                0x002021b0                swi_handler
                0x00202040                start
                0x002021d4                reserved_handler
                0x002022c0                . = ALIGN (0x10)

.ram_text       0x002022c0     0x3200
                0x002022c0                . = ALIGN (0x10)
 *.oram(*.text *.text.* *.glue*)
 .text.systick_isr_C1
                0x002022c0       0x28 build/syslib/at91sam7s-gnu/lego_nxt/hw_sys_timer.oram
                0x002022c0                systick_isr_C1
 *fill*         0x002022e8        0x8 00
 .text          0x002022f0      0x230 build/config/at91sam7s-gnu/cpu_support.oram
                0x002024d0                enable_int
                0x00202370                start_dispatch
                0x00202330                activate_r
                0x002024c8                disable_int
                0x002022f0                dispatch
                0x0020249c                int_return
                0x0020242c                _interrupt
                0x00202360                exit_and_dispatch
                0x002024d8                nop
 .text          0x00202520      0x2c0 build/config/at91sam7s-gnu/irq.oram
                0x00202520                default_isr
                0x002026ac                uart_isr_entry_0
                0x0020262c                twi_isr_entry
                0x002026ec                uart_isr_entry_1
                0x002025ec                spi_isr_entry
                0x0020256c                systick_low_priority_entry
                0x0020272c                nxt_motor_isr_entry
                0x0020276c                i2c_timer_isr_entry
                0x00202520                default_fiq
                0x00202524                systick_isr_entry
                0x00202520                spurious_isr
                0x0020266c                sound_isr_entry
                0x002025ac                udp_isr_entry
 .text.uart_process_isr
                0x002027e0       0x88 ../../../../../../../../nxtOSEK/ecrobot/../ecrobot/libecrobot.a(uart.oram)
 .text.uart_isr_C_0
                0x00202868        0xc ../../../../../../../../nxtOSEK/ecrobot/../ecrobot/libecrobot.a(uart.oram)
                0x00202868                uart_isr_C_0
 .text.uart_isr_C_1
                0x00202874        0xc ../../../../../../../../nxtOSEK/ecrobot/../ecrobot/libecrobot.a(uart.oram)
                0x00202874                uart_isr_C_1
 .text.systick_low_priority_C
                0x00202880       0x1c ../../../../../../../../nxtOSEK/ecrobot/../ecrobot/libecrobot.a(systick.oram)
                0x00202880                systick_low_priority_C
 .text.systick_isr_C
                0x0020289c       0x24 ../../../../../../../../nxtOSEK/ecrobot/../ecrobot/libecrobot.a(systick.oram)
                0x0020289c                systick_isr_C
 .text.systick_get_ms
                0x002028c0        0xc ../../../../../../../../nxtOSEK/ecrobot/../ecrobot/libecrobot.a(systick.oram)
                0x002028c0                systick_get_ms
 .text.systick_wait_ms
                0x002028cc       0x1c ../../../../../../../../nxtOSEK/ecrobot/../ecrobot/libecrobot.a(systick.oram)
                0x002028cc                systick_wait_ms
 .text.systick_wait_ns
                0x002028e8       0x1c ../../../../../../../../nxtOSEK/ecrobot/../ecrobot/libecrobot.a(systick.oram)
                0x002028e8                systick_wait_ns
 .text.systick_init
                0x00202904       0x58 ../../../../../../../../nxtOSEK/ecrobot/../ecrobot/libecrobot.a(systick.oram)
                0x00202904                systick_init
 .text.systick_suspend
                0x0020295c        0xc ../../../../../../../../nxtOSEK/ecrobot/../ecrobot/libecrobot.a(systick.oram)
                0x0020295c                systick_suspend
 .text.systick_resume
                0x00202968        0xc ../../../../../../../../nxtOSEK/ecrobot/../ecrobot/libecrobot.a(systick.oram)
                0x00202968                systick_resume
 .text.byte_fifo_put
                0x00202974       0x58 ../../../../../../../../nxtOSEK/ecrobot/../ecrobot/libecrobot.a(byte_fifo.oram)
                0x00202974                byte_fifo_put
 .text.byte_fifo_get
                0x002029cc       0x2c ../../../../../../../../nxtOSEK/ecrobot/../ecrobot/libecrobot.a(byte_fifo.oram)
                0x002029cc                byte_fifo_get
 .text.aic_initialise
                0x002029f8       0x5c ../../../../../../../../nxtOSEK/ecrobot/../ecrobot/libecrobot.a(aic.oram)
                0x002029f8                aic_initialise
 .text.aic_set_vector
                0x00202a54       0x30 ../../../../../../../../nxtOSEK/ecrobot/../ecrobot/libecrobot.a(aic.oram)
                0x00202a54                aic_set_vector
 .text.aic_mask_on
                0x00202a84       0x24 ../../../../../../../../nxtOSEK/ecrobot/../ecrobot/libecrobot.a(aic.oram)
                0x00202a84                aic_mask_on
 .text.aic_mask_off
                0x00202aa8       0x24 ../../../../../../../../nxtOSEK/ecrobot/../ecrobot/libecrobot.a(aic.oram)
                0x00202aa8                aic_mask_off
 .text.aic_clear
                0x00202acc       0x24 ../../../../../../../../nxtOSEK/ecrobot/../ecrobot/libecrobot.a(aic.oram)
                0x00202acc                aic_clear
 .text.reset    0x00202af0       0x4c ../../../../../../../../nxtOSEK/ecrobot/../ecrobot/libecrobot.a(udp.oram)
 .text.udp_send_null
                0x00202b3c       0x2c ../../../../../../../../nxtOSEK/ecrobot/../ecrobot/libecrobot.a(udp.oram)
 .text.udp_send_stall
                0x00202b68       0x2c ../../../../../../../../nxtOSEK/ecrobot/../ecrobot/libecrobot.a(udp.oram)
 .text.udp_send_control
                0x00202b94       0x60 ../../../../../../../../nxtOSEK/ecrobot/../ecrobot/libecrobot.a(udp.oram)
 .text.udp_isr_C
                0x00202bf4      0x7d0 ../../../../../../../../nxtOSEK/ecrobot/../ecrobot/libecrobot.a(udp.oram)
                0x00202bf4                udp_isr_C
 .text.twi_status
                0x002033c4       0x20 ../../../../../../../../nxtOSEK/ecrobot/../ecrobot/libecrobot.a(twi.oram)
                0x002033c4                twi_status
 .text.twi_isr_C
                0x002033e4       0xc4 ../../../../../../../../nxtOSEK/ecrobot/../ecrobot/libecrobot.a(twi.oram)
                0x002033e4                twi_isr_C
 .text.twi_reset
                0x002034a8       0xb4 ../../../../../../../../nxtOSEK/ecrobot/../ecrobot/libecrobot.a(twi.oram)
                0x002034a8                twi_reset
 .text.twi_init
                0x0020355c       0x4c ../../../../../../../../nxtOSEK/ecrobot/../ecrobot/libecrobot.a(twi.oram)
                0x0020355c                twi_init
 .text.twi_start_read
                0x002035a8       0x60 ../../../../../../../../nxtOSEK/ecrobot/../ecrobot/libecrobot.a(twi.oram)
                0x002035a8                twi_start_read
 .text.twi_start_write
                0x00203608       0x64 ../../../../../../../../nxtOSEK/ecrobot/../ecrobot/libecrobot.a(twi.oram)
                0x00203608                twi_start_write
 .text.spi_set_mode
                0x0020366c       0x40 ../../../../../../../../nxtOSEK/ecrobot/../ecrobot/libecrobot.a(nxt_spi.oram)
 .text.spi_isr_C
                0x002036ac       0x8c ../../../../../../../../nxtOSEK/ecrobot/../ecrobot/libecrobot.a(nxt_spi.oram)
                0x002036ac                spi_isr_C
 .text.nxt_spi_init
                0x00203738      0x12c ../../../../../../../../nxtOSEK/ecrobot/../ecrobot/libecrobot.a(nxt_spi.oram)
                0x00203738                nxt_spi_init
 .text.nxt_spi_write
                0x00203864       0x44 ../../../../../../../../nxtOSEK/ecrobot/../ecrobot/libecrobot.a(nxt_spi.oram)
                0x00203864                nxt_spi_write
 .text.nxt_spi_set_display
                0x002038a8       0x10 ../../../../../../../../nxtOSEK/ecrobot/../ecrobot/libecrobot.a(nxt_spi.oram)
                0x002038a8                nxt_spi_set_display
 .text.nxt_spi_refresh
                0x002038b8       0x24 ../../../../../../../../nxtOSEK/ecrobot/../ecrobot/libecrobot.a(nxt_spi.oram)
                0x002038b8                nxt_spi_refresh
 .text.nxt_motor_set_count
                0x002038dc       0x10 ../../../../../../../../nxtOSEK/ecrobot/../ecrobot/libecrobot.a(nxt_motors.oram)
                0x002038dc                nxt_motor_set_count
 .text.nxt_motor_1kHz_process
                0x002038ec       0x28 ../../../../../../../../nxtOSEK/ecrobot/../ecrobot/libecrobot.a(nxt_motors.oram)
                0x002038ec                nxt_motor_1kHz_process
 .text.nxt_motor_quad_decode
                0x00203914       0x30 ../../../../../../../../nxtOSEK/ecrobot/../ecrobot/libecrobot.a(nxt_motors.oram)
                0x00203914                nxt_motor_quad_decode
 .text.nxt_motor_isr_C
                0x00203944       0x88 ../../../../../../../../nxtOSEK/ecrobot/../ecrobot/libecrobot.a(nxt_motors.oram)
                0x00203944                nxt_motor_isr_C
 .text.nxt_motor_init
                0x002039cc       0x68 ../../../../../../../../nxtOSEK/ecrobot/../ecrobot/libecrobot.a(nxt_motors.oram)
                0x002039cc                nxt_motor_init
 .text.data_abort_C
                0x00203a34       0x7c ../../../../../../../../nxtOSEK/ecrobot/../ecrobot/libecrobot.a(data_abort.oram)
                0x00203a34                data_abort_C
 .text.display_update
                0x00203ab0       0x14 ../../../../../../../../nxtOSEK/ecrobot/../ecrobot/libecrobot.a(display.oram)
                0x00203ab0                display_update
 .text.display_force_update
                0x00203ac4        0xc ../../../../../../../../nxtOSEK/ecrobot/../ecrobot/libecrobot.a(display.oram)
                0x00203ac4                display_force_update
 .text.display_clear
                0x00203ad0       0x24 ../../../../../../../../nxtOSEK/ecrobot/../ecrobot/libecrobot.a(display.oram)
                0x00203ad0                display_clear
 .text.display_goto_xy
                0x00203af4       0x14 ../../../../../../../../nxtOSEK/ecrobot/../ecrobot/libecrobot.a(display.oram)
                0x00203af4                display_goto_xy
 .text.display_char
                0x00203b08       0x60 ../../../../../../../../nxtOSEK/ecrobot/../ecrobot/libecrobot.a(display.oram)
                0x00203b08                display_char
 .text.display_string
                0x00203b68       0x3c ../../../../../../../../nxtOSEK/ecrobot/../ecrobot/libecrobot.a(display.oram)
                0x00203b68                display_string
 .text.display_hex
                0x00203ba4       0x50 ../../../../../../../../nxtOSEK/ecrobot/../ecrobot/libecrobot.a(display.oram)
                0x00203ba4                display_hex
 .text.display_unsigned_worker
                0x00203bf4       0x70 ../../../../../../../../nxtOSEK/ecrobot/../ecrobot/libecrobot.a(display.oram)
 .text.display_unsigned
                0x00203c64        0xc ../../../../../../../../nxtOSEK/ecrobot/../ecrobot/libecrobot.a(display.oram)
                0x00203c64                display_unsigned
 .text.display_int
                0x00203c70       0x14 ../../../../../../../../nxtOSEK/ecrobot/../ecrobot/libecrobot.a(display.oram)
                0x00203c70                display_int
 .text.display_bitmap_copy
                0x00203c84       0x5c ../../../../../../../../nxtOSEK/ecrobot/../ecrobot/libecrobot.a(display.oram)
                0x00203c84                display_bitmap_copy
 .text.display_init
                0x00203ce0       0x50 ../../../../../../../../nxtOSEK/ecrobot/../ecrobot/libecrobot.a(display.oram)
                0x00203ce0                display_init
 .text.i2c_timer_isr_C
                0x00203d30      0x314 ../../../../../../../../nxtOSEK/ecrobot/../ecrobot/libecrobot.a(i2c.oram)
                0x00203d30                i2c_timer_isr_C
 .text.i2c_disable
                0x00204044       0x20 ../../../../../../../../nxtOSEK/ecrobot/../ecrobot/libecrobot.a(i2c.oram)
                0x00204044                i2c_disable
 .text.i2c_init
                0x00204064       0xa4 ../../../../../../../../nxtOSEK/ecrobot/../ecrobot/libecrobot.a(i2c.oram)
                0x00204064                i2c_init
 .text.sound_fill_sample_buffer
                0x00204108       0xe4 ../../../../../../../../nxtOSEK/ecrobot/../ecrobot/libecrobot.a(sound.oram)
                0x00204108                sound_fill_sample_buffer
 .text.sound_init
                0x002041ec       0xa0 ../../../../../../../../nxtOSEK/ecrobot/../ecrobot/libecrobot.a(sound.oram)
                0x002041ec                sound_init
 .text.sound_isr_C
                0x0020428c      0x144 ../../../../../../../../nxtOSEK/ecrobot/../ecrobot/libecrobot.a(sound.oram)
                0x0020428c                sound_isr_C
 .text.bt_init  0x002043d0      0x1c0 ../../../../../../../../nxtOSEK/ecrobot/../ecrobot/libecrobot.a(bt.oram)
                0x002043d0                bt_init
 .text.bt_send  0x00204590       0x5c ../../../../../../../../nxtOSEK/ecrobot/../ecrobot/libecrobot.a(bt.oram)
                0x00204590                bt_send
 .text.bt_write
                0x002045ec       0x70 ../../../../../../../../nxtOSEK/ecrobot/../ecrobot/libecrobot.a(bt.oram)
                0x002045ec                bt_write
 .text.bt_pending
                0x0020465c       0x50 ../../../../../../../../nxtOSEK/ecrobot/../ecrobot/libecrobot.a(bt.oram)
                0x0020465c                bt_pending
 .text.bt_set_arm7_cmd
                0x002046ac       0x10 ../../../../../../../../nxtOSEK/ecrobot/../ecrobot/libecrobot.a(bt.oram)
                0x002046ac                bt_set_arm7_cmd
 .text.bt_receive
                0x002046bc      0x160 ../../../../../../../../nxtOSEK/ecrobot/../ecrobot/libecrobot.a(bt.oram)
                0x002046bc                bt_receive
 .text.bt_reset
                0x0020481c       0x84 ../../../../../../../../nxtOSEK/ecrobot/../ecrobot/libecrobot.a(bt.oram)
                0x0020481c                bt_reset
 .text.nxt_avr_power_down
                0x002048a0       0x10 ../../../../../../../../nxtOSEK/ecrobot/../ecrobot/libecrobot.a(nxt_avr.oram)
                0x002048a0                nxt_avr_power_down
 .text.nxt_avr_link_init
                0x002048b0       0x20 ../../../../../../../../nxtOSEK/ecrobot/../ecrobot/libecrobot.a(nxt_avr.oram)
                0x002048b0                nxt_avr_link_init
 .text.nxt_avr_init
                0x002048d0       0x6c ../../../../../../../../nxtOSEK/ecrobot/../ecrobot/libecrobot.a(nxt_avr.oram)
                0x002048d0                nxt_avr_init
 .text.nxt_avr_1kHz_update
                0x0020493c      0x1cc ../../../../../../../../nxtOSEK/ecrobot/../ecrobot/libecrobot.a(nxt_avr.oram)
                0x0020493c                nxt_avr_1kHz_update
 .text.buttons_get
                0x00204b08        0xc ../../../../../../../../nxtOSEK/ecrobot/../ecrobot/libecrobot.a(nxt_avr.oram)
                0x00204b08                buttons_get
 .text.battery_voltage
                0x00204b14       0x28 ../../../../../../../../nxtOSEK/ecrobot/../ecrobot/libecrobot.a(nxt_avr.oram)
                0x00204b14                battery_voltage
 .text.nxt_avr_set_input_power
                0x00204b3c       0x3c ../../../../../../../../nxtOSEK/ecrobot/../ecrobot/libecrobot.a(nxt_avr.oram)
                0x00204b3c                nxt_avr_set_input_power
 .text.unset_digi0
                0x00204b78       0x44 ../../../../../../../../nxtOSEK/ecrobot/../ecrobot/libecrobot.a(sensors.oram)
                0x00204b78                unset_digi0
 .text.unset_digi1
                0x00204bbc       0x44 ../../../../../../../../nxtOSEK/ecrobot/../ecrobot/libecrobot.a(sensors.oram)
                0x00204bbc                unset_digi1
 .text.init_sensors
                0x00204c00       0x4c ../../../../../../../../nxtOSEK/ecrobot/../ecrobot/libecrobot.a(sensors.oram)
                0x00204c00                init_sensors
 .text.nxt_lcd_command
                0x00204c4c       0x18 ../../../../../../../../nxtOSEK/ecrobot/../ecrobot/libecrobot.a(nxt_lcd.oram)
                0x00204c4c                nxt_lcd_command
 .text.nxt_lcd_set_col
                0x00204c64       0x24 ../../../../../../../../nxtOSEK/ecrobot/../ecrobot/libecrobot.a(nxt_lcd.oram)
                0x00204c64                nxt_lcd_set_col
 .text.nxt_lcd_set_multiplex_rate
                0x00204c88       0x18 ../../../../../../../../nxtOSEK/ecrobot/../ecrobot/libecrobot.a(nxt_lcd.oram)
                0x00204c88                nxt_lcd_set_multiplex_rate
 .text.nxt_lcd_set_page_address
                0x00204ca0       0x18 ../../../../../../../../nxtOSEK/ecrobot/../ecrobot/libecrobot.a(nxt_lcd.oram)
                0x00204ca0                nxt_lcd_set_page_address
 .text.nxt_lcd_set_pot
                0x00204cb8       0x1c ../../../../../../../../nxtOSEK/ecrobot/../ecrobot/libecrobot.a(nxt_lcd.oram)
                0x00204cb8                nxt_lcd_set_pot
 .text.nxt_lcd_set_ram_address_control
                0x00204cd4       0x18 ../../../../../../../../nxtOSEK/ecrobot/../ecrobot/libecrobot.a(nxt_lcd.oram)
                0x00204cd4                nxt_lcd_set_ram_address_control
 .text.nxt_lcd_enable
                0x00204cec       0x14 ../../../../../../../../nxtOSEK/ecrobot/../ecrobot/libecrobot.a(nxt_lcd.oram)
                0x00204cec                nxt_lcd_enable
 .text.nxt_lcd_set_map_control
                0x00204d00       0x18 ../../../../../../../../nxtOSEK/ecrobot/../ecrobot/libecrobot.a(nxt_lcd.oram)
                0x00204d00                nxt_lcd_set_map_control
 .text.nxt_lcd_reset
                0x00204d18        0xc ../../../../../../../../nxtOSEK/ecrobot/../ecrobot/libecrobot.a(nxt_lcd.oram)
                0x00204d18                nxt_lcd_reset
 .text.nxt_lcd_set_bias_ratio
                0x00204d24       0x18 ../../../../../../../../nxtOSEK/ecrobot/../ecrobot/libecrobot.a(nxt_lcd.oram)
                0x00204d24                nxt_lcd_set_bias_ratio
 .text.nxt_lcd_force_update
                0x00204d3c       0x30 ../../../../../../../../nxtOSEK/ecrobot/../ecrobot/libecrobot.a(nxt_lcd.oram)
                0x00204d3c                nxt_lcd_force_update
 .text.nxt_lcd_update
                0x00204d6c        0xc ../../../../../../../../nxtOSEK/ecrobot/../ecrobot/libecrobot.a(nxt_lcd.oram)
                0x00204d6c                nxt_lcd_update
 .text.nxt_lcd_power_up
                0x00204d78       0x48 ../../../../../../../../nxtOSEK/ecrobot/../ecrobot/libecrobot.a(nxt_lcd.oram)
                0x00204d78                nxt_lcd_power_up
 .text.nxt_lcd_power_down
                0x00204dc0        0xc ../../../../../../../../nxtOSEK/ecrobot/../ecrobot/libecrobot.a(nxt_lcd.oram)
                0x00204dc0                nxt_lcd_power_down
 .text.nxt_lcd_init
                0x00204dcc       0x18 ../../../../../../../../nxtOSEK/ecrobot/../ecrobot/libecrobot.a(nxt_lcd.oram)
                0x00204dcc                nxt_lcd_init
 .text.verify_flash_page
                0x00204de4       0x34 ../../../../../../../../nxtOSEK/ecrobot/../ecrobot/libecrobot.a(flash_loader.oram)
 .text.set_flash_request
                0x00204e18       0x38 ../../../../../../../../nxtOSEK/ecrobot/../ecrobot/libecrobot.a(flash_loader.oram)
                0x00204e18                set_flash_request
 .text.nxt_device_init
                0x00204e50       0x38 ../../../../../../../../nxtOSEK/ecrobot/../ecrobot/libecrobot.a(flash_loader.oram)
                0x00204e50                nxt_device_init
 .text          0x00204e88       0x68 ../../../../../../../../nxtOSEK/ecrobot/../ecrobot/libecrobot.a(interrupts.oram)
                0x00204ee0                fiq_enable
                0x00204e88                interrupts_get_and_disable
                0x00204ebc                fiq_get_and_disable
                0x00204eac                interrupts_enable
 .text.flash_write_page
                0x00204ef0       0xc0 ../../../../../../../../nxtOSEK/ecrobot/../ecrobot/libecrobot.a(flashprog.oram)
                0x00204ef0                flash_write_page
                0x00204fb0                . = ALIGN (0x10)
 *.oram(*.rodata *.rodata.*)
 .rodata.ld     0x00204fb0        0x4 ../../../../../../../../nxtOSEK/ecrobot/../ecrobot/libecrobot.a(udp.oram)
 .rodata.cfd    0x00204fb4       0x20 ../../../../../../../../nxtOSEK/ecrobot/../ecrobot/libecrobot.a(udp.oram)
 .rodata.dd     0x00204fd4       0x12 ../../../../../../../../nxtOSEK/ecrobot/../ecrobot/libecrobot.a(udp.oram)
 *fill*         0x00204fe6        0x2 00
 .rodata.str1.4
                0x00204fe8       0x22 ../../../../../../../../nxtOSEK/ecrobot/../ecrobot/libecrobot.a(data_abort.oram)
                                 0x24 (size before relaxing)
 .rodata.font   0x0020500a      0x280 ../../../../../../../../nxtOSEK/ecrobot/../ecrobot/libecrobot.a(display.oram)
 *fill*         0x0020528a        0x2 00
 .rodata.str1.4
                0x0020528c       0x76 ../../../../../../../../nxtOSEK/ecrobot/../ecrobot/libecrobot.a(display.oram)
                                 0x78 (size before relaxing)
 *fill*         0x00205302        0x2 00
 .rodata.i2c_pin
                0x00205304       0x20 ../../../../../../../../nxtOSEK/ecrobot/../ecrobot/libecrobot.a(i2c.oram)
 .rodata.i2c_timer_isr_C
                0x00205324       0x38 ../../../../../../../../nxtOSEK/ecrobot/../ecrobot/libecrobot.a(i2c.oram)
 .rodata.silence
                0x0020535c       0x40 ../../../../../../../../nxtOSEK/ecrobot/../ecrobot/libecrobot.a(sound.oram)
                0x0020535c                silence
 .rodata.sample_pattern
                0x0020539c       0x84 ../../../../../../../../nxtOSEK/ecrobot/../ecrobot/libecrobot.a(sound.oram)
                0x0020539c                sample_pattern
 .rodata        0x00205420        0xc ../../../../../../../../nxtOSEK/ecrobot/../ecrobot/libecrobot.a(sound.oram)
 .rodata.avr_brainwash_string
                0x0020542c       0x30 ../../../../../../../../nxtOSEK/ecrobot/../ecrobot/libecrobot.a(nxt_avr.oram)
                0x0020542c                avr_brainwash_string
 .rodata.nxt_avr_1kHz_update
                0x0020545c       0x14 ../../../../../../../../nxtOSEK/ecrobot/../ecrobot/libecrobot.a(nxt_avr.oram)
 .rodata.C.33.1823
                0x00205470       0x10 ../../../../../../../../nxtOSEK/ecrobot/../ecrobot/libecrobot.a(sensors.oram)
 .rodata.C.37.1857
                0x00205480       0x10 ../../../../../../../../nxtOSEK/ecrobot/../ecrobot/libecrobot.a(sensors.oram)
 .rodata.str1.4
                0x00205490       0x23 ../../../../../../../../nxtOSEK/ecrobot/../ecrobot/libecrobot.a(flash_loader.oram)
                                 0x24 (size before relaxing)
                0x002054c0                . = ALIGN (0x10)
 *fill*         0x002054b3        0xd 00
                0x002022c0                __ramtext_ram_start__ = ADDR (.ram_text)
                0x002054c0                __ramtext_ram_end__ = (ADDR (.ram_text) + SIZEOF (.ram_text))
                0x002022c0                __ramtext_load_start__ = LOADADDR (.ram_text)
                0x002054c0                __ramtext_load_end__ = (__ramtext_load_start__ + SIZEOF (.ram_text))

.wav_data       0x002054c0        0x0
 *.owav(*.data *.data.*)
                0x002054c0                . = ALIGN (0x10)

.bmp_data       0x002054c0      0x440
 *.obmp(*.data *.data.*)
 .data          0x002054c0      0x43e ../../../../../../../../nxtOSEK/ecrobot/../ecrobot/libecrobot.a(nxtosek_splash.obmp)
                0x002054c0                nxtosek_splash_bmp_start
                0x002058fe                nxtosek_splash_bmp_end
                0x00205900                . = ALIGN (0x10)
 *fill*         0x002058fe        0x2 00

.spr_data       0x00205900        0x0
 *.ospr(*.data *.data.*)
                0x00205900                . = ALIGN (0x10)

.data           0x00205900       0x60
 *(*.data *.data.*)
 .data.bt_status
                0x00205900        0x1 build/ecrobot_bluetooth.o
 .data.deviceStatus
                0x00205901        0x1 ../../../../../../../../nxtOSEK/ecrobot/../ecrobot/libecrobot.a(ecrobot_interface.o)
 .data.named    0x00205902       0x22 ../../../../../../../../nxtOSEK/ecrobot/../ecrobot/libecrobot.a(udp.oram)
 .data.snd      0x00205924       0x1a ../../../../../../../../nxtOSEK/ecrobot/../ecrobot/libecrobot.a(udp.oram)
 *fill*         0x0020593e        0x2 00
 .data.configured
                0x00205940        0x4 ../../../../../../../../nxtOSEK/ecrobot/../ecrobot/libecrobot.a(udp.oram)
 .data.mode     0x00205944        0x1 ../../../../../../../../nxtOSEK/ecrobot/../ecrobot/libecrobot.a(nxt_spi.oram)
                0x00205944                mode
 *fill*         0x00205945        0x3 00
 .bss.data      0x00205948        0x4 ../../../../../../../../nxtOSEK/ecrobot/../ecrobot/libecrobot.a(nxt_spi.oram)
                0x00205948                data
 .data.display_auto_update
                0x0020594c        0x4 ../../../../../../../../nxtOSEK/ecrobot/../ecrobot/libecrobot.a(display.oram)
                0x0020594c                display_auto_update
 .data.display_buffer
                0x00205950        0x4 ../../../../../../../../nxtOSEK/ecrobot/../ecrobot/libecrobot.a(display.oram)
                0x00205960                . = ALIGN (0x10)
 *fill*         0x00205954        0xc 00
                0x00205900                __data_ram_start__ = ADDR (.data)
                0x00205960                __data_ram_end__ = (ADDR (.data) + SIZEOF (.data))
                0x00205900                __data_load_start__ = LOADADDR (.data)
                0x00205960                __data_load_end__ = (__data_load_start__ + SIZEOF (.data))

.text           0x00205960     0x1750
                0x00205960                . = ALIGN (0x10)
 *(*.text *.text.* *.glue*)
 .text.SetEvent
                0x00205960       0xac build/kernel/event.o
                0x00205960                SetEvent
 .text.ClearEvent
                0x00205a0c       0x64 build/kernel/event.o
                0x00205a0c                ClearEvent
 .text.WaitEvent
                0x00205a70       0xa8 build/kernel/event.o
                0x00205a70                WaitEvent
 .text.StartOS  0x00205b18       0x58 build/kernel/osctl.o
                0x00205b18                StartOS
 .text.ShutdownOS
                0x00205b70       0x4c build/kernel/osctl.o
                0x00205b70                ShutdownOS
 .text.call_pretaskhook
                0x00205bbc       0x24 build/kernel/osctl.o
                0x00205bbc                call_pretaskhook
 .text.call_errorhook
                0x00205be0       0x78 build/kernel/osctl.o
                0x00205be0                call_errorhook
 .text.call_posttaskhook
                0x00205c58       0x24 build/kernel/osctl.o
                0x00205c58                call_posttaskhook
 .text.search_schedtsk
                0x00205c7c       0x94 build/kernel/task.o
                0x00205c7c                search_schedtsk
 .text.make_runnable
                0x00205d10       0xac build/kernel/task.o
                0x00205d10                make_runnable
 .text.make_active
                0x00205dbc       0x78 build/kernel/task.o
                0x00205dbc                make_active
 .text.task_initialize
                0x00205e34       0x90 build/kernel/task.o
                0x00205e34                task_initialize
 .text.TerminateTask
                0x00205ec4       0x74 build/kernel/task_manage.o
                0x00205ec4                TerminateTask
 .text.cpu_initialize
                0x00205f38        0x4 build/config/at91sam7s-gnu/cpu_config.o
                0x00205f38                cpu_initialize
 .text.cpu_terminate
                0x00205f3c        0x4 build/config/at91sam7s-gnu/cpu_config.o
                0x00205f3c                cpu_terminate
 .text.sys_initialize
                0x00205f40        0x4 build/config/at91sam7s-gnu/lego_nxt/sys_config.o
                0x00205f40                sys_initialize
 .text.sys_exit
                0x00205f44        0x4 build/config/at91sam7s-gnu/lego_nxt/sys_config.o
                0x00205f44                sys_exit
 .text.object_initialize
                0x00205f48        0xc build/./kernel_cfg.o
                0x00205f48                object_initialize
 .text.send_bt_command
                0x00205f54       0x40 build/ecrobot_bluetooth.o
 .text.read_bt_command
                0x00205f94       0x5c build/ecrobot_bluetooth.o
 .text.getLocalAddress
                0x00205ff0       0x64 build/ecrobot_bluetooth.o
 .text.ecrobot_open_bt_stream
                0x00206054       0x44 build/ecrobot_bluetooth.o
 .text.ecrobot_get_bt_status
                0x00206098       0x10 build/ecrobot_bluetooth.o
                0x00206098                ecrobot_get_bt_status
 .text.ecrobot_init_bt_slave
                0x002060a8      0x12c build/ecrobot_bluetooth.o
                0x002060a8                ecrobot_init_bt_slave
 .text.ecrobot_send_bt_packet
                0x002061d4       0x54 build/ecrobot_bluetooth.o
                0x002061d4                ecrobot_send_bt_packet
 .text.ecrobot_read_bt_packet
                0x00206228       0x4c build/ecrobot_bluetooth.o
                0x00206228                ecrobot_read_bt_packet
 .text.init_OS_flag
                0x00206274        0xc build/ecrobot_base.o
                0x00206274                init_OS_flag
 .text.set_OS_flag
                0x00206280        0xc build/ecrobot_base.o
                0x00206280                set_OS_flag
 .text.get_OS_flag
                0x0020628c        0xc build/ecrobot_base.o
                0x0020628c                get_OS_flag
 .text.cpp_constructor
                0x00206298       0x28 build/ecrobot_base.o
                0x00206298                cpp_constructor
 .text.cpp_destructor
                0x002062c0       0x28 build/ecrobot_base.o
                0x002062c0                cpp_destructor
 .text.execution_mode
                0x002062e8       0x24 build/ecrobot_base.o
                0x002062e8                execution_mode
 .text.show_main_screen
                0x0020630c       0x48 build/ecrobot_base.o
                0x0020630c                show_main_screen
 .text.display_status_bar
                0x00206354       0x5c build/ecrobot_base.o
                0x00206354                display_status_bar
 .text.check_NXT_buttons
                0x002063b0       0x7c build/ecrobot_base.o
                0x002063b0                check_NXT_buttons
 .text.show_bd_addr
                0x0020642c       0x44 build/ecrobot_base.o
                0x0020642c                show_bd_addr
 .text.show_bd_addr_err
                0x00206470       0x3c build/ecrobot_base.o
                0x00206470                show_bd_addr_err
 .text.add_status_info
                0x002064ac       0x68 build/ecrobot_base.o
                0x002064ac                add_status_info
 .text.show_splash_screen
                0x00206514       0x90 build/ecrobot_base.o
                0x00206514                show_splash_screen
 .text.main     0x002065a4      0x108 build/ecrobot.o
                0x002065a4                main
 .text.user_1ms_isr_type2
                0x002066ac       0x34 build/Slave_Event.o
                0x002066ac                user_1ms_isr_type2
 .text.TaskMainInitHook
                0x002066e0        0xc build/Slave_Event.o
                0x002066e0                TaskMainInitHook
 .text.TaskMainTASK_BT_INTERFACE_READER
                0x002066ec       0xb0 build/Slave_Event.o
                0x002066ec                TaskMainTASK_BT_INTERFACE_READER
 .text.TaskMainTASK_BT_INTERFACE_WRITER
                0x0020679c        0xc build/Slave_Event.o
                0x0020679c                TaskMainTASK_BT_INTERFACE_WRITER
 .text.TaskMainBT_IMPLIZIT_SLAVE
                0x002067a8       0x64 build/Slave_Event.o
                0x002067a8                TaskMainBT_IMPLIZIT_SLAVE
 .text.TaskMainBT_IMPLIZIT_SLAVE2
                0x0020680c       0x54 build/Slave_Event.o
                0x0020680c                TaskMainBT_IMPLIZIT_SLAVE2
 .text.Trigger_Runnable
                0x00206860       0xbc build/Slave_Event.o
                0x00206860                Trigger_Runnable
 .text.TaskMainTrigger
                0x0020691c        0x8 build/Slave_Event.o
                0x0020691c                TaskMainTrigger
 .text.ecrobot_device_initialize
                0x00206924        0x4 ../../../../../../../../nxtOSEK/ecrobot/../ecrobot/libecrobot.a(ecrobot_device_hook.o)
                0x00206924                ecrobot_device_initialize
 .text.ecrobot_device_terminate
                0x00206928        0x4 ../../../../../../../../nxtOSEK/ecrobot/../ecrobot/libecrobot.a(ecrobot_device_hook.o)
                0x00206928                ecrobot_device_terminate
 .text.ecrobot_get_battery_voltage
                0x0020692c        0xc ../../../../../../../../nxtOSEK/ecrobot/../ecrobot/libecrobot.a(ecrobot_interface.o)
                0x0020692c                ecrobot_get_battery_voltage
 .text.ecrobot_get_button_state
                0x00206938        0xc ../../../../../../../../nxtOSEK/ecrobot/../ecrobot/libecrobot.a(ecrobot_interface.o)
                0x00206938                ecrobot_get_button_state
 .text.ecrobot_init_nxtstate
                0x00206944       0x28 ../../../../../../../../nxtOSEK/ecrobot/../ecrobot/libecrobot.a(ecrobot_interface.o)
                0x00206944                ecrobot_init_nxtstate
 .text.ecrobot_poll_nxtstate
                0x0020696c       0x64 ../../../../../../../../nxtOSEK/ecrobot/../ecrobot/libecrobot.a(ecrobot_interface.o)
                0x0020696c                ecrobot_poll_nxtstate
 .text.ecrobot_setDeviceInitialized
                0x002069d0       0x14 ../../../../../../../../nxtOSEK/ecrobot/../ecrobot/libecrobot.a(ecrobot_interface.o)
                0x002069d0                ecrobot_setDeviceInitialized
 .text.ecrobot_bmp2lcd
                0x002069e4      0x1c8 ../../../../../../../../nxtOSEK/ecrobot/../ecrobot/libecrobot.a(ecrobot_interface.o)
                0x002069e4                ecrobot_bmp2lcd
 .text.StartupHook
                0x00206bac        0x4 ../../../../../../../../nxtOSEK/ecrobot/../ecrobot/libecrobot.a(osek_hook.o)
                0x00206bac                StartupHook
 .text.PreTaskHook
                0x00206bb0        0x4 ../../../../../../../../nxtOSEK/ecrobot/../ecrobot/libecrobot.a(osek_hook.o)
                0x00206bb0                PreTaskHook
 .text.PostTaskHook
                0x00206bb4        0x4 ../../../../../../../../nxtOSEK/ecrobot/../ecrobot/libecrobot.a(osek_hook.o)
                0x00206bb4                PostTaskHook
 .text.ErrorHook
                0x00206bb8        0x4 ../../../../../../../../nxtOSEK/ecrobot/../ecrobot/libecrobot.a(osek_hook.o)
                0x00206bb8                ErrorHook
 .text.ShutdownHook
                0x00206bbc        0x4 ../../../../../../../../nxtOSEK/ecrobot/../ecrobot/libecrobot.a(osek_hook.o)
                0x00206bbc                ShutdownHook
 .text          0x00206bc0       0x8c /cygdrive/C/cygwin/GNUARM/bin/../lib/gcc/arm-elf/4.0.2/thumb/interwork/libgcc.a(_udivsi3.o)
                0x00206bc0                __udivsi3
                0x00206c3c                __aeabi_uidivmod
 .text          0x00206c4c       0xc8 /cygdrive/C/cygwin/GNUARM/bin/../lib/gcc/arm-elf/4.0.2/thumb/interwork/libgcc.a(_umodsi3.o)
                0x00206c4c                __umodsi3
 .text          0x00206d14        0x4 /cygdrive/C/cygwin/GNUARM/bin/../lib/gcc/arm-elf/4.0.2/thumb/interwork/libgcc.a(_dvmd_tls.o)
                0x00206d14                __aeabi_ldiv0
                0x00206d14                __div0
                0x00206d14                __aeabi_idiv0
 .text          0x00206d18       0x68 /cygdrive/C/cygwin/GNUARM/bin/../lib/gcc/arm-elf/4.0.2/../../../../arm-elf/lib/thumb/interwork/libc.a(memcpy.o)
                0x00206d18                memcpy
 .text          0x00206d80       0x68 /cygdrive/C/cygwin/GNUARM/bin/../lib/gcc/arm-elf/4.0.2/../../../../arm-elf/lib/thumb/interwork/libc.a(memset.o)
                0x00206d80                memset
 .text          0x00206de8       0x60 /cygdrive/C/cygwin/GNUARM/bin/../lib/gcc/arm-elf/4.0.2/../../../../arm-elf/lib/thumb/interwork/libc.a(strcpy.o)
                0x00206de8                strcpy
 .text          0x00206e48       0x48 /cygdrive/C/cygwin/GNUARM/bin/../lib/gcc/arm-elf/4.0.2/../../../../arm-elf/lib/thumb/interwork/libc.a(strlen.o)
                0x00206e48                strlen
 .glue_7        0x00206e90       0x30 /cygdrive/C/cygwin/GNUARM/bin/../lib/gcc/arm-elf/4.0.2/../../../../arm-elf/lib/thumb/interwork/libc.a(strncpy.o)
                0x00206ea8                __call_posttaskhook_from_arm
                0x00206e91                __ecrobot_debug1_from_arm
                0x00206e9d                __ecrobot_debug2_from_arm
                0x00206eb4                __call_pretaskhook_from_arm
 .glue_7t       0x00206ec0       0x60 /cygdrive/C/cygwin/GNUARM/bin/../lib/gcc/arm-elf/4.0.2/../../../../arm-elf/lib/thumb/interwork/libc.a(strncpy.o)
                0x00206eec                __start_change_to_arm
                0x00206f08                __interrupts_get_and_disable_from_thumb
                0x00206f01                ____gtdf2_from_thumb
                0x00206ee0                __exit_and_dispatch_from_thumb
                0x00206ee4                __exit_and_dispatch_change_to_arm
                0x00206ec0                __disable_int_from_thumb
                0x00206ed8                __start_dispatch_from_thumb
                0x00206ee8                __start_from_thumb
                0x00206efc                ____muldf3_change_to_arm
                0x00206ec8                __enable_int_from_thumb
                0x00206ed0                __dispatch_from_thumb
                0x00206f14                __interrupts_enable_change_to_arm
                0x00206f0c                __interrupts_get_and_disable_change_to_arm
                0x00206ed4                __dispatch_change_to_arm
                0x00206f04                ____gtdf2_change_to_arm
                0x00206ef1                ____floatsidf_from_thumb
                0x00206f19                __display_bios_status_from_thumb
                0x00206ec4                __disable_int_change_to_arm
                0x00206ef9                ____muldf3_from_thumb
                0x00206ecc                __enable_int_change_to_arm
                0x00206ef4                ____floatsidf_change_to_arm
                0x00206f10                __interrupts_enable_from_thumb
                0x00206f1c                __display_bios_status_change_to_arm
                0x00206edc                __start_dispatch_change_to_arm
                0x00206f20                . = ALIGN (0x10)
 *(*.rodata *.rodata.*)
 .rodata.search_table.966
                0x00206f20        0xf build/kernel/task.o
 *fill*         0x00206f2f        0x1 00
 .rodata.BT_IMPLIZIT_SLAVE2_EVENT
                0x00206f30        0x4 build/./kernel_cfg.o
                0x00206f30                BT_IMPLIZIT_SLAVE2_EVENT
 .rodata.RTE_Trigger_GetValue_Receiver_In_EVENT
                0x00206f34        0x4 build/./kernel_cfg.o
                0x00206f34                RTE_Trigger_GetValue_Receiver_In_EVENT
 .rodata.BT_SEND_MY_MESSAGE
                0x00206f38        0x4 build/./kernel_cfg.o
                0x00206f38                BT_SEND_MY_MESSAGE
 .rodata.BT_HAS_RECEIVED_PACKAGE
                0x00206f3c        0x4 build/./kernel_cfg.o
                0x00206f3c                BT_HAS_RECEIVED_PACKAGE
 .rodata.tinib_stksz
                0x00206f40        0xc build/./kernel_cfg.o
                0x00206f40                tinib_stksz
 .rodata.tinib_stk
                0x00206f4c       0x18 build/./kernel_cfg.o
                0x00206f4c                tinib_stk
 .rodata.tinib_task
                0x00206f64       0x18 build/./kernel_cfg.o
                0x00206f64                tinib_task
 .rodata.tinib_autoact
                0x00206f7c        0x6 build/./kernel_cfg.o
                0x00206f7c                tinib_autoact
 .rodata.tinib_exepri
                0x00206f82        0x6 build/./kernel_cfg.o
                0x00206f82                tinib_exepri
 .rodata.tinib_inipri
                0x00206f88        0x6 build/./kernel_cfg.o
                0x00206f88                tinib_inipri
 .rodata.BT_IMPLIZIT_SLAVE2
                0x00206f8e        0x1 build/./kernel_cfg.o
                0x00206f8e                BT_IMPLIZIT_SLAVE2
 .rodata.TASK_BT_INTERFACE_READER
                0x00206f8f        0x1 build/./kernel_cfg.o
                0x00206f8f                TASK_BT_INTERFACE_READER
 .rodata.Trigger
                0x00206f90        0x1 build/./kernel_cfg.o
                0x00206f90                Trigger
 .rodata.tnum_exttask
                0x00206f91        0x1 build/./kernel_cfg.o
                0x00206f91                tnum_exttask
 .rodata.tnum_task
                0x00206f92        0x1 build/./kernel_cfg.o
                0x00206f92                tnum_task
 *fill*         0x00206f93        0x1 00
 .rodata.exec_addr
                0x00206f94        0x4 build/ecrobot_base.o
                0x00206f94                exec_addr
 .rodata.str1.4
                0x00206f98       0x80 build/ecrobot_base.o
 .rodata.str1.4
                0x00207018       0x16 build/Slave_Event.o
                                 0x18 (size before relaxing)
 .rodata.C.6.2532
                0x0020702e       0x7e build/Slave_Event.o
                0x002070b0                . = ALIGN (0x10)
 *fill*         0x002070ac        0x4 00
 *(*.gnu.linkonce.* .gcc_except_table)
                0x002070b0                . = ALIGN (0x10)

.tors           0x002070b0        0x0
                0x002070b0                . = ALIGN (0x10)
                0x002070b0                __ctor_begin = .
 *(*.ctors*)
                0x002070b0                __ctor_end = .
                0x002070b0                . = ALIGN (0x10)
                0x002070b0                __dtor_begin = .
 *(*.dtors*)
                0x002070b0                __dtor_end = .
                0x002070b0                . = ALIGN (0x10)

.bss            0x002070b0     0x20f0
 *(*.bss *.bss.*)
 .bss.ready_primap
                0x002070b0        0x2 build/kernel/task.o
 .bss.ready_queue_last
                0x002070b2       0x10 build/kernel/task.o
 .bss.ready_queue_first
                0x002070c2       0x10 build/kernel/task.o
 *fill*         0x002070d2        0x2 00
 .bss._stack_TASK_BT_INTERFACE_WRITER
                0x002070d4      0x200 build/./kernel_cfg.o
 .bss._stack_InitHook
                0x002072d4      0x200 build/./kernel_cfg.o
 .bss._stack_BT_IMPLIZIT_SLAVE2
                0x002074d4      0x200 build/./kernel_cfg.o
 .bss._stack_BT_IMPLIZIT_SLAVE
                0x002076d4      0x200 build/./kernel_cfg.o
 .bss._stack_TASK_BT_INTERFACE_READER
                0x002078d4      0x200 build/./kernel_cfg.o
 .bss._stack_Trigger
                0x00207ad4      0x200 build/./kernel_cfg.o
 .bss.receiveBuf
                0x00207cd4       0xfe build/ecrobot_bluetooth.o
 .bss.sendBuf   0x00207dd2       0xfe build/ecrobot_bluetooth.o
 .bss.handle    0x00207ed0        0x1 build/ecrobot_bluetooth.o
 *fill*         0x00207ed1        0x3 00
 .bss.status_bar_position
                0x00207ed4        0x4 build/ecrobot_base.o
 .bss.last_act_time.2674
                0x00207ed8        0x4 build/ecrobot_base.o
 .bss.lcd.2603  0x00207edc      0x320 build/ecrobot_base.o
 .bss.OS_flag   0x002081fc        0x4 build/ecrobot_base.o
 .bss.status_bar
                0x00208200       0x10 build/ecrobot_base.o
 .bss.a.2543    0x00208210        0x4 build/Slave_Event.o
 .bss.i.2530    0x00208214        0x4 build/Slave_Event.o
 .bss.buttons_i
                0x00208218        0x4 ../../../../../../../../nxtOSEK/ecrobot/../ecrobot/libecrobot.a(ecrobot_interface.o)
 .bss.buttons_states
                0x0020821c       0x14 ../../../../../../../../nxtOSEK/ecrobot/../ecrobot/libecrobot.a(ecrobot_interface.o)
 .bss.ecrobot_inputs
                0x00208230        0x8 ../../../../../../../../nxtOSEK/ecrobot/../ecrobot/libecrobot.a(ecrobot_interface.o)
 .bss.systick_ms
                0x00208238        0x4 ../../../../../../../../nxtOSEK/ecrobot/../ecrobot/libecrobot.a(systick.oram)
 .bss.delayedEnable
                0x0020823c        0x1 ../../../../../../../../nxtOSEK/ecrobot/../ecrobot/libecrobot.a(udp.oram)
 *fill*         0x0020823d        0x3 00
 .bss.outCnt    0x00208240        0x4 ../../../../../../../../nxtOSEK/ecrobot/../ecrobot/libecrobot.a(udp.oram)
 .bss.outPtr    0x00208244        0x4 ../../../../../../../../nxtOSEK/ecrobot/../ecrobot/libecrobot.a(udp.oram)
 .bss.newAddress
                0x00208248        0x4 ../../../../../../../../nxtOSEK/ecrobot/../ecrobot/libecrobot.a(udp.oram)
 .bss.currentRxBank
                0x0020824c        0x4 ../../../../../../../../nxtOSEK/ecrobot/../ecrobot/libecrobot.a(udp.oram)
 .bss.currentFeatures
                0x00208250        0x4 ../../../../../../../../nxtOSEK/ecrobot/../ecrobot/libecrobot.a(udp.oram)
 .bss.currentConfig
                0x00208254        0x1 ../../../../../../../../nxtOSEK/ecrobot/../ecrobot/libecrobot.a(udp.oram)
 *fill*         0x00208255        0x3 00
 .bss.twi_mask  0x00208258        0x4 ../../../../../../../../nxtOSEK/ecrobot/../ecrobot/libecrobot.a(twi.oram)
 .bss.twi_ptr   0x0020825c        0x4 ../../../../../../../../nxtOSEK/ecrobot/../ecrobot/libecrobot.a(twi.oram)
 .bss.twi_pending
                0x00208260        0x4 ../../../../../../../../nxtOSEK/ecrobot/../ecrobot/libecrobot.a(twi.oram)
 .bss.twi_state
                0x00208264        0x4 ../../../../../../../../nxtOSEK/ecrobot/../ecrobot/libecrobot.a(twi.oram)
 .bss.page      0x00208268        0x1 ../../../../../../../../nxtOSEK/ecrobot/../ecrobot/libecrobot.a(nxt_spi.oram)
                0x00208268                page
 .bss.dirty     0x00208269        0x1 ../../../../../../../../nxtOSEK/ecrobot/../ecrobot/libecrobot.a(nxt_spi.oram)
                0x00208269                dirty
 *fill*         0x0020826a        0x2 00
 .bss.display   0x0020826c        0x4 ../../../../../../../../nxtOSEK/ecrobot/../ecrobot/libecrobot.a(nxt_spi.oram)
                0x0020826c                display
 .bss.interrupts_this_period
                0x00208270        0x4 ../../../../../../../../nxtOSEK/ecrobot/../ecrobot/libecrobot.a(nxt_motors.oram)
 .bss.nxt_motor_initialised
                0x00208274        0x4 ../../../../../../../../nxtOSEK/ecrobot/../ecrobot/libecrobot.a(nxt_motors.oram)
 .bss.motor     0x00208278       0x30 ../../../../../../../../nxtOSEK/ecrobot/../ecrobot/libecrobot.a(nxt_motors.oram)
 .bss.display_tick
                0x002082a8        0x4 ../../../../../../../../nxtOSEK/ecrobot/../ecrobot/libecrobot.a(display.oram)
                0x002082a8                display_tick
 .bss.display_array
                0x002082ac      0x388 ../../../../../../../../nxtOSEK/ecrobot/../ecrobot/libecrobot.a(display.oram)
 .bss.i2c_int_count
                0x00208634        0x4 ../../../../../../../../nxtOSEK/ecrobot/../ecrobot/libecrobot.a(i2c.oram)
 .bss.i2c_port  0x00208638      0x170 ../../../../../../../../nxtOSEK/ecrobot/../ecrobot/libecrobot.a(i2c.oram)
 .bss.sound_mode
                0x002087a8        0x1 ../../../../../../../../nxtOSEK/ecrobot/../ecrobot/libecrobot.a(sound.oram)
                0x002087a8                sound_mode
 *fill*         0x002087a9        0x3 00
 .bss.in_buf_idx
                0x002087ac        0x4 ../../../../../../../../nxtOSEK/ecrobot/../ecrobot/libecrobot.a(bt.oram)
 .bss.buf_ptr   0x002087b0        0x4 ../../../../../../../../nxtOSEK/ecrobot/../ecrobot/libecrobot.a(bt.oram)
 .bss.out_buf   0x002087b4      0x200 ../../../../../../../../nxtOSEK/ecrobot/../ecrobot/libecrobot.a(bt.oram)
 .bss.out_buf_ptr
                0x002089b4        0x1 ../../../../../../../../nxtOSEK/ecrobot/../ecrobot/libecrobot.a(bt.oram)
 .bss.in_buf_in_ptr
                0x002089b5        0x1 ../../../../../../../../nxtOSEK/ecrobot/../ecrobot/libecrobot.a(bt.oram)
 .bss.in_buf    0x002089b6      0x100 ../../../../../../../../nxtOSEK/ecrobot/../ecrobot/libecrobot.a(bt.oram)
 *fill*         0x00208ab6        0x2 00
 .bss.link_state
                0x00208ab8        0x4 ../../../../../../../../nxtOSEK/ecrobot/../ecrobot/libecrobot.a(nxt_avr.oram)
 .bss.update_count
                0x00208abc        0x4 ../../../../../../../../nxtOSEK/ecrobot/../ecrobot/libecrobot.a(nxt_avr.oram)
 .bss.nxt_avr_stats
                0x00208ac0       0x14 ../../../../../../../../nxtOSEK/ecrobot/../ecrobot/libecrobot.a(nxt_avr.oram)
 .bss.debounce_cnt
                0x00208ad4        0x2 ../../../../../../../../nxtOSEK/ecrobot/../ecrobot/libecrobot.a(nxt_avr.oram)
 .bss.debounce_state
                0x00208ad6        0x2 ../../../../../../../../nxtOSEK/ecrobot/../ecrobot/libecrobot.a(nxt_avr.oram)
 .bss.button_state
                0x00208ad8        0x2 ../../../../../../../../nxtOSEK/ecrobot/../ecrobot/libecrobot.a(nxt_avr.oram)
 .bss.prev_buttons
                0x00208ada        0x2 ../../../../../../../../nxtOSEK/ecrobot/../ecrobot/libecrobot.a(nxt_avr.oram)
 .bss.from_buf  0x00208adc        0x4 ../../../../../../../../nxtOSEK/ecrobot/../ecrobot/libecrobot.a(nxt_avr.oram)
 .bss.io_from_avr
                0x00208ae0        0x4 ../../../../../../../../nxtOSEK/ecrobot/../ecrobot/libecrobot.a(nxt_avr.oram)
 .bss.data_from_avr
                0x00208ae4       0x1a ../../../../../../../../nxtOSEK/ecrobot/../ecrobot/libecrobot.a(nxt_avr.oram)
 .bss.data_to_avr
                0x00208afe        0x9 ../../../../../../../../nxtOSEK/ecrobot/../ecrobot/libecrobot.a(nxt_avr.oram)
 .bss.io_to_avr
                0x00208b07        0x8 ../../../../../../../../nxtOSEK/ecrobot/../ecrobot/libecrobot.a(nxt_avr.oram)
 *fill*         0x00208b0f        0x1 00
 .bss.display   0x00208b10        0x4 ../../../../../../../../nxtOSEK/ecrobot/../ecrobot/libecrobot.a(nxt_lcd.oram)
                0x00208b20                . = ALIGN (0x10)
 *fill*         0x00208b14        0xc 00
                0x00208b20                __bss_end__ = .
 COMMON         0x00208b20        0x2 build/kernel/interrupt.o
                0x00208b20                runisr
                0x00208b21                sus_all_cnt
 *fill*         0x00208b22        0x2 00
 COMMON         0x00208b24       0x10 build/kernel/osctl.o
                0x00208b24                callevel
                0x00208b25                _errorhook_svcid
                0x00208b26                appmode
                0x00208b28                _errorhook_par1
                0x00208b2c                _errorhook_par3
                0x00208b30                _errorhook_par2
 COMMON         0x00208b34        0x3 build/kernel/task.o
                0x00208b34                runtsk
                0x00208b35                schedtsk
                0x00208b36                nextpri
 *fill*         0x00208b37        0x1 00
 COMMON         0x00208b38       0x84 build/./kernel_cfg.o
                0x00208b38                tcb_waievt
                0x00208b48                rescb_prevpri
                0x00208b49                almcb_prev
                0x00208b4a                tcb_lastres
                0x00208b50                almcb_almval
                0x00208b54                tcxb_pc
                0x00208b6c                tcb_next
                0x00208b72                tcb_curpri
                0x00208b78                tcb_tstat
                0x00208b7e                isrcb_lastres
                0x00208b7f                cntcb_almque
                0x00208b80                rescb_prevres
                0x00208b81                tcb_actcnt
                0x00208b88                tcb_curevt
                0x00208b98                almcb_cycle
                0x00208b9c                tcxb_sp
                0x00208bb4                almcb_next
                0x00208bb8                cntcb_curval
 COMMON         0x00208bbc      0x278 build/Slave_Event.o
                0x00208bbc                COMSERVICE_transmit_package
                0x00208c3a                BT_transmit_package
                0x00208cb9                COMSERVICE_receive_package
                0x00208d37                BT_receive_package
                0x00208db6                Output_Message
 COMMON         0x00208e34       0x44 ../../../../../../../../nxtOSEK/ecrobot/../ecrobot/libecrobot.a(uart.oram)
                0x00208e34                uart
 COMMON         0x00208e78        0x4 ../../../../../../../../nxtOSEK/ecrobot/../ecrobot/libecrobot.a(data_abort.oram)
                0x00208e78                data_abort_pc
 COMMON         0x00208e7c        0x8 ../../../../../../../../nxtOSEK/ecrobot/../ecrobot/libecrobot.a(display.oram)
                0x00208e7c                display_x
                0x00208e80                display_y
 COMMON         0x00208e84      0x31c ../../../../../../../../nxtOSEK/ecrobot/../ecrobot/libecrobot.a(sound.oram)
                0x00208e84                sample
                0x002070b0                __bss_start__ = ADDR (.bss)
                0x002091a0                __bss_end__ = (ADDR (.bss) + SIZEOF (.bss))
                0x002091a0                PROVIDE (end, .)

.heap_area      0x002091a0     0x69d8
                0x0020fb78                . = (. + (0x20fb78 - end))
 *fill*         0x002091a0     0x69d8 00

.stack          0x0020fb78      0x488
                0x0020fbf8                . = (. + 0x80)
 *fill*         0x0020fb78       0x80 00
                0x0020fc00                . = ALIGN (0x10)
 *fill*         0x0020fbf8        0x8 00
                0x0020fc00                __irq_stack__ = .
                0x0020fc00                __system_stack_bottom__ = .
                0x00210000                . = (. + 0x400)
 *fill*         0x0020fc00      0x400 00
                0x00210000                . = ALIGN (0x10)
                0x00210000                __system_stack__ = .
                0x00210000                __system_stack_top__ = .
                0x0020fb78                __stack_start__ = ADDR (.stack)
                0x00210000                __stack_end__ = (ADDR (.stack) + SIZEOF (.stack))
OUTPUT(Slave_Event_ram.elf elf32-littlearm)

.comment        0x00000000      0x3ba
 .comment       0x00000000       0x12 build/kernel/alarm.o
 .comment       0x00000012       0x12 build/kernel/event.o
 .comment       0x00000024       0x12 build/kernel/interrupt.o
 .comment       0x00000036       0x12 build/kernel/osctl.o
 .comment       0x00000048       0x12 build/kernel/resource.o
 .comment       0x0000005a       0x12 build/kernel/task.o
 .comment       0x0000006c       0x12 build/kernel/task_manage.o
 .comment       0x0000007e       0x12 build/config/at91sam7s-gnu/cpu_config.o
 .comment       0x00000090       0x12 build/config/at91sam7s-gnu/lego_nxt/sys_config.o
 .comment       0x000000a2       0x12 build/./kernel_cfg.o
 .comment       0x000000b4       0x12 build/syscalls.o
 .comment       0x000000c6       0x12 build/ecrobot_bluetooth.o
 .comment       0x000000d8       0x12 build/ecrobot_base.o
 .comment       0x000000ea       0x12 build/ecrobot.o
 .comment       0x000000fc       0x12 build/Slave_Event.o
 .comment       0x0000010e       0x12 build/RTE_Output_SetOutput_OSPort_Out.o
 .comment       0x00000120       0x12 build/RTE_SchussMotor_SetOutputValue_OSPort_Out.o
 .comment       0x00000132       0x12 build/RTE_StartTrigger_GetSensorValue_OSPort_In.o
 .comment       0x00000144       0x12 build/RTE_StopSensor_GetSensorValue_OSPort_In.o
 .comment       0x00000156       0x12 build/syslib/at91sam7s-gnu/lego_nxt/hw_sys_timer.oram
 .comment       0x00000168       0x12 ../../../../../../../../nxtOSEK/ecrobot/../ecrobot/libecrobot.a(ecrobot_device_hook.o)
 .comment       0x0000017a       0x12 ../../../../../../../../nxtOSEK/ecrobot/../ecrobot/libecrobot.a(ecrobot_interface.o)
 .comment       0x0000018c       0x12 ../../../../../../../../nxtOSEK/ecrobot/../ecrobot/libecrobot.a(colorsensor.o)
 .comment       0x0000019e       0x12 ../../../../../../../../nxtOSEK/ecrobot/../ecrobot/libecrobot.a(osek_hook.o)
 .comment       0x000001b0       0x12 ../../../../../../../../nxtOSEK/ecrobot/../ecrobot/libecrobot.a(uart.oram)
 .comment       0x000001c2       0x12 ../../../../../../../../nxtOSEK/ecrobot/../ecrobot/libecrobot.a(systick.oram)
 .comment       0x000001d4       0x12 ../../../../../../../../nxtOSEK/ecrobot/../ecrobot/libecrobot.a(byte_fifo.oram)
 .comment       0x000001e6       0x12 ../../../../../../../../nxtOSEK/ecrobot/../ecrobot/libecrobot.a(aic.oram)
 .comment       0x000001f8       0x12 ../../../../../../../../nxtOSEK/ecrobot/../ecrobot/libecrobot.a(udp.oram)
 .comment       0x0000020a       0x12 ../../../../../../../../nxtOSEK/ecrobot/../ecrobot/libecrobot.a(twi.oram)
 .comment       0x0000021c       0x12 ../../../../../../../../nxtOSEK/ecrobot/../ecrobot/libecrobot.a(nxt_spi.oram)
 .comment       0x0000022e       0x12 ../../../../../../../../nxtOSEK/ecrobot/../ecrobot/libecrobot.a(nxt_motors.oram)
 .comment       0x00000240       0x12 ../../../../../../../../nxtOSEK/ecrobot/../ecrobot/libecrobot.a(data_abort.oram)
 .comment       0x00000252       0x12 ../../../../../../../../nxtOSEK/ecrobot/../ecrobot/libecrobot.a(display.oram)
 .comment       0x00000264       0x12 ../../../../../../../../nxtOSEK/ecrobot/../ecrobot/libecrobot.a(i2c.oram)
 .comment       0x00000276       0x12 ../../../../../../../../nxtOSEK/ecrobot/../ecrobot/libecrobot.a(sound.oram)
 .comment       0x00000288       0x12 ../../../../../../../../nxtOSEK/ecrobot/../ecrobot/libecrobot.a(bt.oram)
 .comment       0x0000029a       0x12 ../../../../../../../../nxtOSEK/ecrobot/../ecrobot/libecrobot.a(nxt_avr.oram)
 .comment       0x000002ac       0x12 ../../../../../../../../nxtOSEK/ecrobot/../ecrobot/libecrobot.a(sensors.oram)
 .comment       0x000002be       0x12 ../../../../../../../../nxtOSEK/ecrobot/../ecrobot/libecrobot.a(sensors1.oram)
 .comment       0x000002d0       0x12 ../../../../../../../../nxtOSEK/ecrobot/../ecrobot/libecrobot.a(nxt_lcd.oram)
 .comment       0x000002e2       0x12 ../../../../../../../../nxtOSEK/ecrobot/../ecrobot/libecrobot.a(flash_loader.oram)
 .comment       0x000002f4       0x12 ../../../../../../../../nxtOSEK/ecrobot/../ecrobot/libecrobot.a(ecrobot_usb.o)
 .comment       0x00000306       0x12 ../../../../../../../../nxtOSEK/ecrobot/../ecrobot/libecrobot.a(flashprog.oram)
 .comment       0x00000318       0x12 /cygdrive/C/cygwin/GNUARM/bin/../lib/gcc/arm-elf/4.0.2/thumb/interwork/libgcc.a(_muldi3.o)
 .comment       0x0000032a       0x12 /cygdrive/C/cygwin/GNUARM/bin/../lib/gcc/arm-elf/4.0.2/thumb/interwork/libgcc.a(_divdi3.o)
 .comment       0x0000033c       0x12 /cygdrive/C/cygwin/GNUARM/bin/../lib/gcc/arm-elf/4.0.2/thumb/interwork/libgcc.a(_clz.o)
 .comment       0x0000034e       0x12 /cygdrive/C/cygwin/GNUARM/bin/../lib/gcc/arm-elf/4.0.2/../../../../arm-elf/lib/thumb/interwork/libc.a(memcpy.o)
 .comment       0x00000360       0x12 /cygdrive/C/cygwin/GNUARM/bin/../lib/gcc/arm-elf/4.0.2/../../../../arm-elf/lib/thumb/interwork/libc.a(memset.o)
 .comment       0x00000372       0x12 /cygdrive/C/cygwin/GNUARM/bin/../lib/gcc/arm-elf/4.0.2/../../../../arm-elf/lib/thumb/interwork/libc.a(strcmp.o)
 .comment       0x00000384       0x12 /cygdrive/C/cygwin/GNUARM/bin/../lib/gcc/arm-elf/4.0.2/../../../../arm-elf/lib/thumb/interwork/libc.a(strcpy.o)
 .comment       0x00000396       0x12 /cygdrive/C/cygwin/GNUARM/bin/../lib/gcc/arm-elf/4.0.2/../../../../arm-elf/lib/thumb/interwork/libc.a(strlen.o)
 .comment       0x000003a8       0x12 /cygdrive/C/cygwin/GNUARM/bin/../lib/gcc/arm-elf/4.0.2/../../../../arm-elf/lib/thumb/interwork/libc.a(strncpy.o)

.debug_line     0x00000000      0xb77
 .debug_line    0x00000000       0x70 /cygdrive/C/cygwin/GNUARM/bin/../lib/gcc/arm-elf/4.0.2/thumb/interwork/libgcc.a(_udivsi3.o)
 .debug_line    0x00000070       0x7c /cygdrive/C/cygwin/GNUARM/bin/../lib/gcc/arm-elf/4.0.2/thumb/interwork/libgcc.a(_divsi3.o)
 .debug_line    0x000000ec       0x68 /cygdrive/C/cygwin/GNUARM/bin/../lib/gcc/arm-elf/4.0.2/thumb/interwork/libgcc.a(_umodsi3.o)
 .debug_line    0x00000154       0x71 /cygdrive/C/cygwin/GNUARM/bin/../lib/gcc/arm-elf/4.0.2/thumb/interwork/libgcc.a(_modsi3.o)
 .debug_line    0x000001c5       0x5a /cygdrive/C/cygwin/GNUARM/bin/../lib/gcc/arm-elf/4.0.2/thumb/interwork/libgcc.a(_dvmd_tls.o)
 .debug_line    0x0000021f      0x162 /cygdrive/C/cygwin/GNUARM/bin/../lib/gcc/arm-elf/4.0.2/thumb/interwork/libgcc.a(_addsubdf3.o)
 .debug_line    0x00000381      0x177 /cygdrive/C/cygwin/GNUARM/bin/../lib/gcc/arm-elf/4.0.2/thumb/interwork/libgcc.a(_muldivdf3.o)
 .debug_line    0x000004f8       0xa4 /cygdrive/C/cygwin/GNUARM/bin/../lib/gcc/arm-elf/4.0.2/thumb/interwork/libgcc.a(_cmpdf2.o)
 .debug_line    0x0000059c       0x61 /cygdrive/C/cygwin/GNUARM/bin/../lib/gcc/arm-elf/4.0.2/thumb/interwork/libgcc.a(_muldi3.o)
 .debug_line    0x000005fd      0x122 /cygdrive/C/cygwin/GNUARM/bin/../lib/gcc/arm-elf/4.0.2/thumb/interwork/libgcc.a(_divdi3.o)
 .debug_line    0x0000071f       0x48 /cygdrive/C/cygwin/GNUARM/bin/../lib/gcc/arm-elf/4.0.2/thumb/interwork/libgcc.a(_clz.o)
 .debug_line    0x00000767       0xc3 /cygdrive/C/cygwin/GNUARM/bin/../lib/gcc/arm-elf/4.0.2/../../../../arm-elf/lib/thumb/interwork/libc.a(memcpy.o)
 .debug_line    0x0000082a       0xd4 /cygdrive/C/cygwin/GNUARM/bin/../lib/gcc/arm-elf/4.0.2/../../../../arm-elf/lib/thumb/interwork/libc.a(memset.o)
 .debug_line    0x000008fe       0x88 /cygdrive/C/cygwin/GNUARM/bin/../lib/gcc/arm-elf/4.0.2/../../../../arm-elf/lib/thumb/interwork/libc.a(strcmp.o)
 .debug_line    0x00000986       0x80 /cygdrive/C/cygwin/GNUARM/bin/../lib/gcc/arm-elf/4.0.2/../../../../arm-elf/lib/thumb/interwork/libc.a(strcpy.o)
 .debug_line    0x00000a06       0xaf /cygdrive/C/cygwin/GNUARM/bin/../lib/gcc/arm-elf/4.0.2/../../../../arm-elf/lib/thumb/interwork/libc.a(strlen.o)
 .debug_line    0x00000ab5       0xc2 /cygdrive/C/cygwin/GNUARM/bin/../lib/gcc/arm-elf/4.0.2/../../../../arm-elf/lib/thumb/interwork/libc.a(strncpy.o)

.debug_info     0x00000000     0x137a
 .debug_info    0x00000000       0x6a /cygdrive/C/cygwin/GNUARM/bin/../lib/gcc/arm-elf/4.0.2/thumb/interwork/libgcc.a(_udivsi3.o)
 .debug_info    0x0000006a       0x6a /cygdrive/C/cygwin/GNUARM/bin/../lib/gcc/arm-elf/4.0.2/thumb/interwork/libgcc.a(_divsi3.o)
 .debug_info    0x000000d4       0x6a /cygdrive/C/cygwin/GNUARM/bin/../lib/gcc/arm-elf/4.0.2/thumb/interwork/libgcc.a(_umodsi3.o)
 .debug_info    0x0000013e       0x6a /cygdrive/C/cygwin/GNUARM/bin/../lib/gcc/arm-elf/4.0.2/thumb/interwork/libgcc.a(_modsi3.o)
 .debug_info    0x000001a8       0x6a /cygdrive/C/cygwin/GNUARM/bin/../lib/gcc/arm-elf/4.0.2/thumb/interwork/libgcc.a(_dvmd_tls.o)
 .debug_info    0x00000212       0x69 /cygdrive/C/cygwin/GNUARM/bin/../lib/gcc/arm-elf/4.0.2/thumb/interwork/libgcc.a(_addsubdf3.o)
 .debug_info    0x0000027b       0x69 /cygdrive/C/cygwin/GNUARM/bin/../lib/gcc/arm-elf/4.0.2/thumb/interwork/libgcc.a(_muldivdf3.o)
 .debug_info    0x000002e4       0x69 /cygdrive/C/cygwin/GNUARM/bin/../lib/gcc/arm-elf/4.0.2/thumb/interwork/libgcc.a(_cmpdf2.o)
 .debug_info    0x0000034d      0x20e /cygdrive/C/cygwin/GNUARM/bin/../lib/gcc/arm-elf/4.0.2/thumb/interwork/libgcc.a(_muldi3.o)
 .debug_info    0x0000055b      0x758 /cygdrive/C/cygwin/GNUARM/bin/../lib/gcc/arm-elf/4.0.2/thumb/interwork/libgcc.a(_divdi3.o)
 .debug_info    0x00000cb3       0xc9 /cygdrive/C/cygwin/GNUARM/bin/../lib/gcc/arm-elf/4.0.2/thumb/interwork/libgcc.a(_clz.o)
 .debug_info    0x00000d7c      0x10d /cygdrive/C/cygwin/GNUARM/bin/../lib/gcc/arm-elf/4.0.2/../../../../arm-elf/lib/thumb/interwork/libc.a(memcpy.o)
 .debug_info    0x00000e89      0x111 /cygdrive/C/cygwin/GNUARM/bin/../lib/gcc/arm-elf/4.0.2/../../../../arm-elf/lib/thumb/interwork/libc.a(memset.o)
 .debug_info    0x00000f9a       0xd9 /cygdrive/C/cygwin/GNUARM/bin/../lib/gcc/arm-elf/4.0.2/../../../../arm-elf/lib/thumb/interwork/libc.a(strcmp.o)
 .debug_info    0x00001073      0x10c /cygdrive/C/cygwin/GNUARM/bin/../lib/gcc/arm-elf/4.0.2/../../../../arm-elf/lib/thumb/interwork/libc.a(strcpy.o)
 .debug_info    0x0000117f       0xd5 /cygdrive/C/cygwin/GNUARM/bin/../lib/gcc/arm-elf/4.0.2/../../../../arm-elf/lib/thumb/interwork/libc.a(strlen.o)
 .debug_info    0x00001254      0x126 /cygdrive/C/cygwin/GNUARM/bin/../lib/gcc/arm-elf/4.0.2/../../../../arm-elf/lib/thumb/interwork/libc.a(strncpy.o)

.debug_abbrev   0x00000000      0x69d
 .debug_abbrev  0x00000000       0x14 /cygdrive/C/cygwin/GNUARM/bin/../lib/gcc/arm-elf/4.0.2/thumb/interwork/libgcc.a(_udivsi3.o)
 .debug_abbrev  0x00000014       0x14 /cygdrive/C/cygwin/GNUARM/bin/../lib/gcc/arm-elf/4.0.2/thumb/interwork/libgcc.a(_divsi3.o)
 .debug_abbrev  0x00000028       0x14 /cygdrive/C/cygwin/GNUARM/bin/../lib/gcc/arm-elf/4.0.2/thumb/interwork/libgcc.a(_umodsi3.o)
 .debug_abbrev  0x0000003c       0x14 /cygdrive/C/cygwin/GNUARM/bin/../lib/gcc/arm-elf/4.0.2/thumb/interwork/libgcc.a(_modsi3.o)
 .debug_abbrev  0x00000050       0x14 /cygdrive/C/cygwin/GNUARM/bin/../lib/gcc/arm-elf/4.0.2/thumb/interwork/libgcc.a(_dvmd_tls.o)
 .debug_abbrev  0x00000064       0x14 /cygdrive/C/cygwin/GNUARM/bin/../lib/gcc/arm-elf/4.0.2/thumb/interwork/libgcc.a(_addsubdf3.o)
 .debug_abbrev  0x00000078       0x14 /cygdrive/C/cygwin/GNUARM/bin/../lib/gcc/arm-elf/4.0.2/thumb/interwork/libgcc.a(_muldivdf3.o)
 .debug_abbrev  0x0000008c       0x14 /cygdrive/C/cygwin/GNUARM/bin/../lib/gcc/arm-elf/4.0.2/thumb/interwork/libgcc.a(_cmpdf2.o)
 .debug_abbrev  0x000000a0       0xec /cygdrive/C/cygwin/GNUARM/bin/../lib/gcc/arm-elf/4.0.2/thumb/interwork/libgcc.a(_muldi3.o)
 .debug_abbrev  0x0000018c      0x174 /cygdrive/C/cygwin/GNUARM/bin/../lib/gcc/arm-elf/4.0.2/thumb/interwork/libgcc.a(_divdi3.o)
 .debug_abbrev  0x00000300       0x61 /cygdrive/C/cygwin/GNUARM/bin/../lib/gcc/arm-elf/4.0.2/thumb/interwork/libgcc.a(_clz.o)
 .debug_abbrev  0x00000361       0x99 /cygdrive/C/cygwin/GNUARM/bin/../lib/gcc/arm-elf/4.0.2/../../../../arm-elf/lib/thumb/interwork/libc.a(memcpy.o)
 .debug_abbrev  0x000003fa       0x9a /cygdrive/C/cygwin/GNUARM/bin/../lib/gcc/arm-elf/4.0.2/../../../../arm-elf/lib/thumb/interwork/libc.a(memset.o)
 .debug_abbrev  0x00000494       0x71 /cygdrive/C/cygwin/GNUARM/bin/../lib/gcc/arm-elf/4.0.2/../../../../arm-elf/lib/thumb/interwork/libc.a(strcmp.o)
 .debug_abbrev  0x00000505       0x80 /cygdrive/C/cygwin/GNUARM/bin/../lib/gcc/arm-elf/4.0.2/../../../../arm-elf/lib/thumb/interwork/libc.a(strcpy.o)
 .debug_abbrev  0x00000585       0x8b /cygdrive/C/cygwin/GNUARM/bin/../lib/gcc/arm-elf/4.0.2/../../../../arm-elf/lib/thumb/interwork/libc.a(strlen.o)
 .debug_abbrev  0x00000610       0x8d /cygdrive/C/cygwin/GNUARM/bin/../lib/gcc/arm-elf/4.0.2/../../../../arm-elf/lib/thumb/interwork/libc.a(strncpy.o)

.debug_aranges  0x00000000      0x200
 .debug_aranges
                0x00000000       0x20 /cygdrive/C/cygwin/GNUARM/bin/../lib/gcc/arm-elf/4.0.2/thumb/interwork/libgcc.a(_udivsi3.o)
 .debug_aranges
                0x00000020       0x20 /cygdrive/C/cygwin/GNUARM/bin/../lib/gcc/arm-elf/4.0.2/thumb/interwork/libgcc.a(_divsi3.o)
 .debug_aranges
                0x00000040       0x20 /cygdrive/C/cygwin/GNUARM/bin/../lib/gcc/arm-elf/4.0.2/thumb/interwork/libgcc.a(_umodsi3.o)
 .debug_aranges
                0x00000060       0x20 /cygdrive/C/cygwin/GNUARM/bin/../lib/gcc/arm-elf/4.0.2/thumb/interwork/libgcc.a(_modsi3.o)
 .debug_aranges
                0x00000080       0x20 /cygdrive/C/cygwin/GNUARM/bin/../lib/gcc/arm-elf/4.0.2/thumb/interwork/libgcc.a(_dvmd_tls.o)
 .debug_aranges
                0x000000a0       0x20 /cygdrive/C/cygwin/GNUARM/bin/../lib/gcc/arm-elf/4.0.2/thumb/interwork/libgcc.a(_addsubdf3.o)
 .debug_aranges
                0x000000c0       0x20 /cygdrive/C/cygwin/GNUARM/bin/../lib/gcc/arm-elf/4.0.2/thumb/interwork/libgcc.a(_muldivdf3.o)
 .debug_aranges
                0x000000e0       0x20 /cygdrive/C/cygwin/GNUARM/bin/../lib/gcc/arm-elf/4.0.2/thumb/interwork/libgcc.a(_cmpdf2.o)
 .debug_aranges
                0x00000100       0x20 /cygdrive/C/cygwin/GNUARM/bin/../lib/gcc/arm-elf/4.0.2/thumb/interwork/libgcc.a(_muldi3.o)
 .debug_aranges
                0x00000120       0x20 /cygdrive/C/cygwin/GNUARM/bin/../lib/gcc/arm-elf/4.0.2/thumb/interwork/libgcc.a(_divdi3.o)
 .debug_aranges
                0x00000140       0x20 /cygdrive/C/cygwin/GNUARM/bin/../lib/gcc/arm-elf/4.0.2/../../../../arm-elf/lib/thumb/interwork/libc.a(memcpy.o)
 .debug_aranges
                0x00000160       0x20 /cygdrive/C/cygwin/GNUARM/bin/../lib/gcc/arm-elf/4.0.2/../../../../arm-elf/lib/thumb/interwork/libc.a(memset.o)
 .debug_aranges
                0x00000180       0x20 /cygdrive/C/cygwin/GNUARM/bin/../lib/gcc/arm-elf/4.0.2/../../../../arm-elf/lib/thumb/interwork/libc.a(strcmp.o)
 .debug_aranges
                0x000001a0       0x20 /cygdrive/C/cygwin/GNUARM/bin/../lib/gcc/arm-elf/4.0.2/../../../../arm-elf/lib/thumb/interwork/libc.a(strcpy.o)
 .debug_aranges
                0x000001c0       0x20 /cygdrive/C/cygwin/GNUARM/bin/../lib/gcc/arm-elf/4.0.2/../../../../arm-elf/lib/thumb/interwork/libc.a(strlen.o)
 .debug_aranges
                0x000001e0       0x20 /cygdrive/C/cygwin/GNUARM/bin/../lib/gcc/arm-elf/4.0.2/../../../../arm-elf/lib/thumb/interwork/libc.a(strncpy.o)

.debug_frame    0x00000000      0x180
 .debug_frame   0x00000000       0x38 /cygdrive/C/cygwin/GNUARM/bin/../lib/gcc/arm-elf/4.0.2/thumb/interwork/libgcc.a(_muldi3.o)
 .debug_frame   0x00000038       0x3c /cygdrive/C/cygwin/GNUARM/bin/../lib/gcc/arm-elf/4.0.2/thumb/interwork/libgcc.a(_divdi3.o)
 .debug_frame   0x00000074       0x2c /cygdrive/C/cygwin/GNUARM/bin/../lib/gcc/arm-elf/4.0.2/../../../../arm-elf/lib/thumb/interwork/libc.a(memcpy.o)
 .debug_frame   0x000000a0       0x2c /cygdrive/C/cygwin/GNUARM/bin/../lib/gcc/arm-elf/4.0.2/../../../../arm-elf/lib/thumb/interwork/libc.a(memset.o)
 .debug_frame   0x000000cc       0x2c /cygdrive/C/cygwin/GNUARM/bin/../lib/gcc/arm-elf/4.0.2/../../../../arm-elf/lib/thumb/interwork/libc.a(strcmp.o)
 .debug_frame   0x000000f8       0x2c /cygdrive/C/cygwin/GNUARM/bin/../lib/gcc/arm-elf/4.0.2/../../../../arm-elf/lib/thumb/interwork/libc.a(strcpy.o)
 .debug_frame   0x00000124       0x2c /cygdrive/C/cygwin/GNUARM/bin/../lib/gcc/arm-elf/4.0.2/../../../../arm-elf/lib/thumb/interwork/libc.a(strlen.o)
 .debug_frame   0x00000150       0x30 /cygdrive/C/cygwin/GNUARM/bin/../lib/gcc/arm-elf/4.0.2/../../../../arm-elf/lib/thumb/interwork/libc.a(strncpy.o)

.debug_loc      0x00000000     0x13c0
 .debug_loc     0x00000000      0x156 /cygdrive/C/cygwin/GNUARM/bin/../lib/gcc/arm-elf/4.0.2/thumb/interwork/libgcc.a(_muldi3.o)
 .debug_loc     0x00000156      0xd45 /cygdrive/C/cygwin/GNUARM/bin/../lib/gcc/arm-elf/4.0.2/thumb/interwork/libgcc.a(_divdi3.o)
 .debug_loc     0x00000e9b      0x127 /cygdrive/C/cygwin/GNUARM/bin/../lib/gcc/arm-elf/4.0.2/../../../../arm-elf/lib/thumb/interwork/libc.a(memcpy.o)
 .debug_loc     0x00000fc2      0x12a /cygdrive/C/cygwin/GNUARM/bin/../lib/gcc/arm-elf/4.0.2/../../../../arm-elf/lib/thumb/interwork/libc.a(memset.o)
 .debug_loc     0x000010ec       0x8e /cygdrive/C/cygwin/GNUARM/bin/../lib/gcc/arm-elf/4.0.2/../../../../arm-elf/lib/thumb/interwork/libc.a(strcmp.o)
 .debug_loc     0x0000117a       0xb4 /cygdrive/C/cygwin/GNUARM/bin/../lib/gcc/arm-elf/4.0.2/../../../../arm-elf/lib/thumb/interwork/libc.a(strcpy.o)
 .debug_loc     0x0000122e       0x3c /cygdrive/C/cygwin/GNUARM/bin/../lib/gcc/arm-elf/4.0.2/../../../../arm-elf/lib/thumb/interwork/libc.a(strlen.o)
 .debug_loc     0x0000126a      0x156 /cygdrive/C/cygwin/GNUARM/bin/../lib/gcc/arm-elf/4.0.2/../../../../arm-elf/lib/thumb/interwork/libc.a(strncpy.o)

.debug_pubnames
                0x00000000      0x10d
 .debug_pubnames
                0x00000000       0x1f /cygdrive/C/cygwin/GNUARM/bin/../lib/gcc/arm-elf/4.0.2/thumb/interwork/libgcc.a(_muldi3.o)
 .debug_pubnames
                0x0000001f       0x1f /cygdrive/C/cygwin/GNUARM/bin/../lib/gcc/arm-elf/4.0.2/thumb/interwork/libgcc.a(_divdi3.o)
 .debug_pubnames
                0x0000003e       0x20 /cygdrive/C/cygwin/GNUARM/bin/../lib/gcc/arm-elf/4.0.2/thumb/interwork/libgcc.a(_clz.o)
 .debug_pubnames
                0x0000005e       0x1d /cygdrive/C/cygwin/GNUARM/bin/../lib/gcc/arm-elf/4.0.2/../../../../arm-elf/lib/thumb/interwork/libc.a(memcpy.o)
 .debug_pubnames
                0x0000007b       0x1d /cygdrive/C/cygwin/GNUARM/bin/../lib/gcc/arm-elf/4.0.2/../../../../arm-elf/lib/thumb/interwork/libc.a(memset.o)
 .debug_pubnames
                0x00000098       0x1d /cygdrive/C/cygwin/GNUARM/bin/../lib/gcc/arm-elf/4.0.2/../../../../arm-elf/lib/thumb/interwork/libc.a(strcmp.o)
 .debug_pubnames
                0x000000b5       0x1d /cygdrive/C/cygwin/GNUARM/bin/../lib/gcc/arm-elf/4.0.2/../../../../arm-elf/lib/thumb/interwork/libc.a(strcpy.o)
 .debug_pubnames
                0x000000d2       0x1d /cygdrive/C/cygwin/GNUARM/bin/../lib/gcc/arm-elf/4.0.2/../../../../arm-elf/lib/thumb/interwork/libc.a(strlen.o)
 .debug_pubnames
                0x000000ef       0x1e /cygdrive/C/cygwin/GNUARM/bin/../lib/gcc/arm-elf/4.0.2/../../../../arm-elf/lib/thumb/interwork/libc.a(strncpy.o)

.debug_ranges   0x00000000      0x1d8
 .debug_ranges  0x00000000       0x30 /cygdrive/C/cygwin/GNUARM/bin/../lib/gcc/arm-elf/4.0.2/thumb/interwork/libgcc.a(_muldi3.o)
 .debug_ranges  0x00000030      0x1a8 /cygdrive/C/cygwin/GNUARM/bin/../lib/gcc/arm-elf/4.0.2/thumb/interwork/libgcc.a(_divdi3.o)

.debug_str      0x00000000      0x38b
 .debug_str     0x00000000       0xfb /cygdrive/C/cygwin/GNUARM/bin/../lib/gcc/arm-elf/4.0.2/thumb/interwork/libgcc.a(_muldi3.o)
                                0x14f (size before relaxing)
 .debug_str     0x000000fb       0x5d /cygdrive/C/cygwin/GNUARM/bin/../lib/gcc/arm-elf/4.0.2/thumb/interwork/libgcc.a(_divdi3.o)
                                0x1a3 (size before relaxing)
 .debug_str     0x00000158        0x0 /cygdrive/C/cygwin/GNUARM/bin/../lib/gcc/arm-elf/4.0.2/thumb/interwork/libgcc.a(_clz.o)
                                0x104 (size before relaxing)
 .debug_str     0x00000158       0xb3 /cygdrive/C/cygwin/GNUARM/bin/../lib/gcc/arm-elf/4.0.2/../../../../arm-elf/lib/thumb/interwork/libc.a(memcpy.o)
                                 0xdf (size before relaxing)
 .debug_str     0x0000020b       0x5a /cygdrive/C/cygwin/GNUARM/bin/../lib/gcc/arm-elf/4.0.2/../../../../arm-elf/lib/thumb/interwork/libc.a(memset.o)
                                0x129 (size before relaxing)
 .debug_str     0x00000265       0x46 /cygdrive/C/cygwin/GNUARM/bin/../lib/gcc/arm-elf/4.0.2/../../../../arm-elf/lib/thumb/interwork/libc.a(strcmp.o)
                                0x10e (size before relaxing)
 .debug_str     0x000002ab       0x46 /cygdrive/C/cygwin/GNUARM/bin/../lib/gcc/arm-elf/4.0.2/../../../../arm-elf/lib/thumb/interwork/libc.a(strcpy.o)
                                0x130 (size before relaxing)
 .debug_str     0x000002f1       0x4c /cygdrive/C/cygwin/GNUARM/bin/../lib/gcc/arm-elf/4.0.2/../../../../arm-elf/lib/thumb/interwork/libc.a(strlen.o)
                                0x128 (size before relaxing)
 .debug_str     0x0000033d       0x4e /cygdrive/C/cygwin/GNUARM/bin/../lib/gcc/arm-elf/4.0.2/../../../../arm-elf/lib/thumb/interwork/libc.a(strncpy.o)
                                0x13f (size before relaxing)

Cross Reference Table

Symbol                                            File
ActivateTask                                      build/kernel/task_manage.o
BT_HAS_RECEIVED_PACKAGE                           build/./kernel_cfg.o
                                                  build/Slave_Event.o
BT_IMPLIZIT_SLAVE                                 build/./kernel_cfg.o
BT_IMPLIZIT_SLAVE2                                build/./kernel_cfg.o
                                                  build/Slave_Event.o
BT_IMPLIZIT_SLAVE2_EVENT                          build/./kernel_cfg.o
                                                  build/Slave_Event.o
BT_SEND_MY_MESSAGE                                build/./kernel_cfg.o
                                                  build/Slave_Event.o
BT_receive_package                                build/RTE_StopSensor_GetSensorValue_OSPort_In.o
                                                  build/Slave_Event.o
BT_transmit_package                               build/RTE_StopSensor_GetSensorValue_OSPort_In.o
                                                  build/Slave_Event.o
COMSERVICE_receive_package                        build/RTE_StopSensor_GetSensorValue_OSPort_In.o
                                                  build/Slave_Event.o
COMSERVICE_transmit_package                       build/RTE_StopSensor_GetSensorValue_OSPort_In.o
                                                  build/Slave_Event.o
CancelAlarm                                       build/kernel/alarm.o
ChainTask                                         build/kernel/task_manage.o
ClearEvent                                        build/kernel/event.o
                                                  build/Slave_Event.o
DisableAllInterrupts                              build/kernel/interrupt.o
EnableAllInterrupts                               build/kernel/interrupt.o
ErrorHook                                         ../../../../../../../../nxtOSEK/ecrobot/../ecrobot/libecrobot.a(osek_hook.o)
                                                  build/kernel/osctl.o
GetActiveApplicationMode                          build/kernel/osctl.o
GetAlarm                                          build/kernel/alarm.o
GetAlarmBase                                      build/kernel/alarm.o
GetEvent                                          build/kernel/event.o
GetResource                                       build/kernel/resource.o
GetTaskID                                         build/kernel/task_manage.o
GetTaskState                                      build/kernel/task_manage.o
InitHook                                          build/./kernel_cfg.o
NXT_Entry_Point                                   build/nxt_entry_point.o
                                                  build/nxt_binary_header.o
Output_Message                                    build/RTE_StopSensor_GetSensorValue_OSPort_In.o
                                                  build/Slave_Event.o
PostTaskHook                                      ../../../../../../../../nxtOSEK/ecrobot/../ecrobot/libecrobot.a(osek_hook.o)
                                                  build/config/at91sam7s-gnu/cpu_support.oram
                                                  build/kernel/osctl.o
PreTaskHook                                       ../../../../../../../../nxtOSEK/ecrobot/../ecrobot/libecrobot.a(osek_hook.o)
                                                  build/config/at91sam7s-gnu/cpu_support.oram
                                                  build/kernel/osctl.o
RTE_Output_SetOutput_OSPort_Out                   build/RTE_Output_SetOutput_OSPort_Out.o
RTE_SchussMotor_SetOutputValue_OSPort_Out         build/RTE_SchussMotor_SetOutputValue_OSPort_Out.o
RTE_StartTrigger_GetSensorValue_OSPort_In         build/RTE_StartTrigger_GetSensorValue_OSPort_In.o
RTE_StopSensor_GetSensorValue_OSPort_In           build/RTE_StopSensor_GetSensorValue_OSPort_In.o
RTE_Trigger_GetValue_Receiver_In                  build/Slave_Event.o
RTE_Trigger_GetValue_Receiver_In_EVENT            build/./kernel_cfg.o
                                                  build/Slave_Event.o
ReleaseResource                                   build/kernel/resource.o
ResumeAllInterrupts                               build/kernel/interrupt.o
ResumeOSInterrupts                                build/kernel/interrupt.o
Schedule                                          build/kernel/task_manage.o
SetAbsAlarm                                       build/kernel/alarm.o
SetEvent                                          build/kernel/event.o
                                                  build/Slave_Event.o
SetRelAlarm                                       build/kernel/alarm.o
ShutdownHook                                      ../../../../../../../../nxtOSEK/ecrobot/../ecrobot/libecrobot.a(osek_hook.o)
                                                  build/kernel/osctl.o
ShutdownOS                                        build/kernel/osctl.o
SignalCounter                                     build/kernel/alarm.o
StartOS                                           build/kernel/osctl.o
                                                  build/ecrobot.o
StartupHook                                       ../../../../../../../../nxtOSEK/ecrobot/../ecrobot/libecrobot.a(osek_hook.o)
                                                  build/kernel/osctl.o
SuspendAllInterrupts                              build/kernel/interrupt.o
SuspendOSInterrupts                               build/kernel/interrupt.o
TASK_BT_INTERFACE_READER                          build/./kernel_cfg.o
                                                  build/Slave_Event.o
TASK_BT_INTERFACE_WRITER                          build/./kernel_cfg.o
TaskMainBT_IMPLIZIT_SLAVE                         build/Slave_Event.o
                                                  build/./kernel_cfg.o
TaskMainBT_IMPLIZIT_SLAVE2                        build/Slave_Event.o
                                                  build/./kernel_cfg.o
TaskMainInitHook                                  build/Slave_Event.o
                                                  build/./kernel_cfg.o
TaskMainTASK_BT_INTERFACE_READER                  build/Slave_Event.o
                                                  build/./kernel_cfg.o
TaskMainTASK_BT_INTERFACE_WRITER                  build/Slave_Event.o
                                                  build/./kernel_cfg.o
TaskMainTrigger                                   build/Slave_Event.o
                                                  build/./kernel_cfg.o
TerminateTask                                     build/kernel/task_manage.o
                                                  build/Slave_Event.o
Trigger                                           build/./kernel_cfg.o
                                                  build/Slave_Event.o
Trigger_Runnable                                  build/Slave_Event.o
WaitEvent                                         build/kernel/event.o
                                                  build/Slave_Event.o
____floatsidf_change_to_arm                       /cygdrive/C/cygwin/GNUARM/bin/../lib/gcc/arm-elf/4.0.2/../../../../arm-elf/lib/thumb/interwork/libc.a(strncpy.o)
____floatsidf_from_thumb                          /cygdrive/C/cygwin/GNUARM/bin/../lib/gcc/arm-elf/4.0.2/../../../../arm-elf/lib/thumb/interwork/libc.a(strncpy.o)
____gtdf2_change_to_arm                           /cygdrive/C/cygwin/GNUARM/bin/../lib/gcc/arm-elf/4.0.2/../../../../arm-elf/lib/thumb/interwork/libc.a(strncpy.o)
____gtdf2_from_thumb                              /cygdrive/C/cygwin/GNUARM/bin/../lib/gcc/arm-elf/4.0.2/../../../../arm-elf/lib/thumb/interwork/libc.a(strncpy.o)
____muldf3_change_to_arm                          /cygdrive/C/cygwin/GNUARM/bin/../lib/gcc/arm-elf/4.0.2/../../../../arm-elf/lib/thumb/interwork/libc.a(strncpy.o)
____muldf3_from_thumb                             /cygdrive/C/cygwin/GNUARM/bin/../lib/gcc/arm-elf/4.0.2/../../../../arm-elf/lib/thumb/interwork/libc.a(strncpy.o)
__adddf3                                          /cygdrive/C/cygwin/GNUARM/bin/../lib/gcc/arm-elf/4.0.2/thumb/interwork/libgcc.a(_addsubdf3.o)
__aeabi_cdcmpeq                                   /cygdrive/C/cygwin/GNUARM/bin/../lib/gcc/arm-elf/4.0.2/thumb/interwork/libgcc.a(_cmpdf2.o)
__aeabi_cdcmple                                   /cygdrive/C/cygwin/GNUARM/bin/../lib/gcc/arm-elf/4.0.2/thumb/interwork/libgcc.a(_cmpdf2.o)
__aeabi_cdrcmple                                  /cygdrive/C/cygwin/GNUARM/bin/../lib/gcc/arm-elf/4.0.2/thumb/interwork/libgcc.a(_cmpdf2.o)
__aeabi_dadd                                      /cygdrive/C/cygwin/GNUARM/bin/../lib/gcc/arm-elf/4.0.2/thumb/interwork/libgcc.a(_addsubdf3.o)
__aeabi_dcmpeq                                    /cygdrive/C/cygwin/GNUARM/bin/../lib/gcc/arm-elf/4.0.2/thumb/interwork/libgcc.a(_cmpdf2.o)
__aeabi_dcmpge                                    /cygdrive/C/cygwin/GNUARM/bin/../lib/gcc/arm-elf/4.0.2/thumb/interwork/libgcc.a(_cmpdf2.o)
__aeabi_dcmpgt                                    /cygdrive/C/cygwin/GNUARM/bin/../lib/gcc/arm-elf/4.0.2/thumb/interwork/libgcc.a(_cmpdf2.o)
__aeabi_dcmple                                    /cygdrive/C/cygwin/GNUARM/bin/../lib/gcc/arm-elf/4.0.2/thumb/interwork/libgcc.a(_cmpdf2.o)
__aeabi_dcmplt                                    /cygdrive/C/cygwin/GNUARM/bin/../lib/gcc/arm-elf/4.0.2/thumb/interwork/libgcc.a(_cmpdf2.o)
__aeabi_ddiv                                      /cygdrive/C/cygwin/GNUARM/bin/../lib/gcc/arm-elf/4.0.2/thumb/interwork/libgcc.a(_muldivdf3.o)
__aeabi_dmul                                      /cygdrive/C/cygwin/GNUARM/bin/../lib/gcc/arm-elf/4.0.2/thumb/interwork/libgcc.a(_muldivdf3.o)
__aeabi_drsub                                     /cygdrive/C/cygwin/GNUARM/bin/../lib/gcc/arm-elf/4.0.2/thumb/interwork/libgcc.a(_addsubdf3.o)
__aeabi_dsub                                      /cygdrive/C/cygwin/GNUARM/bin/../lib/gcc/arm-elf/4.0.2/thumb/interwork/libgcc.a(_addsubdf3.o)
__aeabi_f2d                                       /cygdrive/C/cygwin/GNUARM/bin/../lib/gcc/arm-elf/4.0.2/thumb/interwork/libgcc.a(_addsubdf3.o)
__aeabi_i2d                                       /cygdrive/C/cygwin/GNUARM/bin/../lib/gcc/arm-elf/4.0.2/thumb/interwork/libgcc.a(_addsubdf3.o)
__aeabi_idiv0                                     /cygdrive/C/cygwin/GNUARM/bin/../lib/gcc/arm-elf/4.0.2/thumb/interwork/libgcc.a(_dvmd_tls.o)
__aeabi_idivmod                                   /cygdrive/C/cygwin/GNUARM/bin/../lib/gcc/arm-elf/4.0.2/thumb/interwork/libgcc.a(_divsi3.o)
__aeabi_l2d                                       /cygdrive/C/cygwin/GNUARM/bin/../lib/gcc/arm-elf/4.0.2/thumb/interwork/libgcc.a(_addsubdf3.o)
__aeabi_ldiv0                                     /cygdrive/C/cygwin/GNUARM/bin/../lib/gcc/arm-elf/4.0.2/thumb/interwork/libgcc.a(_dvmd_tls.o)
__aeabi_ui2d                                      /cygdrive/C/cygwin/GNUARM/bin/../lib/gcc/arm-elf/4.0.2/thumb/interwork/libgcc.a(_addsubdf3.o)
__aeabi_uidivmod                                  /cygdrive/C/cygwin/GNUARM/bin/../lib/gcc/arm-elf/4.0.2/thumb/interwork/libgcc.a(_udivsi3.o)
__aeabi_ul2d                                      /cygdrive/C/cygwin/GNUARM/bin/../lib/gcc/arm-elf/4.0.2/thumb/interwork/libgcc.a(_addsubdf3.o)
__bss_end__                                       build/ecrobot_init.o
__bss_start__                                     build/ecrobot_init.o
__call_posttaskhook_from_arm                      /cygdrive/C/cygwin/GNUARM/bin/../lib/gcc/arm-elf/4.0.2/../../../../arm-elf/lib/thumb/interwork/libc.a(strncpy.o)
__call_pretaskhook_from_arm                       /cygdrive/C/cygwin/GNUARM/bin/../lib/gcc/arm-elf/4.0.2/../../../../arm-elf/lib/thumb/interwork/libc.a(strncpy.o)
__clz_tab                                         /cygdrive/C/cygwin/GNUARM/bin/../lib/gcc/arm-elf/4.0.2/thumb/interwork/libgcc.a(_clz.o)
                                                  /cygdrive/C/cygwin/GNUARM/bin/../lib/gcc/arm-elf/4.0.2/thumb/interwork/libgcc.a(_divdi3.o)
__cmpdf2                                          /cygdrive/C/cygwin/GNUARM/bin/../lib/gcc/arm-elf/4.0.2/thumb/interwork/libgcc.a(_cmpdf2.o)
__ctor_begin                                      build/ecrobot_base.o
__ctor_end                                        build/ecrobot_base.o
__data_load_end__                                 build/ecrobot_init.o
__data_load_start__                               build/ecrobot_init.o
__data_ram_start__                                build/ecrobot_init.o
__disable_int_change_to_arm                       /cygdrive/C/cygwin/GNUARM/bin/../lib/gcc/arm-elf/4.0.2/../../../../arm-elf/lib/thumb/interwork/libc.a(strncpy.o)
__disable_int_from_thumb                          /cygdrive/C/cygwin/GNUARM/bin/../lib/gcc/arm-elf/4.0.2/../../../../arm-elf/lib/thumb/interwork/libc.a(strncpy.o)
__dispatch_change_to_arm                          /cygdrive/C/cygwin/GNUARM/bin/../lib/gcc/arm-elf/4.0.2/../../../../arm-elf/lib/thumb/interwork/libc.a(strncpy.o)
__dispatch_from_thumb                             /cygdrive/C/cygwin/GNUARM/bin/../lib/gcc/arm-elf/4.0.2/../../../../arm-elf/lib/thumb/interwork/libc.a(strncpy.o)
__display_bios_status_change_to_arm               /cygdrive/C/cygwin/GNUARM/bin/../lib/gcc/arm-elf/4.0.2/../../../../arm-elf/lib/thumb/interwork/libc.a(strncpy.o)
__display_bios_status_from_thumb                  /cygdrive/C/cygwin/GNUARM/bin/../lib/gcc/arm-elf/4.0.2/../../../../arm-elf/lib/thumb/interwork/libc.a(strncpy.o)
__div0                                            /cygdrive/C/cygwin/GNUARM/bin/../lib/gcc/arm-elf/4.0.2/thumb/interwork/libgcc.a(_dvmd_tls.o)
                                                  /cygdrive/C/cygwin/GNUARM/bin/../lib/gcc/arm-elf/4.0.2/thumb/interwork/libgcc.a(_modsi3.o)
                                                  /cygdrive/C/cygwin/GNUARM/bin/../lib/gcc/arm-elf/4.0.2/thumb/interwork/libgcc.a(_umodsi3.o)
                                                  /cygdrive/C/cygwin/GNUARM/bin/../lib/gcc/arm-elf/4.0.2/thumb/interwork/libgcc.a(_divsi3.o)
                                                  /cygdrive/C/cygwin/GNUARM/bin/../lib/gcc/arm-elf/4.0.2/thumb/interwork/libgcc.a(_udivsi3.o)
__divdf3                                          /cygdrive/C/cygwin/GNUARM/bin/../lib/gcc/arm-elf/4.0.2/thumb/interwork/libgcc.a(_muldivdf3.o)
__divdi3                                          /cygdrive/C/cygwin/GNUARM/bin/../lib/gcc/arm-elf/4.0.2/thumb/interwork/libgcc.a(_divdi3.o)
                                                  ../../../../../../../../nxtOSEK/ecrobot/../ecrobot/libecrobot.a(sound.oram)
__divsi3                                          /cygdrive/C/cygwin/GNUARM/bin/../lib/gcc/arm-elf/4.0.2/thumb/interwork/libgcc.a(_divsi3.o)
                                                  ../../../../../../../../nxtOSEK/ecrobot/../ecrobot/libecrobot.a(sound.oram)
                                                  ../../../../../../../../nxtOSEK/ecrobot/../ecrobot/libecrobot.a(uart.oram)
__dtor_begin                                      build/ecrobot_base.o
__dtor_end                                        build/ecrobot_base.o
__ecrobot_debug1_from_arm                         /cygdrive/C/cygwin/GNUARM/bin/../lib/gcc/arm-elf/4.0.2/../../../../arm-elf/lib/thumb/interwork/libc.a(strncpy.o)