Archive member included because of file (symbol)

../../../../../../../../nxtOSEK/ecrobot/../ecrobot/libecrobot.a(ecrobot_device_hook.o)
                              build/ecrobot_base.o (ecrobot_device_terminate)
../../../../../../../../nxtOSEK/ecrobot/../ecrobot/libecrobot.a(ecrobot_interface.o)
                              build/ecrobot_base.o (ecrobot_get_battery_voltage)
../../../../../../../../nxtOSEK/ecrobot/../ecrobot/libecrobot.a(colorsensor.o)
                              ../../../../../../../../nxtOSEK/ecrobot/../ecrobot/libecrobot.a(ecrobot_interface.o) (colorsensor_init)
../../../../../../../../nxtOSEK/ecrobot/../ecrobot/libecrobot.a(osek_hook.o)
                              build/kernel/osctl.o (StartupHook)
../../../../../../../../nxtOSEK/ecrobot/../ecrobot/libecrobot.a(uart.oram)
                              build/config/at91sam7s-gnu/irq.oram (uart_isr_C_0)
../../../../../../../../nxtOSEK/ecrobot/../ecrobot/libecrobot.a(systick.oram)
                              build/syslib/at91sam7s-gnu/lego_nxt/hw_sys_timer.oram (systick_low_priority_C)
../../../../../../../../nxtOSEK/ecrobot/../ecrobot/libecrobot.a(byte_fifo.oram)
                              ../../../../../../../../nxtOSEK/ecrobot/../ecrobot/libecrobot.a(uart.oram) (byte_fifo_put)
../../../../../../../../nxtOSEK/ecrobot/../ecrobot/libecrobot.a(aic.oram)
                              ../../../../../../../../nxtOSEK/ecrobot/../ecrobot/libecrobot.a(uart.oram) (aic_set_vector)
../../../../../../../../nxtOSEK/ecrobot/../ecrobot/libecrobot.a(udp.oram)
                              build/config/at91sam7s-gnu/irq.oram (udp_isr_C)
../../../../../../../../nxtOSEK/ecrobot/../ecrobot/libecrobot.a(twi.oram)
                              build/config/at91sam7s-gnu/irq.oram (twi_isr_C)
../../../../../../../../nxtOSEK/ecrobot/../ecrobot/libecrobot.a(nxt_spi.oram)
                              build/config/at91sam7s-gnu/irq.oram (spi_isr_C)
../../../../../../../../nxtOSEK/ecrobot/../ecrobot/libecrobot.a(nxt_motors.oram)
                              ../../../../../../../../nxtOSEK/ecrobot/../ecrobot/libecrobot.a(ecrobot_interface.o) (nxt_motor_get_count)
../../../../../../../../nxtOSEK/ecrobot/../ecrobot/libecrobot.a(data_abort.oram)
                              build/ecrobot_init.o (data_abort_C)
../../../../../../../../nxtOSEK/ecrobot/../ecrobot/libecrobot.a(display.oram)
                              build/ecrobot_base.o (display_update)
../../../../../../../../nxtOSEK/ecrobot/../ecrobot/libecrobot.a(i2c.oram)
                              build/config/at91sam7s-gnu/irq.oram (i2c_timer_isr_C)
../../../../../../../../nxtOSEK/ecrobot/../ecrobot/libecrobot.a(sound.oram)
                              ../../../../../../../../nxtOSEK/ecrobot/../ecrobot/libecrobot.a(ecrobot_interface.o) (sound_get_time)
../../../../../../../../nxtOSEK/ecrobot/../ecrobot/libecrobot.a(bt.oram)
                              build/ecrobot_bluetooth.o (bt_send)
../../../../../../../../nxtOSEK/ecrobot/../ecrobot/libecrobot.a(nxt_avr.oram)
                              build/ecrobot_base.o (nxt_avr_power_down)
../../../../../../../../nxtOSEK/ecrobot/../ecrobot/libecrobot.a(sensors.oram)
                              ../../../../../../../../nxtOSEK/ecrobot/../ecrobot/libecrobot.a(ecrobot_interface.o) (unset_digi0)
../../../../../../../../nxtOSEK/ecrobot/../ecrobot/libecrobot.a(sensors1.oram)
                              ../../../../../../../../nxtOSEK/ecrobot/../ecrobot/libecrobot.a(colorsensor.o) (sensor_pins)
../../../../../../../../nxtOSEK/ecrobot/../ecrobot/libecrobot.a(nxt_lcd.oram)
                              ../../../../../../../../nxtOSEK/ecrobot/../ecrobot/libecrobot.a(display.oram) (nxt_lcd_force_update)
../../../../../../../../nxtOSEK/ecrobot/../ecrobot/libecrobot.a(flash_loader.oram)
                              build/ecrobot.o (set_flash_request)
../../../../../../../../nxtOSEK/ecrobot/../ecrobot/libecrobot.a(interrupts.oram)
                              ../../../../../../../../nxtOSEK/ecrobot/../ecrobot/libecrobot.a(uart.oram) (interrupts_get_and_disable)
../../../../../../../../nxtOSEK/ecrobot/../ecrobot/libecrobot.a(nxtosek_splash.obmp)
                              build/ecrobot_base.o (nxtosek_splash_bmp_start)
../../../../../../../../nxtOSEK/ecrobot/../ecrobot/libecrobot.a(ecrobot_usb.o)
                              ../../../../../../../../nxtOSEK/ecrobot/../ecrobot/libecrobot.a(flash_loader.oram) (ecrobot_init_usb)
../../../../../../../../nxtOSEK/ecrobot/../ecrobot/libecrobot.a(flashprog.oram)
                              ../../../../../../../../nxtOSEK/ecrobot/../ecrobot/libecrobot.a(flash_loader.oram) (flash_write_page)
/cygdrive/C/cygwin/GNUARM/bin/../lib/gcc/arm-elf/4.0.2/thumb/interwork/libgcc.a(_udivsi3.o)
                              build/ecrobot_base.o (__udivsi3)
/cygdrive/C/cygwin/GNUARM/bin/../lib/gcc/arm-elf/4.0.2/thumb/interwork/libgcc.a(_divsi3.o)
[...]
Memory Configuration

Name             Origin             Length             Attributes
rom              0x00108000         0x00038000
vector_ram       0x00200000         0x00000040
ram              0x00200040         0x0000ffc0
*default*        0x00000000         0xffffffff

Linker script and memory map

LOAD build/kernel/alarm.o
LOAD build/kernel/event.o
LOAD build/kernel/interrupt.o
LOAD build/kernel/osctl.o
LOAD build/kernel/resource.o
LOAD build/kernel/task.o
LOAD build/kernel/task_manage.o
LOAD build/config/at91sam7s-gnu/cpu_config.o
LOAD build/config/at91sam7s-gnu/lego_nxt/sys_config.o
LOAD build/./kernel_cfg.o
LOAD build/syscalls.o
LOAD build/ecrobot_bluetooth.o
LOAD build/ecrobot_base.o
LOAD build/ecrobot.o
LOAD build/Master_Event.o
LOAD build/RTE_Output_SetOutput_OSPort_Out.o
LOAD build/RTE_SchussMotor_SetOutputValue_OSPort_Out.o
LOAD build/RTE_StartTrigger_GetSensorValue_OSPort_In.o
LOAD build/RTE_StopSensor_GetSensorValue_OSPort_In.o
LOAD build/syslib/at91sam7s-gnu/lego_nxt/hw_sys_timer.oram
LOAD build/nxtvm/platform/nxt/vectors.o
LOAD build/config/at91sam7s-gnu/debug.o
LOAD build/config/at91sam7s-gnu/lego_nxt/sys_support.o
LOAD build/nxt_binary_header.o
LOAD build/nxt_entry_point.o
LOAD build/ecrobot_init.o
LOAD build/config/at91sam7s-gnu/cpu_support.oram
LOAD build/config/at91sam7s-gnu/irq.oram
LOAD ../../../../../../../../nxtOSEK/ecrobot/../c++/liblejososek.a
LOAD ../../../../../../../../nxtOSEK/ecrobot/../ecrobot/libecrobot.a
LOAD /cygdrive/C/cygwin/GNUARM/bin/../lib/gcc/arm-elf/4.0.2/../../../../arm-elf/lib/thumb/interwork/libstdc++.a
LOAD /cygdrive/C/cygwin/GNUARM/bin/../lib/gcc/arm-elf/4.0.2/../../../../arm-elf/lib/thumb/interwork/libm.a
LOAD /cygdrive/C/cygwin/GNUARM/bin/../lib/gcc/arm-elf/4.0.2/thumb/interwork/libgcc.a
LOAD /cygdrive/C/cygwin/GNUARM/bin/../lib/gcc/arm-elf/4.0.2/../../../../arm-elf/lib/thumb/interwork/libc.a
LOAD /cygdrive/C/cygwin/GNUARM/bin/../lib/gcc/arm-elf/4.0.2/thumb/interwork/libgcc.a
                0x00108000                ROM_BASE = 0x108000
                0x00038000                ROM_SIZE = 0x38000
                0x00200000                RAM_BASE = 0x200000
                0x00010000                RAM_SIZE = 0x10000

.vectors        0x00200000       0x40 load address 0x00108000
 vectors.o(*.text *.text.*)
 .text          0x00200000       0x38 build/nxtvm/platform/nxt/vectors.o
                0x00200040                . = ALIGN (0x10)
 *fill*         0x00200038        0x8 00
                0x00200000                __vectors_ram_start__ = ADDR (.vectors)
                0x00200040                __vectors_ram_end__ = (ADDR (.vectors) + SIZEOF (.vectors))
                0x00108000                __vectors_load_start__ = LOADADDR (.vectors)
                0x00108040                __vectors_load_end__ = (LOADADDR (.vectors) + SIZEOF (.vectors))

.init           0x00108040      0x280
 *ecrobot_init.o(*.text *.text.*)
 .text          0x00108040      0x280 build/ecrobot_init.o
                0x001081ac                undef_handler
                0x001081b4                prefetch_abort_handler
                0x001081b8                data_abort_handler
                0x001081b0                swi_handler
                0x00108040                start
                0x001081d4                reserved_handler
                0x001082c0                . = ALIGN (0x10)

.ram_text       0x00200040     0x31f0 load address 0x001082c0
                0x00200040                . = ALIGN (0x10)
 *.oram(*.text *.text.* *.glue*)
 .text.systick_isr_C1
                0x00200040       0x28 build/syslib/at91sam7s-gnu/lego_nxt/hw_sys_timer.oram
                0x00200040                systick_isr_C1
 *fill*         0x00200068        0x8 00
 .text          0x00200070      0x230 build/config/at91sam7s-gnu/cpu_support.oram
                0x00200250                enable_int
                0x002000f0                start_dispatch
                0x002000b0                activate_r
                0x00200248                disable_int
                0x00200070                dispatch
                0x0020021c                int_return
                0x002001ac                _interrupt
                0x002000e0                exit_and_dispatch
                0x00200258                nop
 .text          0x002002a0      0x2c0 build/config/at91sam7s-gnu/irq.oram
                0x002002a0                default_isr
                0x0020042c                uart_isr_entry_0
                0x002003ac                twi_isr_entry
                0x0020046c                uart_isr_entry_1
                0x0020036c                spi_isr_entry
                0x002002ec                systick_low_priority_entry
                0x002004ac                nxt_motor_isr_entry
                0x002004ec                i2c_timer_isr_entry
                0x002002a0                default_fiq
                0x002002a4                systick_isr_entry
                0x002002a0                spurious_isr
                0x002003ec                sound_isr_entry
                0x0020032c                udp_isr_entry
 .text.uart_process_isr
                0x00200560       0x88 ../../../../../../../../nxtOSEK/ecrobot/../ecrobot/libecrobot.a(uart.oram)
 .text.uart_isr_C_0
                0x002005e8        0xc ../../../../../../../../nxtOSEK/ecrobot/../ecrobot/libecrobot.a(uart.oram)
                0x002005e8                uart_isr_C_0
 .text.uart_isr_C_1
                0x002005f4        0xc ../../../../../../../../nxtOSEK/ecrobot/../ecrobot/libecrobot.a(uart.oram)
                0x002005f4                uart_isr_C_1
 .text.systick_low_priority_C
                0x00200600       0x1c ../../../../../../../../nxtOSEK/ecrobot/../ecrobot/libecrobot.a(systick.oram)
                0x00200600                systick_low_priority_C
 .text.systick_isr_C
                0x0020061c       0x24 ../../../../../../../../nxtOSEK/ecrobot/../ecrobot/libecrobot.a(systick.oram)
                0x0020061c                systick_isr_C
 .text.systick_get_ms
                0x00200640        0xc ../../../../../../../../nxtOSEK/ecrobot/../ecrobot/libecrobot.a(systick.oram)
                0x00200640                systick_get_ms
 .text.systick_wait_ms
                0x0020064c       0x1c ../../../../../../../../nxtOSEK/ecrobot/../ecrobot/libecrobot.a(systick.oram)
                0x0020064c                systick_wait_ms
 .text.systick_wait_ns
                0x00200668       0x1c ../../../../../../../../nxtOSEK/ecrobot/../ecrobot/libecrobot.a(systick.oram)
                0x00200668                systick_wait_ns
 .text.systick_init
                0x00200684       0x58 ../../../../../../../../nxtOSEK/ecrobot/../ecrobot/libecrobot.a(systick.oram)
                0x00200684                systick_init
 .text.systick_suspend
                0x002006dc        0xc ../../../../../../../../nxtOSEK/ecrobot/../ecrobot/libecrobot.a(systick.oram)
                0x002006dc                systick_suspend
 .text.systick_resume
                0x002006e8        0xc ../../../../../../../../nxtOSEK/ecrobot/../ecrobot/libecrobot.a(systick.oram)
                0x002006e8                systick_resume
 .text.byte_fifo_put
                0x002006f4       0x58 ../../../../../../../../nxtOSEK/ecrobot/../ecrobot/libecrobot.a(byte_fifo.oram)
                0x002006f4                byte_fifo_put
 .text.byte_fifo_get
                0x0020074c       0x2c ../../../../../../../../nxtOSEK/ecrobot/../ecrobot/libecrobot.a(byte_fifo.oram)
                0x0020074c                byte_fifo_get
 .text.aic_initialise
                0x00200778       0x5c ../../../../../../../../nxtOSEK/ecrobot/../ecrobot/libecrobot.a(aic.oram)
                0x00200778                aic_initialise
 .text.aic_set_vector
                0x002007d4       0x30 ../../../../../../../../nxtOSEK/ecrobot/../ecrobot/libecrobot.a(aic.oram)
                0x002007d4                aic_set_vector
 .text.aic_mask_on
                0x00200804       0x24 ../../../../../../../../nxtOSEK/ecrobot/../ecrobot/libecrobot.a(aic.oram)
                0x00200804                aic_mask_on
 .text.aic_mask_off
                0x00200828       0x24 ../../../../../../../../nxtOSEK/ecrobot/../ecrobot/libecrobot.a(aic.oram)
                0x00200828                aic_mask_off
 .text.aic_clear
                0x0020084c       0x24 ../../../../../../../../nxtOSEK/ecrobot/../ecrobot/libecrobot.a(aic.oram)
                0x0020084c                aic_clear
 .text.reset    0x00200870       0x4c ../../../../../../../../nxtOSEK/ecrobot/../ecrobot/libecrobot.a(udp.oram)
 .text.udp_send_null
                0x002008bc       0x2c ../../../../../../../../nxtOSEK/ecrobot/../ecrobot/libecrobot.a(udp.oram)
 .text.udp_send_stall
                0x002008e8       0x2c ../../../../../../../../nxtOSEK/ecrobot/../ecrobot/libecrobot.a(udp.oram)
 .text.udp_send_control
                0x00200914       0x60 ../../../../../../../../nxtOSEK/ecrobot/../ecrobot/libecrobot.a(udp.oram)
 .text.udp_isr_C
                0x00200974      0x7d0 ../../../../../../../../nxtOSEK/ecrobot/../ecrobot/libecrobot.a(udp.oram)
                0x00200974                udp_isr_C
 .text.twi_status
                0x00201144       0x20 ../../../../../../../../nxtOSEK/ecrobot/../ecrobot/libecrobot.a(twi.oram)
                0x00201144                twi_status
 .text.twi_isr_C
                0x00201164       0xc4 ../../../../../../../../nxtOSEK/ecrobot/../ecrobot/libecrobot.a(twi.oram)
                0x00201164                twi_isr_C
 .text.twi_reset
                0x00201228       0xb4 ../../../../../../../../nxtOSEK/ecrobot/../ecrobot/libecrobot.a(twi.oram)
                0x00201228                twi_reset
 .text.twi_init
                0x002012dc       0x4c ../../../../../../../../nxtOSEK/ecrobot/../ecrobot/libecrobot.a(twi.oram)
                0x002012dc                twi_init
 .text.twi_start_read
                0x00201328       0x60 ../../../../../../../../nxtOSEK/ecrobot/../ecrobot/libecrobot.a(twi.oram)
                0x00201328                twi_start_read
 .text.twi_start_write
                0x00201388       0x64 ../../../../../../../../nxtOSEK/ecrobot/../ecrobot/libecrobot.a(twi.oram)
                0x00201388                twi_start_write
 .text.spi_set_mode
                0x002013ec       0x40 ../../../../../../../../nxtOSEK/ecrobot/../ecrobot/libecrobot.a(nxt_spi.oram)
 .text.spi_isr_C
                0x0020142c       0x8c ../../../../../../../../nxtOSEK/ecrobot/../ecrobot/libecrobot.a(nxt_spi.oram)
                0x0020142c                spi_isr_C
 .text.nxt_spi_init
                0x002014b8      0x12c ../../../../../../../../nxtOSEK/ecrobot/../ecrobot/libecrobot.a(nxt_spi.oram)
                0x002014b8                nxt_spi_init
 .text.nxt_spi_write
                0x002015e4       0x44 ../../../../../../../../nxtOSEK/ecrobot/../ecrobot/libecrobot.a(nxt_spi.oram)
                0x002015e4                nxt_spi_write
 .text.nxt_spi_set_display
                0x00201628       0x10 ../../../../../../../../nxtOSEK/ecrobot/../ecrobot/libecrobot.a(nxt_spi.oram)
                0x00201628                nxt_spi_set_display
 .text.nxt_spi_refresh
                0x00201638       0x24 ../../../../../../../../nxtOSEK/ecrobot/../ecrobot/libecrobot.a(nxt_spi.oram)
                0x00201638                nxt_spi_refresh
 .text.nxt_motor_set_count
                0x0020165c       0x10 ../../../../../../../../nxtOSEK/ecrobot/../ecrobot/libecrobot.a(nxt_motors.oram)
                0x0020165c                nxt_motor_set_count
 .text.nxt_motor_1kHz_process
                0x0020166c       0x28 ../../../../../../../../nxtOSEK/ecrobot/../ecrobot/libecrobot.a(nxt_motors.oram)
                0x0020166c                nxt_motor_1kHz_process
 .text.nxt_motor_quad_decode
                0x00201694       0x30 ../../../../../../../../nxtOSEK/ecrobot/../ecrobot/libecrobot.a(nxt_motors.oram)
                0x00201694                nxt_motor_quad_decode
 .text.nxt_motor_isr_C
                0x002016c4       0x88 ../../../../../../../../nxtOSEK/ecrobot/../ecrobot/libecrobot.a(nxt_motors.oram)
                0x002016c4                nxt_motor_isr_C
 .text.nxt_motor_init
                0x0020174c       0x68 ../../../../../../../../nxtOSEK/ecrobot/../ecrobot/libecrobot.a(nxt_motors.oram)
                0x0020174c                nxt_motor_init
 .text.data_abort_C
                0x002017b4       0x7c ../../../../../../../../nxtOSEK/ecrobot/../ecrobot/libecrobot.a(data_abort.oram)
                0x002017b4                data_abort_C
 .text.display_update
                0x00201830       0x14 ../../../../../../../../nxtOSEK/ecrobot/../ecrobot/libecrobot.a(display.oram)
                0x00201830                display_update
 .text.display_force_update
                0x00201844        0xc ../../../../../../../../nxtOSEK/ecrobot/../ecrobot/libecrobot.a(display.oram)
                0x00201844                display_force_update
 .text.display_clear
                0x00201850       0x24 ../../../../../../../../nxtOSEK/ecrobot/../ecrobot/libecrobot.a(display.oram)
                0x00201850                display_clear
 .text.display_goto_xy
                0x00201874       0x14 ../../../../../../../../nxtOSEK/ecrobot/../ecrobot/libecrobot.a(display.oram)
                0x00201874                display_goto_xy
 .text.display_char
                0x00201888       0x60 ../../../../../../../../nxtOSEK/ecrobot/../ecrobot/libecrobot.a(display.oram)
                0x00201888                display_char
 .text.display_string
                0x002018e8       0x3c ../../../../../../../../nxtOSEK/ecrobot/../ecrobot/libecrobot.a(display.oram)
                0x002018e8                display_string
 .text.display_hex
                0x00201924       0x50 ../../../../../../../../nxtOSEK/ecrobot/../ecrobot/libecrobot.a(display.oram)
                0x00201924                display_hex
 .text.display_unsigned_worker
                0x00201974       0x70 ../../../../../../../../nxtOSEK/ecrobot/../ecrobot/libecrobot.a(display.oram)
 .text.display_unsigned
                0x002019e4        0xc ../../../../../../../../nxtOSEK/ecrobot/../ecrobot/libecrobot.a(display.oram)
                0x002019e4                display_unsigned
 .text.display_bitmap_copy
                0x002019f0       0x5c ../../../../../../../../nxtOSEK/ecrobot/../ecrobot/libecrobot.a(display.oram)
                0x002019f0                display_bitmap_copy
 .text.display_init
                0x00201a4c       0x50 ../../../../../../../../nxtOSEK/ecrobot/../ecrobot/libecrobot.a(display.oram)
                0x00201a4c                display_init
 .text.i2c_timer_isr_C
                0x00201a9c      0x314 ../../../../../../../../nxtOSEK/ecrobot/../ecrobot/libecrobot.a(i2c.oram)
                0x00201a9c                i2c_timer_isr_C
 .text.i2c_disable
                0x00201db0       0x20 ../../../../../../../../nxtOSEK/ecrobot/../ecrobot/libecrobot.a(i2c.oram)
                0x00201db0                i2c_disable
 .text.i2c_init
                0x00201dd0       0xa4 ../../../../../../../../nxtOSEK/ecrobot/../ecrobot/libecrobot.a(i2c.oram)
                0x00201dd0                i2c_init
 .text.sound_fill_sample_buffer
                0x00201e74       0xe4 ../../../../../../../../nxtOSEK/ecrobot/../ecrobot/libecrobot.a(sound.oram)
                0x00201e74                sound_fill_sample_buffer
 .text.sound_init
                0x00201f58       0xa0 ../../../../../../../../nxtOSEK/ecrobot/../ecrobot/libecrobot.a(sound.oram)
                0x00201f58                sound_init
 .text.sound_isr_C
                0x00201ff8      0x144 ../../../../../../../../nxtOSEK/ecrobot/../ecrobot/libecrobot.a(sound.oram)
                0x00201ff8                sound_isr_C
 .text.bt_init  0x0020213c      0x1c0 ../../../../../../../../nxtOSEK/ecrobot/../ecrobot/libecrobot.a(bt.oram)
                0x0020213c                bt_init
 .text.bt_send  0x002022fc       0x5c ../../../../../../../../nxtOSEK/ecrobot/../ecrobot/libecrobot.a(bt.oram)
                0x002022fc                bt_send
 .text.bt_write
                0x00202358       0x70 ../../../../../../../../nxtOSEK/ecrobot/../ecrobot/libecrobot.a(bt.oram)
                0x00202358                bt_write
 .text.bt_pending
                0x002023c8       0x50 ../../../../../../../../nxtOSEK/ecrobot/../ecrobot/libecrobot.a(bt.oram)
                0x002023c8                bt_pending
 .text.bt_set_arm7_cmd
                0x00202418       0x10 ../../../../../../../../nxtOSEK/ecrobot/../ecrobot/libecrobot.a(bt.oram)
                0x00202418                bt_set_arm7_cmd
 .text.bt_receive
                0x00202428      0x160 ../../../../../../../../nxtOSEK/ecrobot/../ecrobot/libecrobot.a(bt.oram)
                0x00202428                bt_receive
 .text.bt_reset
                0x00202588       0x84 ../../../../../../../../nxtOSEK/ecrobot/../ecrobot/libecrobot.a(bt.oram)
                0x00202588                bt_reset
 .text.nxt_avr_power_down
                0x0020260c       0x10 ../../../../../../../../nxtOSEK/ecrobot/../ecrobot/libecrobot.a(nxt_avr.oram)
                0x0020260c                nxt_avr_power_down
 .text.nxt_avr_link_init
                0x0020261c       0x20 ../../../../../../../../nxtOSEK/ecrobot/../ecrobot/libecrobot.a(nxt_avr.oram)
                0x0020261c                nxt_avr_link_init
 .text.nxt_avr_init
                0x0020263c       0x6c ../../../../../../../../nxtOSEK/ecrobot/../ecrobot/libecrobot.a(nxt_avr.oram)
                0x0020263c                nxt_avr_init
 .text.nxt_avr_1kHz_update
                0x002026a8      0x1cc ../../../../../../../../nxtOSEK/ecrobot/../ecrobot/libecrobot.a(nxt_avr.oram)
                0x002026a8                nxt_avr_1kHz_update
 .text.buttons_get
                0x00202874        0xc ../../../../../../../../nxtOSEK/ecrobot/../ecrobot/libecrobot.a(nxt_avr.oram)
                0x00202874                buttons_get
 .text.battery_voltage
                0x00202880       0x28 ../../../../../../../../nxtOSEK/ecrobot/../ecrobot/libecrobot.a(nxt_avr.oram)
                0x00202880                battery_voltage
 .text.nxt_avr_set_input_power
                0x002028a8       0x3c ../../../../../../../../nxtOSEK/ecrobot/../ecrobot/libecrobot.a(nxt_avr.oram)
                0x002028a8                nxt_avr_set_input_power
 .text.unset_digi0
                0x002028e4       0x44 ../../../../../../../../nxtOSEK/ecrobot/../ecrobot/libecrobot.a(sensors.oram)
                0x002028e4                unset_digi0
 .text.unset_digi1
                0x00202928       0x44 ../../../../../../../../nxtOSEK/ecrobot/../ecrobot/libecrobot.a(sensors.oram)
                0x00202928                unset_digi1
 .text.init_sensors
                0x0020296c       0x4c ../../../../../../../../nxtOSEK/ecrobot/../ecrobot/libecrobot.a(sensors.oram)
                0x0020296c                init_sensors
 .text.nxt_lcd_command
                0x002029b8       0x18 ../../../../../../../../nxtOSEK/ecrobot/../ecrobot/libecrobot.a(nxt_lcd.oram)
                0x002029b8                nxt_lcd_command
 .text.nxt_lcd_set_col
                0x002029d0       0x24 ../../../../../../../../nxtOSEK/ecrobot/../ecrobot/libecrobot.a(nxt_lcd.oram)
                0x002029d0                nxt_lcd_set_col
 .text.nxt_lcd_set_multiplex_rate
                0x002029f4       0x18 ../../../../../../../../nxtOSEK/ecrobot/../ecrobot/libecrobot.a(nxt_lcd.oram)
                0x002029f4                nxt_lcd_set_multiplex_rate
 .text.nxt_lcd_set_page_address
                0x00202a0c       0x18 ../../../../../../../../nxtOSEK/ecrobot/../ecrobot/libecrobot.a(nxt_lcd.oram)
                0x00202a0c                nxt_lcd_set_page_address
 .text.nxt_lcd_set_pot
                0x00202a24       0x1c ../../../../../../../../nxtOSEK/ecrobot/../ecrobot/libecrobot.a(nxt_lcd.oram)
                0x00202a24                nxt_lcd_set_pot
 .text.nxt_lcd_set_ram_address_control
                0x00202a40       0x18 ../../../../../../../../nxtOSEK/ecrobot/../ecrobot/libecrobot.a(nxt_lcd.oram)
                0x00202a40                nxt_lcd_set_ram_address_control
 .text.nxt_lcd_enable
                0x00202a58       0x14 ../../../../../../../../nxtOSEK/ecrobot/../ecrobot/libecrobot.a(nxt_lcd.oram)
                0x00202a58                nxt_lcd_enable
 .text.nxt_lcd_set_map_control
                0x00202a6c       0x18 ../../../../../../../../nxtOSEK/ecrobot/../ecrobot/libecrobot.a(nxt_lcd.oram)
                0x00202a6c                nxt_lcd_set_map_control
 .text.nxt_lcd_reset
                0x00202a84        0xc ../../../../../../../../nxtOSEK/ecrobot/../ecrobot/libecrobot.a(nxt_lcd.oram)
                0x00202a84                nxt_lcd_reset
 .text.nxt_lcd_set_bias_ratio
                0x00202a90       0x18 ../../../../../../../../nxtOSEK/ecrobot/../ecrobot/libecrobot.a(nxt_lcd.oram)
                0x00202a90                nxt_lcd_set_bias_ratio
 .text.nxt_lcd_force_update
                0x00202aa8       0x30 ../../../../../../../../nxtOSEK/ecrobot/../ecrobot/libecrobot.a(nxt_lcd.oram)
                0x00202aa8                nxt_lcd_force_update
 .text.nxt_lcd_update
                0x00202ad8        0xc ../../../../../../../../nxtOSEK/ecrobot/../ecrobot/libecrobot.a(nxt_lcd.oram)
                0x00202ad8                nxt_lcd_update
 .text.nxt_lcd_power_up
                0x00202ae4       0x48 ../../../../../../../../nxtOSEK/ecrobot/../ecrobot/libecrobot.a(nxt_lcd.oram)
                0x00202ae4                nxt_lcd_power_up
 .text.nxt_lcd_power_down
                0x00202b2c        0xc ../../../../../../../../nxtOSEK/ecrobot/../ecrobot/libecrobot.a(nxt_lcd.oram)
                0x00202b2c                nxt_lcd_power_down
 .text.nxt_lcd_init
                0x00202b38       0x18 ../../../../../../../../nxtOSEK/ecrobot/../ecrobot/libecrobot.a(nxt_lcd.oram)
                0x00202b38                nxt_lcd_init
 .text.verify_flash_page
                0x00202b50       0x34 ../../../../../../../../nxtOSEK/ecrobot/../ecrobot/libecrobot.a(flash_loader.oram)
 .text.set_flash_request
                0x00202b84       0x38 ../../../../../../../../nxtOSEK/ecrobot/../ecrobot/libecrobot.a(flash_loader.oram)
                0x00202b84                set_flash_request
 .text.nxt_device_init
                0x00202bbc       0x38 ../../../../../../../../nxtOSEK/ecrobot/../ecrobot/libecrobot.a(flash_loader.oram)
                0x00202bbc                nxt_device_init
 .text          0x00202bf4       0x68 ../../../../../../../../nxtOSEK/ecrobot/../ecrobot/libecrobot.a(interrupts.oram)
                0x00202c4c                fiq_enable
                0x00202bf4                interrupts_get_and_disable
                0x00202c28                fiq_get_and_disable
                0x00202c18                interrupts_enable
 .text.flash_write_page
                0x00202c5c       0xc0 ../../../../../../../../nxtOSEK/ecrobot/../ecrobot/libecrobot.a(flashprog.oram)
                0x00202c5c                flash_write_page
                0x00202d20                . = ALIGN (0x10)
 *fill*         0x00202d1c        0x4 00
 *.oram(*.rodata *.rodata.*)
 .rodata.ld     0x00202d20        0x4 ../../../../../../../../nxtOSEK/ecrobot/../ecrobot/libecrobot.a(udp.oram)
 .rodata.cfd    0x00202d24       0x20 ../../../../../../../../nxtOSEK/ecrobot/../ecrobot/libecrobot.a(udp.oram)
 .rodata.dd     0x00202d44       0x12 ../../../../../../../../nxtOSEK/ecrobot/../ecrobot/libecrobot.a(udp.oram)
 *fill*         0x00202d56        0x2 00
 .rodata.str1.4
                0x00202d58       0x22 ../../../../../../../../nxtOSEK/ecrobot/../ecrobot/libecrobot.a(data_abort.oram)
                                 0x24 (size before relaxing)
 .rodata.font   0x00202d7a      0x280 ../../../../../../../../nxtOSEK/ecrobot/../ecrobot/libecrobot.a(display.oram)
 *fill*         0x00202ffa        0x2 00
 .rodata.str1.4
                0x00202ffc       0x76 ../../../../../../../../nxtOSEK/ecrobot/../ecrobot/libecrobot.a(display.oram)
                                 0x78 (size before relaxing)
 *fill*         0x00203072        0x2 00
 .rodata.i2c_pin
                0x00203074       0x20 ../../../../../../../../nxtOSEK/ecrobot/../ecrobot/libecrobot.a(i2c.oram)
 .rodata.i2c_timer_isr_C
                0x00203094       0x38 ../../../../../../../../nxtOSEK/ecrobot/../ecrobot/libecrobot.a(i2c.oram)
 .rodata.silence
                0x002030cc       0x40 ../../../../../../../../nxtOSEK/ecrobot/../ecrobot/libecrobot.a(sound.oram)
                0x002030cc                silence
 .rodata.sample_pattern
                0x0020310c       0x84 ../../../../../../../../nxtOSEK/ecrobot/../ecrobot/libecrobot.a(sound.oram)
                0x0020310c                sample_pattern
 .rodata        0x00203190        0xc ../../../../../../../../nxtOSEK/ecrobot/../ecrobot/libecrobot.a(sound.oram)
 .rodata.avr_brainwash_string
                0x0020319c       0x30 ../../../../../../../../nxtOSEK/ecrobot/../ecrobot/libecrobot.a(nxt_avr.oram)
                0x0020319c                avr_brainwash_string
 .rodata.nxt_avr_1kHz_update
                0x002031cc       0x14 ../../../../../../../../nxtOSEK/ecrobot/../ecrobot/libecrobot.a(nxt_avr.oram)
 .rodata.C.33.1823
                0x002031e0       0x10 ../../../../../../../../nxtOSEK/ecrobot/../ecrobot/libecrobot.a(sensors.oram)
 .rodata.C.37.1857
                0x002031f0       0x10 ../../../../../../../../nxtOSEK/ecrobot/../ecrobot/libecrobot.a(sensors.oram)
 .rodata.str1.4
                0x00203200       0x23 ../../../../../../../../nxtOSEK/ecrobot/../ecrobot/libecrobot.a(flash_loader.oram)
                                 0x24 (size before relaxing)
                0x00203230                . = ALIGN (0x10)
 *fill*         0x00203223        0xd 00
                0x00200040                __ramtext_ram_start__ = ADDR (.ram_text)
                0x00203230                __ramtext_ram_end__ = (ADDR (.ram_text) + SIZEOF (.ram_text))
                0x001082c0                __ramtext_load_start__ = LOADADDR (.ram_text)
                0x0010b4b0                __ramtext_load_end__ = (__ramtext_load_start__ + SIZEOF (.ram_text))

.wav_data       0x0010b4b0        0x0
 *.owav(*.data *.data.*)
                0x0010b4b0                . = ALIGN (0x10)

.bmp_data       0x0010b4b0      0x440
 *.obmp(*.data *.data.*)
 .data          0x0010b4b0      0x43e ../../../../../../../../nxtOSEK/ecrobot/../ecrobot/libecrobot.a(nxtosek_splash.obmp)
                0x0010b4b0                nxtosek_splash_bmp_start
                0x0010b8ee                nxtosek_splash_bmp_end
                0x0010b8f0                . = ALIGN (0x10)
 *fill*         0x0010b8ee        0x2 00

.spr_data       0x0010b8f0        0x0
 *.ospr(*.data *.data.*)
                0x0010b8f0                . = ALIGN (0x10)

.data           0x00203230       0x60 load address 0x0010b8f0
 *(*.data *.data.*)
 .data.bt_status
                0x00203230        0x1 build/ecrobot_bluetooth.o
 .data.deviceStatus
                0x00203231        0x1 ../../../../../../../../nxtOSEK/ecrobot/../ecrobot/libecrobot.a(ecrobot_interface.o)
 .data.named    0x00203232       0x22 ../../../../../../../../nxtOSEK/ecrobot/../ecrobot/libecrobot.a(udp.oram)
 .data.snd      0x00203254       0x1a ../../../../../../../../nxtOSEK/ecrobot/../ecrobot/libecrobot.a(udp.oram)
 *fill*         0x0020326e        0x2 00
 .data.configured
                0x00203270        0x4 ../../../../../../../../nxtOSEK/ecrobot/../ecrobot/libecrobot.a(udp.oram)
 .data.mode     0x00203274        0x1 ../../../../../../../../nxtOSEK/ecrobot/../ecrobot/libecrobot.a(nxt_spi.oram)
                0x00203274                mode
 *fill*         0x00203275        0x3 00
 .bss.data      0x00203278        0x4 ../../../../../../../../nxtOSEK/ecrobot/../ecrobot/libecrobot.a(nxt_spi.oram)
                0x00203278                data
 .data.display_auto_update
                0x0020327c        0x4 ../../../../../../../../nxtOSEK/ecrobot/../ecrobot/libecrobot.a(display.oram)
                0x0020327c                display_auto_update
 .data.display_buffer
                0x00203280        0x4 ../../../../../../../../nxtOSEK/ecrobot/../ecrobot/libecrobot.a(display.oram)
                0x00203290                . = ALIGN (0x10)
 *fill*         0x00203284        0xc 00
                0x00203230                __data_ram_start__ = ADDR (.data)
                0x00203290                __data_ram_end__ = (ADDR (.data) + SIZEOF (.data))
                0x0010b8f0                __data_load_start__ = LOADADDR (.data)
                0x0010b950                __data_load_end__ = (__data_load_start__ + SIZEOF (.data))

.text           0x0010b950     0x1640
                0x0010b950                . = ALIGN (0x10)
 *(*.text *.text.* *.glue*)
 .text.SetEvent
                0x0010b950       0xac build/kernel/event.o
                0x0010b950                SetEvent
 .text.ClearEvent
                0x0010b9fc       0x64 build/kernel/event.o
                0x0010b9fc                ClearEvent
 .text.GetEvent
                0x0010ba60       0x84 build/kernel/event.o
                0x0010ba60                GetEvent
 .text.WaitEvent
                0x0010bae4       0xa8 build/kernel/event.o
                0x0010bae4                WaitEvent
 .text.StartOS  0x0010bb8c       0x58 build/kernel/osctl.o
                0x0010bb8c                StartOS
 .text.ShutdownOS
                0x0010bbe4       0x4c build/kernel/osctl.o
                0x0010bbe4                ShutdownOS
 .text.call_pretaskhook
                0x0010bc30       0x24 build/kernel/osctl.o
                0x0010bc30                call_pretaskhook
 .text.call_errorhook
                0x0010bc54       0x78 build/kernel/osctl.o
                0x0010bc54                call_errorhook
 .text.call_posttaskhook
                0x0010bccc       0x24 build/kernel/osctl.o
                0x0010bccc                call_posttaskhook
 .text.search_schedtsk
                0x0010bcf0       0x94 build/kernel/task.o
                0x0010bcf0                search_schedtsk
 .text.make_runnable
                0x0010bd84       0xac build/kernel/task.o
                0x0010bd84                make_runnable
 .text.make_active
                0x0010be30       0x78 build/kernel/task.o
                0x0010be30                make_active
 .text.task_initialize
                0x0010bea8       0x90 build/kernel/task.o
                0x0010bea8                task_initialize
 .text.TerminateTask
                0x0010bf38       0x74 build/kernel/task_manage.o
                0x0010bf38                TerminateTask
 .text.cpu_initialize
                0x0010bfac        0x4 build/config/at91sam7s-gnu/cpu_config.o
                0x0010bfac                cpu_initialize
 .text.cpu_terminate
                0x0010bfb0        0x4 build/config/at91sam7s-gnu/cpu_config.o
                0x0010bfb0                cpu_terminate
 .text.sys_initialize
                0x0010bfb4        0x4 build/config/at91sam7s-gnu/lego_nxt/sys_config.o
                0x0010bfb4                sys_initialize
 .text.sys_exit
                0x0010bfb8        0x4 build/config/at91sam7s-gnu/lego_nxt/sys_config.o
                0x0010bfb8                sys_exit
 .text.object_initialize
                0x0010bfbc        0xc build/./kernel_cfg.o
                0x0010bfbc                object_initialize
 .text.send_bt_command
                0x0010bfc8       0x40 build/ecrobot_bluetooth.o
 .text.read_bt_command
                0x0010c008       0x5c build/ecrobot_bluetooth.o
 .text.ecrobot_open_bt_stream
                0x0010c064       0x44 build/ecrobot_bluetooth.o
 .text.ecrobot_init_bt_master
                0x0010c0a8      0x118 build/ecrobot_bluetooth.o
                0x0010c0a8                ecrobot_init_bt_master
 .text.ecrobot_send_bt_packet
                0x0010c1c0       0x54 build/ecrobot_bluetooth.o
                0x0010c1c0                ecrobot_send_bt_packet
 .text.ecrobot_read_bt_packet
                0x0010c214       0x4c build/ecrobot_bluetooth.o
                0x0010c214                ecrobot_read_bt_packet
 .text.init_OS_flag
                0x0010c260        0xc build/ecrobot_base.o
                0x0010c260                init_OS_flag
 .text.set_OS_flag
                0x0010c26c        0xc build/ecrobot_base.o
                0x0010c26c                set_OS_flag
 .text.get_OS_flag
                0x0010c278        0xc build/ecrobot_base.o
                0x0010c278                get_OS_flag
 .text.cpp_constructor
                0x0010c284       0x28 build/ecrobot_base.o
                0x0010c284                cpp_constructor
 .text.cpp_destructor
                0x0010c2ac       0x28 build/ecrobot_base.o
                0x0010c2ac                cpp_destructor
 .text.execution_mode
                0x0010c2d4       0x24 build/ecrobot_base.o
                0x0010c2d4                execution_mode
 .text.show_main_screen
                0x0010c2f8       0x48 build/ecrobot_base.o
                0x0010c2f8                show_main_screen
 .text.display_status_bar
                0x0010c340       0x5c build/ecrobot_base.o
                0x0010c340                display_status_bar
 .text.check_NXT_buttons
                0x0010c39c       0x7c build/ecrobot_base.o
                0x0010c39c                check_NXT_buttons
 .text.add_status_info
                0x0010c418       0x68 build/ecrobot_base.o
                0x0010c418                add_status_info
 .text.show_splash_screen
                0x0010c480       0x90 build/ecrobot_base.o
                0x0010c480                show_splash_screen
 .text.main     0x0010c510      0x108 build/ecrobot.o
                0x0010c510                main
 .text.user_1ms_isr_type2
                0x0010c618       0x34 build/Master_Event.o
                0x0010c618                user_1ms_isr_type2
 .text.TaskMainInitHook
                0x0010c64c        0xc build/Master_Event.o
                0x0010c64c                TaskMainInitHook
 .text.TaskMainTASK_BT_INTERFACE_READER
                0x0010c658       0x28 build/Master_Event.o
                0x0010c658                TaskMainTASK_BT_INTERFACE_READER
 .text.TaskMainTASK_BT_INTERFACE_WRITER
                0x0010c680       0xa0 build/Master_Event.o
                0x0010c680                TaskMainTASK_BT_INTERFACE_WRITER
 .text.ecrobot_device_initialize
                0x0010c720       0x18 build/Master_Event.o
                0x0010c720                ecrobot_device_initialize
 .text.TaskMainBT_IMPLIZIT_MASTER
                0x0010c738       0x7c build/Master_Event.o
                0x0010c738                TaskMainBT_IMPLIZIT_MASTER
 .text.TaskMainBT_IMPLIZIT_MASTER2
                0x0010c7b4       0x4c build/Master_Event.o
                0x0010c7b4                TaskMainBT_IMPLIZIT_MASTER2
 .text.Schussanlage_Runnable
                0x0010c800       0x5c build/Master_Event.o
                0x0010c800                Schussanlage_Runnable
 .text.TaskMainSchussanlagen_Task
                0x0010c85c        0x8 build/Master_Event.o
                0x0010c85c                TaskMainSchussanlagen_Task
 .text.ecrobot_device_terminate
                0x0010c864        0x4 ../../../../../../../../nxtOSEK/ecrobot/../ecrobot/libecrobot.a(ecrobot_device_hook.o)
                0x0010c864                ecrobot_device_terminate
 .text.ecrobot_get_battery_voltage
                0x0010c868        0xc ../../../../../../../../nxtOSEK/ecrobot/../ecrobot/libecrobot.a(ecrobot_interface.o)
                0x0010c868                ecrobot_get_battery_voltage
 .text.ecrobot_get_button_state
                0x0010c874        0xc ../../../../../../../../nxtOSEK/ecrobot/../ecrobot/libecrobot.a(ecrobot_interface.o)
                0x0010c874                ecrobot_get_button_state
 .text.ecrobot_init_nxtstate
                0x0010c880       0x28 ../../../../../../../../nxtOSEK/ecrobot/../ecrobot/libecrobot.a(ecrobot_interface.o)
                0x0010c880                ecrobot_init_nxtstate
 .text.ecrobot_poll_nxtstate
                0x0010c8a8       0x64 ../../../../../../../../nxtOSEK/ecrobot/../ecrobot/libecrobot.a(ecrobot_interface.o)
                0x0010c8a8                ecrobot_poll_nxtstate
 .text.ecrobot_setDeviceInitialized
                0x0010c90c       0x14 ../../../../../../../../nxtOSEK/ecrobot/../ecrobot/libecrobot.a(ecrobot_interface.o)
                0x0010c90c                ecrobot_setDeviceInitialized
 .text.ecrobot_bmp2lcd
                0x0010c920      0x1c8 ../../../../../../../../nxtOSEK/ecrobot/../ecrobot/libecrobot.a(ecrobot_interface.o)
                0x0010c920                ecrobot_bmp2lcd
 .text.StartupHook
                0x0010cae8        0x4 ../../../../../../../../nxtOSEK/ecrobot/../ecrobot/libecrobot.a(osek_hook.o)
                0x0010cae8                StartupHook
 .text.PreTaskHook
                0x0010caec        0x4 ../../../../../../../../nxtOSEK/ecrobot/../ecrobot/libecrobot.a(osek_hook.o)
                0x0010caec                PreTaskHook
 .text.PostTaskHook
                0x0010caf0        0x4 ../../../../../../../../nxtOSEK/ecrobot/../ecrobot/libecrobot.a(osek_hook.o)
                0x0010caf0                PostTaskHook
 .text.ErrorHook
                0x0010caf4        0x4 ../../../../../../../../nxtOSEK/ecrobot/../ecrobot/libecrobot.a(osek_hook.o)
                0x0010caf4                ErrorHook
 .text.ShutdownHook
                0x0010caf8        0x4 ../../../../../../../../nxtOSEK/ecrobot/../ecrobot/libecrobot.a(osek_hook.o)
                0x0010caf8                ShutdownHook
 .text          0x0010cafc       0x8c /cygdrive/C/cygwin/GNUARM/bin/../lib/gcc/arm-elf/4.0.2/thumb/interwork/libgcc.a(_udivsi3.o)
                0x0010cafc                __udivsi3
                0x0010cb78                __aeabi_uidivmod
 .text          0x0010cb88       0xc8 /cygdrive/C/cygwin/GNUARM/bin/../lib/gcc/arm-elf/4.0.2/thumb/interwork/libgcc.a(_umodsi3.o)
                0x0010cb88                __umodsi3
 .text          0x0010cc50        0x4 /cygdrive/C/cygwin/GNUARM/bin/../lib/gcc/arm-elf/4.0.2/thumb/interwork/libgcc.a(_dvmd_tls.o)
                0x0010cc50                __aeabi_ldiv0
                0x0010cc50                __div0
                0x0010cc50                __aeabi_idiv0
 .text          0x0010cc54       0x68 /cygdrive/C/cygwin/GNUARM/bin/../lib/gcc/arm-elf/4.0.2/../../../../arm-elf/lib/thumb/interwork/libc.a(memcpy.o)
                0x0010cc54                memcpy
 .text          0x0010ccbc       0x68 /cygdrive/C/cygwin/GNUARM/bin/../lib/gcc/arm-elf/4.0.2/../../../../arm-elf/lib/thumb/interwork/libc.a(memset.o)
                0x0010ccbc                memset
 .text          0x0010cd24       0x60 /cygdrive/C/cygwin/GNUARM/bin/../lib/gcc/arm-elf/4.0.2/../../../../arm-elf/lib/thumb/interwork/libc.a(strcpy.o)
                0x0010cd24                strcpy
 .text          0x0010cd84       0x48 /cygdrive/C/cygwin/GNUARM/bin/../lib/gcc/arm-elf/4.0.2/../../../../arm-elf/lib/thumb/interwork/libc.a(strlen.o)
                0x0010cd84                strlen
 .glue_7        0x0010cdcc       0x30 /cygdrive/C/cygwin/GNUARM/bin/../lib/gcc/arm-elf/4.0.2/../../../../arm-elf/lib/thumb/interwork/libc.a(strncpy.o)
                0x0010cde4                __call_posttaskhook_from_arm
                0x0010cdcd                __ecrobot_debug1_from_arm
                0x0010cdd9                __ecrobot_debug2_from_arm
                0x0010cdf0                __call_pretaskhook_from_arm
 .glue_7t       0x0010cdfc       0x60 /cygdrive/C/cygwin/GNUARM/bin/../lib/gcc/arm-elf/4.0.2/../../../../arm-elf/lib/thumb/interwork/libc.a(strncpy.o)
                0x0010ce28                __start_change_to_arm
                0x0010ce44                __interrupts_get_and_disable_from_thumb
                0x0010ce3d                ____gtdf2_from_thumb
                0x0010ce1c                __exit_and_dispatch_from_thumb
                0x0010ce20                __exit_and_dispatch_change_to_arm
                0x0010cdfc                __disable_int_from_thumb
                0x0010ce14                __start_dispatch_from_thumb
                0x0010ce24                __start_from_thumb
                0x0010ce38                ____muldf3_change_to_arm
                0x0010ce04                __enable_int_from_thumb
                0x0010ce0c                __dispatch_from_thumb
                0x0010ce50                __interrupts_enable_change_to_arm
                0x0010ce48                __interrupts_get_and_disable_change_to_arm
                0x0010ce10                __dispatch_change_to_arm
                0x0010ce40                ____gtdf2_change_to_arm
                0x0010ce2d                ____floatsidf_from_thumb
                0x0010ce55                __display_bios_status_from_thumb
                0x0010ce00                __disable_int_change_to_arm
                0x0010ce35                ____muldf3_from_thumb
                0x0010ce08                __enable_int_change_to_arm
                0x0010ce30                ____floatsidf_change_to_arm
                0x0010ce4c                __interrupts_enable_from_thumb
                0x0010ce58                __display_bios_status_change_to_arm
                0x0010ce18                __start_dispatch_change_to_arm
                0x0010ce60                . = ALIGN (0x10)
 *fill*         0x0010ce5c        0x4 00
 *(*.rodata *.rodata.*)
 .rodata.search_table.966
                0x0010ce60        0xf build/kernel/task.o
 *fill*         0x0010ce6f        0x1 00
 .rodata.BT_IMPLIZIT_MASTER2_EVENT
                0x0010ce70        0x4 build/./kernel_cfg.o
                0x0010ce70                BT_IMPLIZIT_MASTER2_EVENT
 .rodata.RTE_Trigger_GetValue_Receiver_In_EVENT
                0x0010ce74        0x4 build/./kernel_cfg.o
                0x0010ce74                RTE_Trigger_GetValue_Receiver_In_EVENT
 .rodata.BT_SEND_MY_MESSAGE
                0x0010ce78        0x4 build/./kernel_cfg.o
                0x0010ce78                BT_SEND_MY_MESSAGE
 .rodata.BT_HAS_RECEIVED_PACKAGE
                0x0010ce7c        0x4 build/./kernel_cfg.o
                0x0010ce7c                BT_HAS_RECEIVED_PACKAGE
 .rodata.tinib_stksz
                0x0010ce80        0xc build/./kernel_cfg.o
                0x0010ce80                tinib_stksz
 .rodata.tinib_stk
                0x0010ce8c       0x18 build/./kernel_cfg.o
                0x0010ce8c                tinib_stk
 .rodata.tinib_task
                0x0010cea4       0x18 build/./kernel_cfg.o
                0x0010cea4                tinib_task
 .rodata.tinib_autoact
                0x0010cebc        0x6 build/./kernel_cfg.o
                0x0010cebc                tinib_autoact
 .rodata.tinib_exepri
                0x0010cec2        0x6 build/./kernel_cfg.o
                0x0010cec2                tinib_exepri
 .rodata.tinib_inipri
                0x0010cec8        0x6 build/./kernel_cfg.o
                0x0010cec8                tinib_inipri
 .rodata.BT_IMPLIZIT_MASTER2
                0x0010cece        0x1 build/./kernel_cfg.o
                0x0010cece                BT_IMPLIZIT_MASTER2
 .rodata.BT_IMPLIZIT_MASTER
                0x0010cecf        0x1 build/./kernel_cfg.o
                0x0010cecf                BT_IMPLIZIT_MASTER
 .rodata.TASK_BT_INTERFACE_WRITER
                0x0010ced0        0x1 build/./kernel_cfg.o
                0x0010ced0                TASK_BT_INTERFACE_WRITER
 .rodata.TASK_BT_INTERFACE_READER
                0x0010ced1        0x1 build/./kernel_cfg.o
                0x0010ced1                TASK_BT_INTERFACE_READER
 .rodata.tnum_exttask
                0x0010ced2        0x1 build/./kernel_cfg.o
                0x0010ced2                tnum_exttask
 .rodata.tnum_task
                0x0010ced3        0x1 build/./kernel_cfg.o
                0x0010ced3                tnum_task
 .rodata.exec_addr
                0x0010ced4        0x4 build/ecrobot_base.o
                0x0010ced4                exec_addr
 .rodata.str1.4
                0x0010ced8       0x80 build/ecrobot_base.o
 .rodata.slaveAddr.2583
                0x0010cf58        0x7 build/Master_Event.o
 *fill*         0x0010cf5f        0x1 00
 .rodata.str1.4
                0x0010cf60       0x2a build/Master_Event.o
                                 0x2c (size before relaxing)
                0x0010cf90                . = ALIGN (0x10)
 *fill*         0x0010cf8a        0x6 00
 *(*.gnu.linkonce.* .gcc_except_table)
                0x0010cf90                . = ALIGN (0x10)

.tors           0x0010cf90        0x0
                0x0010cf90                . = ALIGN (0x10)
                0x0010cf90                __ctor_begin = .
 *(*.ctors*)
                0x0010cf90                __ctor_end = .
                0x0010cf90                . = ALIGN (0x10)
                0x0010cf90                __dtor_begin = .
 *(*.dtors*)
                0x0010cf90                __dtor_end = .
                0x0010cf90                . = ALIGN (0x10)
                0x0010cf90                __rom_end__ = __dtor_end

.bss            0x00203290     0x20e4
 *(*.bss *.bss.*)
 .bss.ready_primap
                0x00203290        0x2 build/kernel/task.o
 .bss.ready_queue_last
                0x00203292       0x10 build/kernel/task.o
 .bss.ready_queue_first
                0x002032a2       0x10 build/kernel/task.o
 *fill*         0x002032b2        0x2 00
 .bss._stack_InitHook
                0x002032b4      0x200 build/./kernel_cfg.o
 .bss._stack_Schussanlagen_Task
                0x002034b4      0x200 build/./kernel_cfg.o
 .bss._stack_BT_IMPLIZIT_MASTER2
                0x002036b4      0x200 build/./kernel_cfg.o
 .bss._stack_BT_IMPLIZIT_MASTER
                0x002038b4      0x200 build/./kernel_cfg.o
 .bss._stack_TASK_BT_INTERFACE_WRITER
                0x00203ab4      0x200 build/./kernel_cfg.o
 .bss._stack_TASK_BT_INTERFACE_READER
                0x00203cb4      0x200 build/./kernel_cfg.o
 .bss.receiveBuf
                0x00203eb4       0xfe build/ecrobot_bluetooth.o
 .bss.sendBuf   0x00203fb2       0xfe build/ecrobot_bluetooth.o
 .bss.handle    0x002040b0        0x1 build/ecrobot_bluetooth.o
 *fill*         0x002040b1        0x3 00
 .bss.status_bar_position
                0x002040b4        0x4 build/ecrobot_base.o
 .bss.last_act_time.2674
                0x002040b8        0x4 build/ecrobot_base.o
 .bss.lcd.2603  0x002040bc      0x320 build/ecrobot_base.o
 .bss.OS_flag   0x002043dc        0x4 build/ecrobot_base.o
 .bss.status_bar
                0x002043e0       0x10 build/ecrobot_base.o
 .bss.a.2535    0x002043f0        0x4 build/Master_Event.o
 .bss.buttons_i
                0x002043f4        0x4 ../../../../../../../../nxtOSEK/ecrobot/../ecrobot/libecrobot.a(ecrobot_interface.o)
 .bss.buttons_states
                0x002043f8       0x14 ../../../../../../../../nxtOSEK/ecrobot/../ecrobot/libecrobot.a(ecrobot_interface.o)
 .bss.ecrobot_inputs
                0x0020440c        0x8 ../../../../../../../../nxtOSEK/ecrobot/../ecrobot/libecrobot.a(ecrobot_interface.o)
 .bss.systick_ms
                0x00204414        0x4 ../../../../../../../../nxtOSEK/ecrobot/../ecrobot/libecrobot.a(systick.oram)
 .bss.delayedEnable
                0x00204418        0x1 ../../../../../../../../nxtOSEK/ecrobot/../ecrobot/libecrobot.a(udp.oram)
 *fill*         0x00204419        0x3 00
 .bss.outCnt    0x0020441c        0x4 ../../../../../../../../nxtOSEK/ecrobot/../ecrobot/libecrobot.a(udp.oram)
 .bss.outPtr    0x00204420        0x4 ../../../../../../../../nxtOSEK/ecrobot/../ecrobot/libecrobot.a(udp.oram)
 .bss.newAddress
                0x00204424        0x4 ../../../../../../../../nxtOSEK/ecrobot/../ecrobot/libecrobot.a(udp.oram)
 .bss.currentRxBank
                0x00204428        0x4 ../../../../../../../../nxtOSEK/ecrobot/../ecrobot/libecrobot.a(udp.oram)
 .bss.currentFeatures
                0x0020442c        0x4 ../../../../../../../../nxtOSEK/ecrobot/../ecrobot/libecrobot.a(udp.oram)
 .bss.currentConfig
                0x00204430        0x1 ../../../../../../../../nxtOSEK/ecrobot/../ecrobot/libecrobot.a(udp.oram)
 *fill*         0x00204431        0x3 00
 .bss.twi_mask  0x00204434        0x4 ../../../../../../../../nxtOSEK/ecrobot/../ecrobot/libecrobot.a(twi.oram)
 .bss.twi_ptr   0x00204438        0x4 ../../../../../../../../nxtOSEK/ecrobot/../ecrobot/libecrobot.a(twi.oram)
 .bss.twi_pending
                0x0020443c        0x4 ../../../../../../../../nxtOSEK/ecrobot/../ecrobot/libecrobot.a(twi.oram)
 .bss.twi_state
                0x00204440        0x4 ../../../../../../../../nxtOSEK/ecrobot/../ecrobot/libecrobot.a(twi.oram)
 .bss.page      0x00204444        0x1 ../../../../../../../../nxtOSEK/ecrobot/../ecrobot/libecrobot.a(nxt_spi.oram)
                0x00204444                page
 .bss.dirty     0x00204445        0x1 ../../../../../../../../nxtOSEK/ecrobot/../ecrobot/libecrobot.a(nxt_spi.oram)
                0x00204445                dirty
 *fill*         0x00204446        0x2 00
 .bss.display   0x00204448        0x4 ../../../../../../../../nxtOSEK/ecrobot/../ecrobot/libecrobot.a(nxt_spi.oram)
                0x00204448                display
 .bss.interrupts_this_period
                0x0020444c        0x4 ../../../../../../../../nxtOSEK/ecrobot/../ecrobot/libecrobot.a(nxt_motors.oram)
 .bss.nxt_motor_initialised
                0x00204450        0x4 ../../../../../../../../nxtOSEK/ecrobot/../ecrobot/libecrobot.a(nxt_motors.oram)
 .bss.motor     0x00204454       0x30 ../../../../../../../../nxtOSEK/ecrobot/../ecrobot/libecrobot.a(nxt_motors.oram)
 .bss.display_tick
                0x00204484        0x4 ../../../../../../../../nxtOSEK/ecrobot/../ecrobot/libecrobot.a(display.oram)
                0x00204484                display_tick
 .bss.display_array
                0x00204488      0x388 ../../../../../../../../nxtOSEK/ecrobot/../ecrobot/libecrobot.a(display.oram)
 .bss.i2c_int_count
                0x00204810        0x4 ../../../../../../../../nxtOSEK/ecrobot/../ecrobot/libecrobot.a(i2c.oram)
 .bss.i2c_port  0x00204814      0x170 ../../../../../../../../nxtOSEK/ecrobot/../ecrobot/libecrobot.a(i2c.oram)
 .bss.sound_mode
                0x00204984        0x1 ../../../../../../../../nxtOSEK/ecrobot/../ecrobot/libecrobot.a(sound.oram)
                0x00204984                sound_mode
 *fill*         0x00204985        0x3 00
 .bss.in_buf_idx
                0x00204988        0x4 ../../../../../../../../nxtOSEK/ecrobot/../ecrobot/libecrobot.a(bt.oram)
 .bss.buf_ptr   0x0020498c        0x4 ../../../../../../../../nxtOSEK/ecrobot/../ecrobot/libecrobot.a(bt.oram)
 .bss.out_buf   0x00204990      0x200 ../../../../../../../../nxtOSEK/ecrobot/../ecrobot/libecrobot.a(bt.oram)
 .bss.out_buf_ptr
                0x00204b90        0x1 ../../../../../../../../nxtOSEK/ecrobot/../ecrobot/libecrobot.a(bt.oram)
 .bss.in_buf_in_ptr
                0x00204b91        0x1 ../../../../../../../../nxtOSEK/ecrobot/../ecrobot/libecrobot.a(bt.oram)
 .bss.in_buf    0x00204b92      0x100 ../../../../../../../../nxtOSEK/ecrobot/../ecrobot/libecrobot.a(bt.oram)
 *fill*         0x00204c92        0x2 00
 .bss.link_state
                0x00204c94        0x4 ../../../../../../../../nxtOSEK/ecrobot/../ecrobot/libecrobot.a(nxt_avr.oram)
 .bss.update_count
                0x00204c98        0x4 ../../../../../../../../nxtOSEK/ecrobot/../ecrobot/libecrobot.a(nxt_avr.oram)
 .bss.nxt_avr_stats
                0x00204c9c       0x14 ../../../../../../../../nxtOSEK/ecrobot/../ecrobot/libecrobot.a(nxt_avr.oram)
 .bss.debounce_cnt
                0x00204cb0        0x2 ../../../../../../../../nxtOSEK/ecrobot/../ecrobot/libecrobot.a(nxt_avr.oram)
 .bss.debounce_state
                0x00204cb2        0x2 ../../../../../../../../nxtOSEK/ecrobot/../ecrobot/libecrobot.a(nxt_avr.oram)
 .bss.button_state
                0x00204cb4        0x2 ../../../../../../../../nxtOSEK/ecrobot/../ecrobot/libecrobot.a(nxt_avr.oram)
 .bss.prev_buttons
                0x00204cb6        0x2 ../../../../../../../../nxtOSEK/ecrobot/../ecrobot/libecrobot.a(nxt_avr.oram)
 .bss.from_buf  0x00204cb8        0x4 ../../../../../../../../nxtOSEK/ecrobot/../ecrobot/libecrobot.a(nxt_avr.oram)
 .bss.io_from_avr
                0x00204cbc        0x4 ../../../../../../../../nxtOSEK/ecrobot/../ecrobot/libecrobot.a(nxt_avr.oram)
 .bss.data_from_avr
                0x00204cc0       0x1a ../../../../../../../../nxtOSEK/ecrobot/../ecrobot/libecrobot.a(nxt_avr.oram)
 .bss.data_to_avr
                0x00204cda        0x9 ../../../../../../../../nxtOSEK/ecrobot/../ecrobot/libecrobot.a(nxt_avr.oram)
 .bss.io_to_avr
                0x00204ce3        0x8 ../../../../../../../../nxtOSEK/ecrobot/../ecrobot/libecrobot.a(nxt_avr.oram)
 *fill*         0x00204ceb        0x1 00
 .bss.display   0x00204cec        0x4 ../../../../../../../../nxtOSEK/ecrobot/../ecrobot/libecrobot.a(nxt_lcd.oram)
                0x00204cf0                . = ALIGN (0x10)
                0x00204cf0                __bss_end__ = .
 COMMON         0x00204cf0        0x2 build/kernel/interrupt.o
                0x00204cf0                runisr
                0x00204cf1                sus_all_cnt
 *fill*         0x00204cf2        0x2 00
 COMMON         0x00204cf4       0x10 build/kernel/osctl.o
                0x00204cf4                callevel
                0x00204cf5                _errorhook_svcid
                0x00204cf6                appmode
                0x00204cf8                _errorhook_par1
                0x00204cfc                _errorhook_par3
                0x00204d00                _errorhook_par2
 COMMON         0x00204d04        0x3 build/kernel/task.o
                0x00204d04                runtsk
                0x00204d05                schedtsk
                0x00204d06                nextpri
 *fill*         0x00204d07        0x1 00
 COMMON         0x00204d08       0x84 build/./kernel_cfg.o
                0x00204d08                tcb_waievt
                0x00204d18                rescb_prevpri
                0x00204d19                almcb_prev
                0x00204d1a                tcb_lastres
                0x00204d20                almcb_almval
                0x00204d24                tcxb_pc
                0x00204d3c                tcb_next
                0x00204d42                tcb_curpri
                0x00204d48                tcb_tstat
                0x00204d4e                isrcb_lastres
                0x00204d4f                cntcb_almque
                0x00204d50                rescb_prevres
                0x00204d51                tcb_actcnt
                0x00204d58                tcb_curevt
                0x00204d68                almcb_cycle
                0x00204d6c                tcxb_sp
                0x00204d84                almcb_next
                0x00204d88                cntcb_curval
 COMMON         0x00204d8c      0x279 build/Master_Event.o
                0x00204d8c                RTE_Trigger_GetValue_Receiver_In_SPEICHER
                0x00204d8d                COMSERVICE_transmit_package
                0x00204e0b                BT_transmit_package
                0x00204e8a                COMSERVICE_receive_package
                0x00204f08                BT_receive_package
                0x00204f87                Output_Message
 *fill*         0x00205005        0x3 00
 COMMON         0x00205008       0x44 ../../../../../../../../nxtOSEK/ecrobot/../ecrobot/libecrobot.a(uart.oram)
                0x00205008                uart
 COMMON         0x0020504c        0x4 ../../../../../../../../nxtOSEK/ecrobot/../ecrobot/libecrobot.a(data_abort.oram)
                0x0020504c                data_abort_pc
 COMMON         0x00205050        0x8 ../../../../../../../../nxtOSEK/ecrobot/../ecrobot/libecrobot.a(display.oram)
                0x00205050                display_x
                0x00205054                display_y
 COMMON         0x00205058      0x31c ../../../../../../../../nxtOSEK/ecrobot/../ecrobot/libecrobot.a(sound.oram)
                0x00205058                sample
                0x00203290                __bss_start__ = ADDR (.bss)
                0x00205374                __bss_end__ = (ADDR (.bss) + SIZEOF (.bss))
                0x00205374                PROVIDE (end, .)

.heap_area      0x00205374     0xa804
                0x0020fb78                . = (. + (0x20fb78 - end))
 *fill*         0x00205374     0xa804 00

.stack          0x0020fb78      0x488
                0x0020fbf8                . = (. + 0x80)
 *fill*         0x0020fb78       0x80 00
                0x0020fc00                . = ALIGN (0x10)
 *fill*         0x0020fbf8        0x8 00
                0x0020fc00                __irq_stack__ = .
                0x0020fc00                __system_stack_bottom__ = .
                0x00210000                . = (. + 0x400)
 *fill*         0x0020fc00      0x400 00
                0x00210000                . = ALIGN (0x10)
                0x00210000                __system_stack__ = .
                0x00210000                __system_stack_top__ = .
                0x0020fb78                __stack_start__ = ADDR (.stack)
                0x00210000                __stack_end__ = (ADDR (.stack) + SIZEOF (.stack))
OUTPUT(Master_Event_rom.elf elf32-littlearm)

.comment        0x00000000      0x3ba
 .comment       0x00000000       0x12 build/kernel/alarm.o
 .comment       0x00000012       0x12 build/kernel/event.o
 .comment       0x00000024       0x12 build/kernel/interrupt.o
 .comment       0x00000036       0x12 build/kernel/osctl.o
 .comment       0x00000048       0x12 build/kernel/resource.o
 .comment       0x0000005a       0x12 build/kernel/task.o
 .comment       0x0000006c       0x12 build/kernel/task_manage.o
 .comment       0x0000007e       0x12 build/config/at91sam7s-gnu/cpu_config.o
 .comment       0x00000090       0x12 build/config/at91sam7s-gnu/lego_nxt/sys_config.o
 .comment       0x000000a2       0x12 build/./kernel_cfg.o
 .comment       0x000000b4       0x12 build/syscalls.o
 .comment       0x000000c6       0x12 build/ecrobot_bluetooth.o
 .comment       0x000000d8       0x12 build/ecrobot_base.o
 .comment       0x000000ea       0x12 build/ecrobot.o
 .comment       0x000000fc       0x12 build/Master_Event.o
 .comment       0x0000010e       0x12 build/RTE_Output_SetOutput_OSPort_Out.o
 .comment       0x00000120       0x12 build/RTE_SchussMotor_SetOutputValue_OSPort_Out.o
 .comment       0x00000132       0x12 build/RTE_StartTrigger_GetSensorValue_OSPort_In.o
 .comment       0x00000144       0x12 build/RTE_StopSensor_GetSensorValue_OSPort_In.o
 .comment       0x00000156       0x12 build/syslib/at91sam7s-gnu/lego_nxt/hw_sys_timer.oram
 .comment       0x00000168       0x12 ../../../../../../../../nxtOSEK/ecrobot/../ecrobot/libecrobot.a(ecrobot_device_hook.o)
 .comment       0x0000017a       0x12 ../../../../../../../../nxtOSEK/ecrobot/../ecrobot/libecrobot.a(ecrobot_interface.o)
 .comment       0x0000018c       0x12 ../../../../../../../../nxtOSEK/ecrobot/../ecrobot/libecrobot.a(colorsensor.o)
 .comment       0x0000019e       0x12 ../../../../../../../../nxtOSEK/ecrobot/../ecrobot/libecrobot.a(osek_hook.o)
 .comment       0x000001b0       0x12 ../../../../../../../../nxtOSEK/ecrobot/../ecrobot/libecrobot.a(uart.oram)
 .comment       0x000001c2       0x12 ../../../../../../../../nxtOSEK/ecrobot/../ecrobot/libecrobot.a(systick.oram)
 .comment       0x000001d4       0x12 ../../../../../../../../nxtOSEK/ecrobot/../ecrobot/libecrobot.a(byte_fifo.oram)
 .comment       0x000001e6       0x12 ../../../../../../../../nxtOSEK/ecrobot/../ecrobot/libecrobot.a(aic.oram)
 .comment       0x000001f8       0x12 ../../../../../../../../nxtOSEK/ecrobot/../ecrobot/libecrobot.a(udp.oram)
 .comment       0x0000020a       0x12 ../../../../../../../../nxtOSEK/ecrobot/../ecrobot/libecrobot.a(twi.oram)
 .comment       0x0000021c       0x12 ../../../../../../../../nxtOSEK/ecrobot/../ecrobot/libecrobot.a(nxt_spi.oram)
 .comment       0x0000022e       0x12 ../../../../../../../../nxtOSEK/ecrobot/../ecrobot/libecrobot.a(nxt_motors.oram)
 .comment       0x00000240       0x12 ../../../../../../../../nxtOSEK/ecrobot/../ecrobot/libecrobot.a(data_abort.oram)
 .comment       0x00000252       0x12 ../../../../../../../../nxtOSEK/ecrobot/../ecrobot/libecrobot.a(display.oram)
 .comment       0x00000264       0x12 ../../../../../../../../nxtOSEK/ecrobot/../ecrobot/libecrobot.a(i2c.oram)
 .comment       0x00000276       0x12 ../../../../../../../../nxtOSEK/ecrobot/../ecrobot/libecrobot.a(sound.oram)
 .comment       0x00000288       0x12 ../../../../../../../../nxtOSEK/ecrobot/../ecrobot/libecrobot.a(bt.oram)
 .comment       0x0000029a       0x12 ../../../../../../../../nxtOSEK/ecrobot/../ecrobot/libecrobot.a(nxt_avr.oram)
 .comment       0x000002ac       0x12 ../../../../../../../../nxtOSEK/ecrobot/../ecrobot/libecrobot.a(sensors.oram)
 .comment       0x000002be       0x12 ../../../../../../../../nxtOSEK/ecrobot/../ecrobot/libecrobot.a(sensors1.oram)
 .comment       0x000002d0       0x12 ../../../../../../../../nxtOSEK/ecrobot/../ecrobot/libecrobot.a(nxt_lcd.oram)
 .comment       0x000002e2       0x12 ../../../../../../../../nxtOSEK/ecrobot/../ecrobot/libecrobot.a(flash_loader.oram)
 .comment       0x000002f4       0x12 ../../../../../../../../nxtOSEK/ecrobot/../ecrobot/libecrobot.a(ecrobot_usb.o)
 .comment       0x00000306       0x12 ../../../../../../../../nxtOSEK/ecrobot/../ecrobot/libecrobot.a(flashprog.oram)
 .comment       0x00000318       0x12 /cygdrive/C/cygwin/GNUARM/bin/../lib/gcc/arm-elf/4.0.2/thumb/interwork/libgcc.a(_muldi3.o)
 .comment       0x0000032a       0x12 /cygdrive/C/cygwin/GNUARM/bin/../lib/gcc/arm-elf/4.0.2/thumb/interwork/libgcc.a(_divdi3.o)
 .comment       0x0000033c       0x12 /cygdrive/C/cygwin/GNUARM/bin/../lib/gcc/arm-elf/4.0.2/thumb/interwork/libgcc.a(_clz.o)
 .comment       0x0000034e       0x12 /cygdrive/C/cygwin/GNUARM/bin/../lib/gcc/arm-elf/4.0.2/../../../../arm-elf/lib/thumb/interwork/libc.a(memcpy.o)
 .comment       0x00000360       0x12 /cygdrive/C/cygwin/GNUARM/bin/../lib/gcc/arm-elf/4.0.2/../../../../arm-elf/lib/thumb/interwork/libc.a(memset.o)
 .comment       0x00000372       0x12 /cygdrive/C/cygwin/GNUARM/bin/../lib/gcc/arm-elf/4.0.2/../../../../arm-elf/lib/thumb/interwork/libc.a(strcmp.o)
 .comment       0x00000384       0x12 /cygdrive/C/cygwin/GNUARM/bin/../lib/gcc/arm-elf/4.0.2/../../../../arm-elf/lib/thumb/interwork/libc.a(strcpy.o)
 .comment       0x00000396       0x12 /cygdrive/C/cygwin/GNUARM/bin/../lib/gcc/arm-elf/4.0.2/../../../../arm-elf/lib/thumb/interwork/libc.a(strlen.o)
 .comment       0x000003a8       0x12 /cygdrive/C/cygwin/GNUARM/bin/../lib/gcc/arm-elf/4.0.2/../../../../arm-elf/lib/thumb/interwork/libc.a(strncpy.o)

.debug_line     0x00000000      0xb77
 .debug_line    0x00000000       0x70 /cygdrive/C/cygwin/GNUARM/bin/../lib/gcc/arm-elf/4.0.2/thumb/interwork/libgcc.a(_udivsi3.o)
 .debug_line    0x00000070       0x7c /cygdrive/C/cygwin/GNUARM/bin/../lib/gcc/arm-elf/4.0.2/thumb/interwork/libgcc.a(_divsi3.o)
 .debug_line    0x000000ec       0x68 /cygdrive/C/cygwin/GNUARM/bin/../lib/gcc/arm-elf/4.0.2/thumb/interwork/libgcc.a(_umodsi3.o)
 .debug_line    0x00000154       0x71 /cygdrive/C/cygwin/GNUARM/bin/../lib/gcc/arm-elf/4.0.2/thumb/interwork/libgcc.a(_modsi3.o)
 .debug_line    0x000001c5       0x5a /cygdrive/C/cygwin/GNUARM/bin/../lib/gcc/arm-elf/4.0.2/thumb/interwork/libgcc.a(_dvmd_tls.o)
 .debug_line    0x0000021f      0x162 /cygdrive/C/cygwin/GNUARM/bin/../lib/gcc/arm-elf/4.0.2/thumb/interwork/libgcc.a(_addsubdf3.o)
 .debug_line    0x00000381      0x177 /cygdrive/C/cygwin/GNUARM/bin/../lib/gcc/arm-elf/4.0.2/thumb/interwork/libgcc.a(_muldivdf3.o)
 .debug_line    0x000004f8       0xa4 /cygdrive/C/cygwin/GNUARM/bin/../lib/gcc/arm-elf/4.0.2/thumb/interwork/libgcc.a(_cmpdf2.o)
 .debug_line    0x0000059c       0x61 /cygdrive/C/cygwin/GNUARM/bin/../lib/gcc/arm-elf/4.0.2/thumb/interwork/libgcc.a(_muldi3.o)
 .debug_line    0x000005fd      0x122 /cygdrive/C/cygwin/GNUARM/bin/../lib/gcc/arm-elf/4.0.2/thumb/interwork/libgcc.a(_divdi3.o)
 .debug_line    0x0000071f       0x48 /cygdrive/C/cygwin/GNUARM/bin/../lib/gcc/arm-elf/4.0.2/thumb/interwork/libgcc.a(_clz.o)
 .debug_line    0x00000767       0xc3 /cygdrive/C/cygwin/GNUARM/bin/../lib/gcc/arm-elf/4.0.2/../../../../arm-elf/lib/thumb/interwork/libc.a(memcpy.o)
 .debug_line    0x0000082a       0xd4 /cygdrive/C/cygwin/GNUARM/bin/../lib/gcc/arm-elf/4.0.2/../../../../arm-elf/lib/thumb/interwork/libc.a(memset.o)
 .debug_line    0x000008fe       0x88 /cygdrive/C/cygwin/GNUARM/bin/../lib/gcc/arm-elf/4.0.2/../../../../arm-elf/lib/thumb/interwork/libc.a(strcmp.o)
 .debug_line    0x00000986       0x80 /cygdrive/C/cygwin/GNUARM/bin/../lib/gcc/arm-elf/4.0.2/../../../../arm-elf/lib/thumb/interwork/libc.a(strcpy.o)
 .debug_line    0x00000a06       0xaf /cygdrive/C/cygwin/GNUARM/bin/../lib/gcc/arm-elf/4.0.2/../../../../arm-elf/lib/thumb/interwork/libc.a(strlen.o)
 .debug_line    0x00000ab5       0xc2 /cygdrive/C/cygwin/GNUARM/bin/../lib/gcc/arm-elf/4.0.2/../../../../arm-elf/lib/thumb/interwork/libc.a(strncpy.o)

.debug_info     0x00000000     0x137a
 .debug_info    0x00000000       0x6a /cygdrive/C/cygwin/GNUARM/bin/../lib/gcc/arm-elf/4.0.2/thumb/interwork/libgcc.a(_udivsi3.o)
 .debug_info    0x0000006a       0x6a /cygdrive/C/cygwin/GNUARM/bin/../lib/gcc/arm-elf/4.0.2/thumb/interwork/libgcc.a(_divsi3.o)
 .debug_info    0x000000d4       0x6a /cygdrive/C/cygwin/GNUARM/bin/../lib/gcc/arm-elf/4.0.2/thumb/interwork/libgcc.a(_umodsi3.o)
 .debug_info    0x0000013e       0x6a /cygdrive/C/cygwin/GNUARM/bin/../lib/gcc/arm-elf/4.0.2/thumb/interwork/libgcc.a(_modsi3.o)
 .debug_info    0x000001a8       0x6a /cygdrive/C/cygwin/GNUARM/bin/../lib/gcc/arm-elf/4.0.2/thumb/interwork/libgcc.a(_dvmd_tls.o)
 .debug_info    0x00000212       0x69 /cygdrive/C/cygwin/GNUARM/bin/../lib/gcc/arm-elf/4.0.2/thumb/interwork/libgcc.a(_addsubdf3.o)
 .debug_info    0x0000027b       0x69 /cygdrive/C/cygwin/GNUARM/bin/../lib/gcc/arm-elf/4.0.2/thumb/interwork/libgcc.a(_muldivdf3.o)
 .debug_info    0x000002e4       0x69 /cygdrive/C/cygwin/GNUARM/bin/../lib/gcc/arm-elf/4.0.2/thumb/interwork/libgcc.a(_cmpdf2.o)
 .debug_info    0x0000034d      0x20e /cygdrive/C/cygwin/GNUARM/bin/../lib/gcc/arm-elf/4.0.2/thumb/interwork/libgcc.a(_muldi3.o)
 .debug_info    0x0000055b      0x758 /cygdrive/C/cygwin/GNUARM/bin/../lib/gcc/arm-elf/4.0.2/thumb/interwork/libgcc.a(_divdi3.o)
 .debug_info    0x00000cb3       0xc9 /cygdrive/C/cygwin/GNUARM/bin/../lib/gcc/arm-elf/4.0.2/thumb/interwork/libgcc.a(_clz.o)
 .debug_info    0x00000d7c      0x10d /cygdrive/C/cygwin/GNUARM/bin/../lib/gcc/arm-elf/4.0.2/../../../../arm-elf/lib/thumb/interwork/libc.a(memcpy.o)
 .debug_info    0x00000e89      0x111 /cygdrive/C/cygwin/GNUARM/bin/../lib/gcc/arm-elf/4.0.2/../../../../arm-elf/lib/thumb/interwork/libc.a(memset.o)
 .debug_info    0x00000f9a       0xd9 /cygdrive/C/cygwin/GNUARM/bin/../lib/gcc/arm-elf/4.0.2/../../../../arm-elf/lib/thumb/interwork/libc.a(strcmp.o)
 .debug_info    0x00001073      0x10c /cygdrive/C/cygwin/GNUARM/bin/../lib/gcc/arm-elf/4.0.2/../../../../arm-elf/lib/thumb/interwork/libc.a(strcpy.o)
 .debug_info    0x0000117f       0xd5 /cygdrive/C/cygwin/GNUARM/bin/../lib/gcc/arm-elf/4.0.2/../../../../arm-elf/lib/thumb/interwork/libc.a(strlen.o)
 .debug_info    0x00001254      0x126 /cygdrive/C/cygwin/GNUARM/bin/../lib/gcc/arm-elf/4.0.2/../../../../arm-elf/lib/thumb/interwork/libc.a(strncpy.o)

.debug_abbrev   0x00000000      0x69d
 .debug_abbrev  0x00000000       0x14 /cygdrive/C/cygwin/GNUARM/bin/../lib/gcc/arm-elf/4.0.2/thumb/interwork/libgcc.a(_udivsi3.o)
 .debug_abbrev  0x00000014       0x14 /cygdrive/C/cygwin/GNUARM/bin/../lib/gcc/arm-elf/4.0.2/thumb/interwork/libgcc.a(_divsi3.o)
 .debug_abbrev  0x00000028       0x14 /cygdrive/C/cygwin/GNUARM/bin/../lib/gcc/arm-elf/4.0.2/thumb/interwork/libgcc.a(_umodsi3.o)
 .debug_abbrev  0x0000003c       0x14 /cygdrive/C/cygwin/GNUARM/bin/../lib/gcc/arm-elf/4.0.2/thumb/interwork/libgcc.a(_modsi3.o)
 .debug_abbrev  0x00000050       0x14 /cygdrive/C/cygwin/GNUARM/bin/../lib/gcc/arm-elf/4.0.2/thumb/interwork/libgcc.a(_dvmd_tls.o)
 .debug_abbrev  0x00000064       0x14 /cygdrive/C/cygwin/GNUARM/bin/../lib/gcc/arm-elf/4.0.2/thumb/interwork/libgcc.a(_addsubdf3.o)
 .debug_abbrev  0x00000078       0x14 /cygdrive/C/cygwin/GNUARM/bin/../lib/gcc/arm-elf/4.0.2/thumb/interwork/libgcc.a(_muldivdf3.o)
 .debug_abbrev  0x0000008c       0x14 /cygdrive/C/cygwin/GNUARM/bin/../lib/gcc/arm-elf/4.0.2/thumb/interwork/libgcc.a(_cmpdf2.o)
 .debug_abbrev  0x000000a0       0xec /cygdrive/C/cygwin/GNUARM/bin/../lib/gcc/arm-elf/4.0.2/thumb/interwork/libgcc.a(_muldi3.o)
 .debug_abbrev  0x0000018c      0x174 /cygdrive/C/cygwin/GNUARM/bin/../lib/gcc/arm-elf/4.0.2/thumb/interwork/libgcc.a(_divdi3.o)
 .debug_abbrev  0x00000300       0x61 /cygdrive/C/cygwin/GNUARM/bin/../lib/gcc/arm-elf/4.0.2/thumb/interwork/libgcc.a(_clz.o)
 .debug_abbrev  0x00000361       0x99 /cygdrive/C/cygwin/GNUARM/bin/../lib/gcc/arm-elf/4.0.2/../../../../arm-elf/lib/thumb/interwork/libc.a(memcpy.o)
 .debug_abbrev  0x000003fa       0x9a /cygdrive/C/cygwin/GNUARM/bin/../lib/gcc/arm-elf/4.0.2/../../../../arm-elf/lib/thumb/interwork/libc.a(memset.o)
 .debug_abbrev  0x00000494       0x71 /cygdrive/C/cygwin/GNUARM/bin/../lib/gcc/arm-elf/4.0.2/../../../../arm-elf/lib/thumb/interwork/libc.a(strcmp.o)
 .debug_abbrev  0x00000505       0x80 /cygdrive/C/cygwin/GNUARM/bin/../lib/gcc/arm-elf/4.0.2/../../../../arm-elf/lib/thumb/interwork/libc.a(strcpy.o)
 .debug_abbrev  0x00000585       0x8b /cygdrive/C/cygwin/GNUARM/bin/../lib/gcc/arm-elf/4.0.2/../../../../arm-elf/lib/thumb/interwork/libc.a(strlen.o)
 .debug_abbrev  0x00000610       0x8d /cygdrive/C/cygwin/GNUARM/bin/../lib/gcc/arm-elf/4.0.2/../../../../arm-elf/lib/thumb/interwork/libc.a(strncpy.o)

.debug_aranges  0x00000000      0x200
 .debug_aranges
                0x00000000       0x20 /cygdrive/C/cygwin/GNUARM/bin/../lib/gcc/arm-elf/4.0.2/thumb/interwork/libgcc.a(_udivsi3.o)
 .debug_aranges
                0x00000020       0x20 /cygdrive/C/cygwin/GNUARM/bin/../lib/gcc/arm-elf/4.0.2/thumb/interwork/libgcc.a(_divsi3.o)
 .debug_aranges
                0x00000040       0x20 /cygdrive/C/cygwin/GNUARM/bin/../lib/gcc/arm-elf/4.0.2/thumb/interwork/libgcc.a(_umodsi3.o)
 .debug_aranges
                0x00000060       0x20 /cygdrive/C/cygwin/GNUARM/bin/../lib/gcc/arm-elf/4.0.2/thumb/interwork/libgcc.a(_modsi3.o)
 .debug_aranges
                0x00000080       0x20 /cygdrive/C/cygwin/GNUARM/bin/../lib/gcc/arm-elf/4.0.2/thumb/interwork/libgcc.a(_dvmd_tls.o)
 .debug_aranges
                0x000000a0       0x20 /cygdrive/C/cygwin/GNUARM/bin/../lib/gcc/arm-elf/4.0.2/thumb/interwork/libgcc.a(_addsubdf3.o)
 .debug_aranges
                0x000000c0       0x20 /cygdrive/C/cygwin/GNUARM/bin/../lib/gcc/arm-elf/4.0.2/thumb/interwork/libgcc.a(_muldivdf3.o)
 .debug_aranges
                0x000000e0       0x20 /cygdrive/C/cygwin/GNUARM/bin/../lib/gcc/arm-elf/4.0.2/thumb/interwork/libgcc.a(_cmpdf2.o)
 .debug_aranges
                0x00000100       0x20 /cygdrive/C/cygwin/GNUARM/bin/../lib/gcc/arm-elf/4.0.2/thumb/interwork/libgcc.a(_muldi3.o)
 .debug_aranges
                0x00000120       0x20 /cygdrive/C/cygwin/GNUARM/bin/../lib/gcc/arm-elf/4.0.2/thumb/interwork/libgcc.a(_divdi3.o)
 .debug_aranges
                0x00000140       0x20 /cygdrive/C/cygwin/GNUARM/bin/../lib/gcc/arm-elf/4.0.2/../../../../arm-elf/lib/thumb/interwork/libc.a(memcpy.o)
 .debug_aranges
                0x00000160       0x20 /cygdrive/C/cygwin/GNUARM/bin/../lib/gcc/arm-elf/4.0.2/../../../../arm-elf/lib/thumb/interwork/libc.a(memset.o)
 .debug_aranges
                0x00000180       0x20 /cygdrive/C/cygwin/GNUARM/bin/../lib/gcc/arm-elf/4.0.2/../../../../arm-elf/lib/thumb/interwork/libc.a(strcmp.o)
 .debug_aranges
                0x000001a0       0x20 /cygdrive/C/cygwin/GNUARM/bin/../lib/gcc/arm-elf/4.0.2/../../../../arm-elf/lib/thumb/interwork/libc.a(strcpy.o)
 .debug_aranges
                0x000001c0       0x20 /cygdrive/C/cygwin/GNUARM/bin/../lib/gcc/arm-elf/4.0.2/../../../../arm-elf/lib/thumb/interwork/libc.a(strlen.o)
 .debug_aranges
                0x000001e0       0x20 /cygdrive/C/cygwin/GNUARM/bin/../lib/gcc/arm-elf/4.0.2/../../../../arm-elf/lib/thumb/interwork/libc.a(strncpy.o)

.debug_frame    0x00000000      0x180
 .debug_frame   0x00000000       0x38 /cygdrive/C/cygwin/GNUARM/bin/../lib/gcc/arm-elf/4.0.2/thumb/interwork/libgcc.a(_muldi3.o)
 .debug_frame   0x00000038       0x3c /cygdrive/C/cygwin/GNUARM/bin/../lib/gcc/arm-elf/4.0.2/thumb/interwork/libgcc.a(_divdi3.o)
 .debug_frame   0x00000074       0x2c /cygdrive/C/cygwin/GNUARM/bin/../lib/gcc/arm-elf/4.0.2/../../../../arm-elf/lib/thumb/interwork/libc.a(memcpy.o)
 .debug_frame   0x000000a0       0x2c /cygdrive/C/cygwin/GNUARM/bin/../lib/gcc/arm-elf/4.0.2/../../../../arm-elf/lib/thumb/interwork/libc.a(memset.o)
 .debug_frame   0x000000cc       0x2c /cygdrive/C/cygwin/GNUARM/bin/../lib/gcc/arm-elf/4.0.2/../../../../arm-elf/lib/thumb/interwork/libc.a(strcmp.o)
 .debug_frame   0x000000f8       0x2c /cygdrive/C/cygwin/GNUARM/bin/../lib/gcc/arm-elf/4.0.2/../../../../arm-elf/lib/thumb/interwork/libc.a(strcpy.o)
 .debug_frame   0x00000124       0x2c /cygdrive/C/cygwin/GNUARM/bin/../lib/gcc/arm-elf/4.0.2/../../../../arm-elf/lib/thumb/interwork/libc.a(strlen.o)
 .debug_frame   0x00000150       0x30 /cygdrive/C/cygwin/GNUARM/bin/../lib/gcc/arm-elf/4.0.2/../../../../arm-elf/lib/thumb/interwork/libc.a(strncpy.o)

.debug_loc      0x00000000     0x13c0
 .debug_loc     0x00000000      0x156 /cygdrive/C/cygwin/GNUARM/bin/../lib/gcc/arm-elf/4.0.2/thumb/interwork/libgcc.a(_muldi3.o)
 .debug_loc     0x00000156      0xd45 /cygdrive/C/cygwin/GNUARM/bin/../lib/gcc/arm-elf/4.0.2/thumb/interwork/libgcc.a(_divdi3.o)
 .debug_loc     0x00000e9b      0x127 /cygdrive/C/cygwin/GNUARM/bin/../lib/gcc/arm-elf/4.0.2/../../../../arm-elf/lib/thumb/interwork/libc.a(memcpy.o)
 .debug_loc     0x00000fc2      0x12a /cygdrive/C/cygwin/GNUARM/bin/../lib/gcc/arm-elf/4.0.2/../../../../arm-elf/lib/thumb/interwork/libc.a(memset.o)
 .debug_loc     0x000010ec       0x8e /cygdrive/C/cygwin/GNUARM/bin/../lib/gcc/arm-elf/4.0.2/../../../../arm-elf/lib/thumb/interwork/libc.a(strcmp.o)
 .debug_loc     0x0000117a       0xb4 /cygdrive/C/cygwin/GNUARM/bin/../lib/gcc/arm-elf/4.0.2/../../../../arm-elf/lib/thumb/interwork/libc.a(strcpy.o)
 .debug_loc     0x0000122e       0x3c /cygdrive/C/cygwin/GNUARM/bin/../lib/gcc/arm-elf/4.0.2/../../../../arm-elf/lib/thumb/interwork/libc.a(strlen.o)
 .debug_loc     0x0000126a      0x156 /cygdrive/C/cygwin/GNUARM/bin/../lib/gcc/arm-elf/4.0.2/../../../../arm-elf/lib/thumb/interwork/libc.a(strncpy.o)

.debug_pubnames
                0x00000000      0x10d
 .debug_pubnames
                0x00000000       0x1f /cygdrive/C/cygwin/GNUARM/bin/../lib/gcc/arm-elf/4.0.2/thumb/interwork/libgcc.a(_muldi3.o)
 .debug_pubnames
                0x0000001f       0x1f /cygdrive/C/cygwin/GNUARM/bin/../lib/gcc/arm-elf/4.0.2/thumb/interwork/libgcc.a(_divdi3.o)
 .debug_pubnames
                0x0000003e       0x20 /cygdrive/C/cygwin/GNUARM/bin/../lib/gcc/arm-elf/4.0.2/thumb/interwork/libgcc.a(_clz.o)
 .debug_pubnames
                0x0000005e       0x1d /cygdrive/C/cygwin/GNUARM/bin/../lib/gcc/arm-elf/4.0.2/../../../../arm-elf/lib/thumb/interwork/libc.a(memcpy.o)
 .debug_pubnames
                0x0000007b       0x1d /cygdrive/C/cygwin/GNUARM/bin/../lib/gcc/arm-elf/4.0.2/../../../../arm-elf/lib/thumb/interwork/libc.a(memset.o)
 .debug_pubnames
                0x00000098       0x1d /cygdrive/C/cygwin/GNUARM/bin/../lib/gcc/arm-elf/4.0.2/../../../../arm-elf/lib/thumb/interwork/libc.a(strcmp.o)
 .debug_pubnames
                0x000000b5       0x1d /cygdrive/C/cygwin/GNUARM/bin/../lib/gcc/arm-elf/4.0.2/../../../../arm-elf/lib/thumb/interwork/libc.a(strcpy.o)
 .debug_pubnames
                0x000000d2       0x1d /cygdrive/C/cygwin/GNUARM/bin/../lib/gcc/arm-elf/4.0.2/../../../../arm-elf/lib/thumb/interwork/libc.a(strlen.o)
 .debug_pubnames
                0x000000ef       0x1e /cygdrive/C/cygwin/GNUARM/bin/../lib/gcc/arm-elf/4.0.2/../../../../arm-elf/lib/thumb/interwork/libc.a(strncpy.o)

.debug_ranges   0x00000000      0x1d8
 .debug_ranges  0x00000000       0x30 /cygdrive/C/cygwin/GNUARM/bin/../lib/gcc/arm-elf/4.0.2/thumb/interwork/libgcc.a(_muldi3.o)
 .debug_ranges  0x00000030      0x1a8 /cygdrive/C/cygwin/GNUARM/bin/../lib/gcc/arm-elf/4.0.2/thumb/interwork/libgcc.a(_divdi3.o)

.debug_str      0x00000000      0x38b
 .debug_str     0x00000000       0xfb /cygdrive/C/cygwin/GNUARM/bin/../lib/gcc/arm-elf/4.0.2/thumb/interwork/libgcc.a(_muldi3.o)
                                0x14f (size before relaxing)
 .debug_str     0x000000fb       0x5d /cygdrive/C/cygwin/GNUARM/bin/../lib/gcc/arm-elf/4.0.2/thumb/interwork/libgcc.a(_divdi3.o)
                                0x1a3 (size before relaxing)
 .debug_str     0x00000158        0x0 /cygdrive/C/cygwin/GNUARM/bin/../lib/gcc/arm-elf/4.0.2/thumb/interwork/libgcc.a(_clz.o)
                                0x104 (size before relaxing)
 .debug_str     0x00000158       0xb3 /cygdrive/C/cygwin/GNUARM/bin/../lib/gcc/arm-elf/4.0.2/../../../../arm-elf/lib/thumb/interwork/libc.a(memcpy.o)
                                 0xdf (size before relaxing)
 .debug_str     0x0000020b       0x5a /cygdrive/C/cygwin/GNUARM/bin/../lib/gcc/arm-elf/4.0.2/../../../../arm-elf/lib/thumb/interwork/libc.a(memset.o)
                                0x129 (size before relaxing)
 .debug_str     0x00000265       0x46 /cygdrive/C/cygwin/GNUARM/bin/../lib/gcc/arm-elf/4.0.2/../../../../arm-elf/lib/thumb/interwork/libc.a(strcmp.o)
                                0x10e (size before relaxing)
 .debug_str     0x000002ab       0x46 /cygdrive/C/cygwin/GNUARM/bin/../lib/gcc/arm-elf/4.0.2/../../../../arm-elf/lib/thumb/interwork/libc.a(strcpy.o)
                                0x130 (size before relaxing)
 .debug_str     0x000002f1       0x4c /cygdrive/C/cygwin/GNUARM/bin/../lib/gcc/arm-elf/4.0.2/../../../../arm-elf/lib/thumb/interwork/libc.a(strlen.o)
                                0x128 (size before relaxing)
 .debug_str     0x0000033d       0x4e /cygdrive/C/cygwin/GNUARM/bin/../lib/gcc/arm-elf/4.0.2/../../../../arm-elf/lib/thumb/interwork/libc.a(strncpy.o)
                                0x13f (size before relaxing)

Cross Reference Table

Symbol                                            File
ActivateTask                                      build/kernel/task_manage.o
BT_HAS_RECEIVED_PACKAGE                           build/./kernel_cfg.o
                                                  build/Master_Event.o
BT_IMPLIZIT_MASTER                                build/./kernel_cfg.o
                                                  build/Master_Event.o
BT_IMPLIZIT_MASTER2                               build/./kernel_cfg.o
                                                  build/Master_Event.o
BT_IMPLIZIT_MASTER2_EVENT                         build/./kernel_cfg.o
                                                  build/Master_Event.o
BT_SEND_MY_MESSAGE                                build/./kernel_cfg.o
                                                  build/Master_Event.o
BT_receive_package                                build/RTE_StopSensor_GetSensorValue_OSPort_In.o
                                                  build/Master_Event.o
BT_transmit_package                               build/RTE_StopSensor_GetSensorValue_OSPort_In.o
                                                  build/Master_Event.o
COMSERVICE_receive_package                        build/RTE_StopSensor_GetSensorValue_OSPort_In.o
                                                  build/Master_Event.o
COMSERVICE_transmit_package                       build/RTE_StopSensor_GetSensorValue_OSPort_In.o
                                                  build/Master_Event.o
CancelAlarm                                       build/kernel/alarm.o
ChainTask                                         build/kernel/task_manage.o
ClearEvent                                        build/kernel/event.o
                                                  build/Master_Event.o
DisableAllInterrupts                              build/kernel/interrupt.o
EnableAllInterrupts                               build/kernel/interrupt.o
ErrorHook                                         ../../../../../../../../nxtOSEK/ecrobot/../ecrobot/libecrobot.a(osek_hook.o)
                                                  build/kernel/osctl.o
GetActiveApplicationMode                          build/kernel/osctl.o
GetAlarm                                          build/kernel/alarm.o
GetAlarmBase                                      build/kernel/alarm.o
GetEvent                                          build/kernel/event.o
                                                  build/Master_Event.o
GetResource                                       build/kernel/resource.o
GetTaskID                                         build/kernel/task_manage.o
GetTaskState                                      build/kernel/task_manage.o
InitHook                                          build/./kernel_cfg.o
NXT_Entry_Point                                   build/nxt_entry_point.o
                                                  build/nxt_binary_header.o
Output_Message                                    build/RTE_StopSensor_GetSensorValue_OSPort_In.o
                                                  build/Master_Event.o
PostTaskHook                                      ../../../../../../../../nxtOSEK/ecrobot/../ecrobot/libecrobot.a(osek_hook.o)
                                                  build/config/at91sam7s-gnu/cpu_support.oram
                                                  build/kernel/osctl.o
PreTaskHook                                       ../../../../../../../../nxtOSEK/ecrobot/../ecrobot/libecrobot.a(osek_hook.o)
                                                  build/config/at91sam7s-gnu/cpu_support.oram
                                                  build/kernel/osctl.o
RTE_Output_SetOutput_OSPort_Out                   build/RTE_Output_SetOutput_OSPort_Out.o
RTE_SchussMotor_SetOutputValue_OSPort_Out         build/RTE_SchussMotor_SetOutputValue_OSPort_Out.o
RTE_Schussanlage_SetValue_Sender_Out              build/Master_Event.o
RTE_StartTrigger_GetSensorValue_OSPort_In         build/RTE_StartTrigger_GetSensorValue_OSPort_In.o
RTE_StopSensor_GetSensorValue_OSPort_In           build/RTE_StopSensor_GetSensorValue_OSPort_In.o
RTE_Trigger_GetValue_Receiver_In_EVENT            build/./kernel_cfg.o
                                                  build/Master_Event.o
RTE_Trigger_GetValue_Receiver_In_SPEICHER         build/Master_Event.o
ReleaseResource                                   build/kernel/resource.o
ResumeAllInterrupts                               build/kernel/interrupt.o
ResumeOSInterrupts                                build/kernel/interrupt.o
Schedule                                          build/kernel/task_manage.o
Schussanlage_Runnable                             build/Master_Event.o
Schussanlagen_Task                                build/./kernel_cfg.o
SetAbsAlarm                                       build/kernel/alarm.o
SetEvent                                          build/kernel/event.o
                                                  build/Master_Event.o
SetRelAlarm                                       build/kernel/alarm.o
ShutdownHook                                      ../../../../../../../../nxtOSEK/ecrobot/../ecrobot/libecrobot.a(osek_hook.o)
                                                  build/kernel/osctl.o
ShutdownOS                                        build/kernel/osctl.o
SignalCounter                                     build/kernel/alarm.o
StartOS                                           build/kernel/osctl.o
                                                  build/ecrobot.o
StartupHook                                       ../../../../../../../../nxtOSEK/ecrobot/../ecrobot/libecrobot.a(osek_hook.o)
                                                  build/kernel/osctl.o
SuspendAllInterrupts                              build/kernel/interrupt.o
SuspendOSInterrupts                               build/kernel/interrupt.o
TASK_BT_INTERFACE_READER                          build/./kernel_cfg.o
                                                  build/Master_Event.o
TASK_BT_INTERFACE_WRITER                          build/./kernel_cfg.o
                                                  build/Master_Event.o
TaskMainBT_IMPLIZIT_MASTER                        build/Master_Event.o
                                                  build/./kernel_cfg.o
TaskMainBT_IMPLIZIT_MASTER2                       build/Master_Event.o
                                                  build/./kernel_cfg.o
TaskMainInitHook                                  build/Master_Event.o
                                                  build/./kernel_cfg.o
TaskMainSchussanlagen_Task                        build/Master_Event.o
                                                  build/./kernel_cfg.o
TaskMainTASK_BT_INTERFACE_READER                  build/Master_Event.o
                                                  build/./kernel_cfg.o
TaskMainTASK_BT_INTERFACE_WRITER                  build/Master_Event.o
                                                  build/./kernel_cfg.o
TerminateTask                                     build/kernel/task_manage.o
                                                  build/Master_Event.o
WaitEvent                                         build/kernel/event.o
                                                  build/Master_Event.o
____floatsidf_change_to_arm                       /cygdrive/C/cygwin/GNUARM/bin/../lib/gcc/arm-elf/4.0.2/../../../../arm-elf/lib/thumb/interwork/libc.a(strncpy.o)
____floatsidf_from_thumb                          /cygdrive/C/cygwin/GNUARM/bin/../lib/gcc/arm-elf/4.0.2/../../../../arm-elf/lib/thumb/interwork/libc.a(strncpy.o)
____gtdf2_change_to_arm                           /cygdrive/C/cygwin/GNUARM/bin/../lib/gcc/arm-elf/4.0.2/../../../../arm-elf/lib/thumb/interwork/libc.a(strncpy.o)
____gtdf2_from_thumb                              /cygdrive/C/cygwin/GNUARM/bin/../lib/gcc/arm-elf/4.0.2/../../../../arm-elf/lib/thumb/interwork/libc.a(strncpy.o)
____muldf3_change_to_arm                          /cygdrive/C/cygwin/GNUARM/bin/../lib/gcc/arm-elf/4.0.2/../../../../arm-elf/lib/thumb/interwork/libc.a(strncpy.o)
____muldf3_from_thumb                             /cygdrive/C/cygwin/GNUARM/bin/../lib/gcc/arm-elf/4.0.2/../../../../arm-elf/lib/thumb/interwork/libc.a(strncpy.o)
__adddf3                                          /cygdrive/C/cygwin/GNUARM/bin/../lib/gcc/arm-elf/4.0.2/thumb/interwork/libgcc.a(_addsubdf3.o)
__aeabi_cdcmpeq                                   /cygdrive/C/cygwin/GNUARM/bin/../lib/gcc/arm-elf/4.0.2/thumb/interwork/libgcc.a(_cmpdf2.o)
__aeabi_cdcmple                                   /cygdrive/C/cygwin/GNUARM/bin/../lib/gcc/arm-elf/4.0.2/thumb/interwork/libgcc.a(_cmpdf2.o)
__aeabi_cdrcmple                                  /cygdrive/C/cygwin/GNUARM/bin/../lib/gcc/arm-elf/4.0.2/thumb/interwork/libgcc.a(_cmpdf2.o)
__aeabi_dadd                                      /cygdrive/C/cygwin/GNUARM/bin/../lib/gcc/arm-elf/4.0.2/thumb/interwork/libgcc.a(_addsubdf3.o)
__aeabi_dcmpeq                                    /cygdrive/C/cygwin/GNUARM/bin/../lib/gcc/arm-elf/4.0.2/thumb/interwork/libgcc.a(_cmpdf2.o)
__aeabi_dcmpge                                    /cygdrive/C/cygwin/GNUARM/bin/../lib/gcc/arm-elf/4.0.2/thumb/interwork/libgcc.a(_cmpdf2.o)
__aeabi_dcmpgt                                    /cygdrive/C/cygwin/GNUARM/bin/../lib/gcc/arm-elf/4.0.2/thumb/interwork/libgcc.a(_cmpdf2.o)
__aeabi_dcmple                                    /cygdrive/C/cygwin/GNUARM/bin/../lib/gcc/arm-elf/4.0.2/thumb/interwork/libgcc.a(_cmpdf2.o)
__aeabi_dcmplt                                    /cygdrive/C/cygwin/GNUARM/bin/../lib/gcc/arm-elf/4.0.2/thumb/interwork/libgcc.a(_cmpdf2.o)
__aeabi_ddiv                                      /cygdrive/C/cygwin/GNUARM/bin/../lib/gcc/arm-elf/4.0.2/thumb/interwork/libgcc.a(_muldivdf3.o)
__aeabi_dmul                                      /cygdrive/C/cygwin/GNUARM/bin/../lib/gcc/arm-elf/4.0.2/thumb/interwork/libgcc.a(_muldivdf3.o)
__aeabi_drsub                                     /cygdrive/C/cygwin/GNUARM/bin/../lib/gcc/arm-elf/4.0.2/thumb/interwork/libgcc.a(_addsubdf3.o)
__aeabi_dsub                                      /cygdrive/C/cygwin/GNUARM/bin/../lib/gcc/arm-elf/4.0.2/thumb/interwork/libgcc.a(_addsubdf3.o)
__aeabi_f2d                                       /cygdrive/C/cygwin/GNUARM/bin/../lib/gcc/arm-elf/4.0.2/thumb/interwork/libgcc.a(_addsubdf3.o)
__aeabi_i2d                                       /cygdrive/C/cygwin/GNUARM/bin/../lib/gcc/arm-elf/4.0.2/thumb/interwork/libgcc.a(_addsubdf3.o)
__aeabi_idiv0                                     /cygdrive/C/cygwin/GNUARM/bin/../lib/gcc/arm-elf/4.0.2/thumb/interwork/libgcc.a(_dvmd_tls.o)
__aeabi_idivmod                                   /cygdrive/C/cygwin/GNUARM/bin/../lib/gcc/arm-elf/4.0.2/thumb/interwork/libgcc.a(_divsi3.o)
__aeabi_l2d                                       /cygdrive/C/cygwin/GNUARM/bin/../lib/gcc/arm-elf/4.0.2/thumb/interwork/libgcc.a(_addsubdf3.o)
__aeabi_ldiv0                                     /cygdrive/C/cygwin/GNUARM/bin/../lib/gcc/arm-elf/4.0.2/thumb/interwork/libgcc.a(_dvmd_tls.o)
__aeabi_ui2d                                      /cygdrive/C/cygwin/GNUARM/bin/../lib/gcc/arm-elf/4.0.2/thumb/interwork/libgcc.a(_addsubdf3.o)
__aeabi_uidivmod                                  /cygdrive/C/cygwin/GNUARM/bin/../lib/gcc/arm-elf/4.0.2/thumb/interwork/libgcc.a(_udivsi3.o)
__aeabi_ul2d                                      /cygdrive/C/cygwin/GNUARM/bin/../lib/gcc/arm-elf/4.0.2/thumb/interwork/libgcc.a(_addsubdf3.o)
__bss_end__                                       build/ecrobot_init.o
__bss_start__                                     build/ecrobot_init.o
__call_posttaskhook_from_arm                      /cygdrive/C/cygwin/GNUARM/bin/../lib/gcc/arm-elf/4.0.2/../../../../arm-elf/lib/thumb/interwork/libc.a(strncpy.o)
__call_pretaskhook_from_arm                       /cygdrive/C/cygwin/GNUARM/bin/../lib/gcc/arm-elf/4.0.2/../../../../arm-elf/lib/thumb/interwork/libc.a(strncpy.o)
__clz_tab                                         /cygdrive/C/cygwin/GNUARM/bin/../lib/gcc/arm-elf/4.0.2/thumb/interwork/libgcc.a(_clz.o)
                                                  /cygdrive/C/cygwin/GNUARM/bin/../lib/gcc/arm-elf/4.0.2/thumb/interwork/libgcc.a(_divdi3.o)
__cmpdf2                                          /cygdrive/C/cygwin/GNUARM/bin/../lib/gcc/arm-elf/4.0.2/thumb/interwork/libgcc.a(_cmpdf2.o)
__ctor_begin                                      build/ecrobot_base.o
__ctor_end                                        build/ecrobot_base.o
__data_load_end__                                 build/ecrobot_init.o
__data_load_start__                               build/ecrobot_init.o
__data_ram_start__                                build/ecrobot_init.o
__disable_int_change_to_arm                       /cygdrive/C/cygwin/GNUARM/bin/../lib/gcc/arm-elf/4.0.2/../../../../arm-elf/lib/thumb/interwork/libc.a(strncpy.o)
__disable_int_from_thumb                          /cygdrive/C/cygwin/GNUARM/bin/../lib/gcc/arm-elf/4.0.2/../../../../arm-elf/lib/thumb/interwork/libc.a(strncpy.o)
__dispatch_change_to_arm                          /cygdrive/C/cygwin/GNUARM/bin/../lib/gcc/arm-elf/4.0.2/../../../../arm-elf/lib/thumb/interwork/libc.a(strncpy.o)
__dispatch_from_thumb                             /cygdrive/C/cygwin/GNUARM/bin/../lib/gcc/arm-elf/4.0.2/../../../../arm-elf/lib/thumb/interwork/libc.a(strncpy.o)
__display_bios_status_change_to_arm               /cygdrive/C/cygwin/GNUARM/bin/../lib/gcc/arm-elf/4.0.2/../../../../arm-elf/lib/thumb/interwork/libc.a(strncpy.o)
__display_bios_status_from_thumb                  /cygdrive/C/cygwin/GNUARM/bin/../lib/gcc/arm-elf/4.0.2/../../../../arm-elf/lib/thumb/interwork/libc.a(strncpy.o)
__div0                                            /cygdrive/C/cygwin/GNUARM/bin/../lib/gcc/arm-elf/4.0.2/thumb/interwork/libgcc.a(_dvmd_tls.o)
                                                  /cygdrive/C/cygwin/GNUARM/bin/../lib/gcc/arm-elf/4.0.2/thumb/interwork/libgcc.a(_modsi3.o)
                                                  /cygdrive/C/cygwin/GNUARM/bin/../lib/gcc/arm-elf/4.0.2/thumb/interwork/libgcc.a(_umodsi3.o)
                                                  /cygdrive/C/cygwin/GNUARM/bin/../lib/gcc/arm-elf/4.0.2/thumb/interwork/libgcc.a(_divsi3.o)
                                                  /cygdrive/C/cygwin/GNUARM/bin/../lib/gcc/arm-elf/4.0.2/thumb/interwork/libgcc.a(_udivsi3.o)
__divdf3                                          /cygdrive/C/cygwin/GNUARM/bin/../lib/gcc/arm-elf/4.0.2/thumb/interwork/libgcc.a(_muldivdf3.o)
__divdi3                                          /cygdrive/C/cygwin/GNUARM/bin/../lib/gcc/arm-elf/4.0.2/thumb/interwork/libgcc.a(_divdi3.o)
                                                  ../../../../../../../../nxtOSEK/ecrobot/../ecrobot/libecrobot.a(sound.oram)
__divsi3                                          /cygdrive/C/cygwin/GNUARM/bin/../lib/gcc/arm-elf/4.0.2/thumb/interwork/libgcc.a(_divsi3.o)
                                                  ../../../../../../../../nxtOSEK/ecrobot/../ecrobot/libecrobot.a(sound.oram)
                                                  ../../../../../../../../nxtOSEK/ecrobot/../ecrobot/libecrobot.a(uart.oram)
__dtor_begin                                      build/ecrobot_base.o
__dtor_end                                        build/ecrobot_base.o
__ecrobot_debug1_from_arm                         /cygdrive/C/cygwin/GNUARM/bin/../lib/gcc/arm-elf/4.0.2/../../../../arm-elf/lib/thumb/interwork/libc.a(strncpy.o)
__ecrobot_debug2_from_arm                         /cygdrive/C/cygwin/GNUARM/bin/../lib/gcc/arm-elf/4.0.2/../../../../arm-elf/lib/thumb/interwork/libc.a(strncpy.o)